[0.475s] DEBUG:colcon:Command line arguments: ['/usr/bin/colcon', 'build', '--symlink-install']
[0.475s] DEBUG:colcon:Parsed command line arguments: Namespace(log_base=None, log_level=None, verb_name='build', build_base='build', install_base='install', merge_install=False, symlink_install=True, test_result_base=None, continue_on_error=False, executor='parallel', parallel_workers=4, event_handlers=None, ignore_user_meta=False, metas=['./colcon.meta'], base_paths=['.'], packages_ignore=None, packages_ignore_regex=None, paths=None, packages_up_to=None, packages_up_to_regex=None, packages_above=None, packages_above_and_dependencies=None, packages_above_depth=None, packages_select_by_dep=None, packages_skip_by_dep=None, packages_skip_up_to=None, packages_select_build_failed=False, packages_skip_build_finished=False, packages_select_test_failures=False, packages_skip_test_passed=False, packages_select=None, packages_skip=None, packages_select_regex=None, packages_skip_regex=None, packages_start=None, packages_end=None, allow_overriding=[], cmake_args=None, cmake_target=None, cmake_target_skip_unavailable=False, cmake_clean_cache=False, cmake_clean_first=False, cmake_force_configure=False, ament_cmake_args=None, catkin_cmake_args=None, catkin_skip_building_tests=False, verb_parser=<colcon_defaults.argument_parser.defaults.DefaultArgumentsDecorator object at 0xffff91cc2260>, verb_extension=<colcon_core.verb.build.BuildVerb object at 0xffff91e63610>, main=<bound method BuildVerb.main of <colcon_core.verb.build.BuildVerb object at 0xffff91e63610>>)
[1.499s] Level 1:colcon.colcon_core.package_discovery:discover_packages(colcon_meta) check parameters
[1.500s] Level 1:colcon.colcon_core.package_discovery:discover_packages(recursive) check parameters
[1.500s] Level 1:colcon.colcon_core.package_discovery:discover_packages(ignore) check parameters
[1.500s] Level 1:colcon.colcon_core.package_discovery:discover_packages(path) check parameters
[1.500s] Level 1:colcon.colcon_core.package_discovery:discover_packages(colcon_meta) discover
[1.500s] Level 1:colcon.colcon_core.package_discovery:discover_packages(recursive) discover
[1.500s] INFO:colcon.colcon_core.package_discovery:Crawling recursively for packages in '/home/ubuntu/spas_ws'
[1.501s] Level 1:colcon.colcon_core.package_identification:_identify(.) by extensions ['ignore', 'ignore_ament_install']
[1.501s] Level 1:colcon.colcon_core.package_identification:_identify(.) by extension 'ignore'
[1.501s] Level 1:colcon.colcon_core.package_identification:_identify(.) by extension 'ignore_ament_install'
[1.502s] Level 1:colcon.colcon_core.package_identification:_identify(.) by extensions ['colcon_pkg']
[1.502s] Level 1:colcon.colcon_core.package_identification:_identify(.) by extension 'colcon_pkg'
[1.502s] Level 1:colcon.colcon_core.package_identification:_identify(.) by extensions ['colcon_meta']
[1.502s] Level 1:colcon.colcon_core.package_identification:_identify(.) by extension 'colcon_meta'
[1.502s] Level 1:colcon.colcon_core.package_identification:_identify(.) by extensions ['ros']
[1.502s] Level 1:colcon.colcon_core.package_identification:_identify(.) by extension 'ros'
[1.583s] Level 1:colcon.colcon_core.package_identification:_identify(.) by extensions ['cmake', 'python']
[1.583s] Level 1:colcon.colcon_core.package_identification:_identify(.) by extension 'cmake'
[1.583s] Level 1:colcon.colcon_core.package_identification:_identify(.) by extension 'python'
[1.583s] Level 1:colcon.colcon_core.package_identification:_identify(.) by extensions ['python_setup_py']
[1.583s] Level 1:colcon.colcon_core.package_identification:_identify(.) by extension 'python_setup_py'
[1.584s] Level 1:colcon.colcon_core.package_identification:_identify(build) by extensions ['ignore', 'ignore_ament_install']
[1.584s] Level 1:colcon.colcon_core.package_identification:_identify(build) by extension 'ignore'
[1.585s] Level 1:colcon.colcon_core.package_identification:_identify(build) ignored
[1.585s] Level 1:colcon.colcon_core.package_identification:_identify(install) by extensions ['ignore', 'ignore_ament_install']
[1.586s] Level 1:colcon.colcon_core.package_identification:_identify(install) by extension 'ignore'
[1.586s] Level 1:colcon.colcon_core.package_identification:_identify(install) ignored
[1.587s] Level 1:colcon.colcon_core.package_identification:_identify(log) by extensions ['ignore', 'ignore_ament_install']
[1.587s] Level 1:colcon.colcon_core.package_identification:_identify(log) by extension 'ignore'
[1.587s] Level 1:colcon.colcon_core.package_identification:_identify(log) ignored
[1.588s] Level 1:colcon.colcon_core.package_identification:_identify(maps) by extensions ['ignore', 'ignore_ament_install']
[1.588s] Level 1:colcon.colcon_core.package_identification:_identify(maps) by extension 'ignore'
[1.589s] Level 1:colcon.colcon_core.package_identification:_identify(maps) by extension 'ignore_ament_install'
[1.589s] Level 1:colcon.colcon_core.package_identification:_identify(maps) by extensions ['colcon_pkg']
[1.589s] Level 1:colcon.colcon_core.package_identification:_identify(maps) by extension 'colcon_pkg'
[1.589s] Level 1:colcon.colcon_core.package_identification:_identify(maps) by extensions ['colcon_meta']
[1.589s] Level 1:colcon.colcon_core.package_identification:_identify(maps) by extension 'colcon_meta'
[1.589s] Level 1:colcon.colcon_core.package_identification:_identify(maps) by extensions ['ros']
[1.590s] Level 1:colcon.colcon_core.package_identification:_identify(maps) by extension 'ros'
[1.590s] Level 1:colcon.colcon_core.package_identification:_identify(maps) by extensions ['cmake', 'python']
[1.590s] Level 1:colcon.colcon_core.package_identification:_identify(maps) by extension 'cmake'
[1.590s] Level 1:colcon.colcon_core.package_identification:_identify(maps) by extension 'python'
[1.590s] Level 1:colcon.colcon_core.package_identification:_identify(maps) by extensions ['python_setup_py']
[1.591s] Level 1:colcon.colcon_core.package_identification:_identify(maps) by extension 'python_setup_py'
[1.591s] Level 1:colcon.colcon_core.package_identification:_identify(src) by extensions ['ignore', 'ignore_ament_install']
[1.591s] Level 1:colcon.colcon_core.package_identification:_identify(src) by extension 'ignore'
[1.591s] Level 1:colcon.colcon_core.package_identification:_identify(src) by extension 'ignore_ament_install'
[1.592s] Level 1:colcon.colcon_core.package_identification:_identify(src) by extensions ['colcon_pkg']
[1.592s] Level 1:colcon.colcon_core.package_identification:_identify(src) by extension 'colcon_pkg'
[1.592s] Level 1:colcon.colcon_core.package_identification:_identify(src) by extensions ['colcon_meta']
[1.592s] Level 1:colcon.colcon_core.package_identification:_identify(src) by extension 'colcon_meta'
[1.592s] Level 1:colcon.colcon_core.package_identification:_identify(src) by extensions ['ros']
[1.592s] Level 1:colcon.colcon_core.package_identification:_identify(src) by extension 'ros'
[1.593s] Level 1:colcon.colcon_core.package_identification:_identify(src) by extensions ['cmake', 'python']
[1.593s] Level 1:colcon.colcon_core.package_identification:_identify(src) by extension 'cmake'
[1.593s] Level 1:colcon.colcon_core.package_identification:_identify(src) by extension 'python'
[1.593s] Level 1:colcon.colcon_core.package_identification:_identify(src) by extensions ['python_setup_py']
[1.593s] Level 1:colcon.colcon_core.package_identification:_identify(src) by extension 'python_setup_py'
[1.594s] Level 1:colcon.colcon_core.package_identification:_identify(src/slam_toolbox) by extensions ['ignore', 'ignore_ament_install']
[1.594s] Level 1:colcon.colcon_core.package_identification:_identify(src/slam_toolbox) by extension 'ignore'
[1.594s] Level 1:colcon.colcon_core.package_identification:_identify(src/slam_toolbox) by extension 'ignore_ament_install'
[1.595s] Level 1:colcon.colcon_core.package_identification:_identify(src/slam_toolbox) by extensions ['colcon_pkg']
[1.595s] Level 1:colcon.colcon_core.package_identification:_identify(src/slam_toolbox) by extension 'colcon_pkg'
[1.595s] Level 1:colcon.colcon_core.package_identification:_identify(src/slam_toolbox) by extensions ['colcon_meta']
[1.595s] Level 1:colcon.colcon_core.package_identification:_identify(src/slam_toolbox) by extension 'colcon_meta'
[1.595s] Level 1:colcon.colcon_core.package_identification:_identify(src/slam_toolbox) by extensions ['ros']
[1.595s] Level 1:colcon.colcon_core.package_identification:_identify(src/slam_toolbox) by extension 'ros'
[1.608s] DEBUG:colcon.colcon_core.package_identification:Package 'src/slam_toolbox' with type 'ros.ament_cmake' and name 'slam_toolbox'
[1.609s] Level 1:colcon.colcon_core.package_identification:_identify(src/sllidar_ros2) by extensions ['ignore', 'ignore_ament_install']
[1.610s] Level 1:colcon.colcon_core.package_identification:_identify(src/sllidar_ros2) by extension 'ignore'
[1.610s] Level 1:colcon.colcon_core.package_identification:_identify(src/sllidar_ros2) by extension 'ignore_ament_install'
[1.610s] Level 1:colcon.colcon_core.package_identification:_identify(src/sllidar_ros2) by extensions ['colcon_pkg']
[1.610s] Level 1:colcon.colcon_core.package_identification:_identify(src/sllidar_ros2) by extension 'colcon_pkg'
[1.610s] Level 1:colcon.colcon_core.package_identification:_identify(src/sllidar_ros2) by extensions ['colcon_meta']
[1.611s] Level 1:colcon.colcon_core.package_identification:_identify(src/sllidar_ros2) by extension 'colcon_meta'
[1.611s] Level 1:colcon.colcon_core.package_identification:_identify(src/sllidar_ros2) by extensions ['ros']
[1.611s] Level 1:colcon.colcon_core.package_identification:_identify(src/sllidar_ros2) by extension 'ros'
[1.614s] DEBUG:colcon.colcon_core.package_identification:Package 'src/sllidar_ros2' with type 'ros.ament_cmake' and name 'sllidar_ros2'
[1.614s] Level 1:colcon.colcon_core.package_identification:_identify(src/spas_bringup) by extensions ['ignore', 'ignore_ament_install']
[1.615s] Level 1:colcon.colcon_core.package_identification:_identify(src/spas_bringup) by extension 'ignore'
[1.615s] Level 1:colcon.colcon_core.package_identification:_identify(src/spas_bringup) by extension 'ignore_ament_install'
[1.615s] Level 1:colcon.colcon_core.package_identification:_identify(src/spas_bringup) by extensions ['colcon_pkg']
[1.615s] Level 1:colcon.colcon_core.package_identification:_identify(src/spas_bringup) by extension 'colcon_pkg'
[1.615s] Level 1:colcon.colcon_core.package_identification:_identify(src/spas_bringup) by extensions ['colcon_meta']
[1.616s] Level 1:colcon.colcon_core.package_identification:_identify(src/spas_bringup) by extension 'colcon_meta'
[1.616s] Level 1:colcon.colcon_core.package_identification:_identify(src/spas_bringup) by extensions ['ros']
[1.616s] Level 1:colcon.colcon_core.package_identification:_identify(src/spas_bringup) by extension 'ros'
[1.618s] DEBUG:colcon.colcon_core.package_identification:Package 'src/spas_bringup' with type 'ros.ament_cmake' and name 'spas_bringup'
[1.619s] Level 1:colcon.colcon_core.package_identification:_identify(src/spas_control) by extensions ['ignore', 'ignore_ament_install']
[1.619s] Level 1:colcon.colcon_core.package_identification:_identify(src/spas_control) by extension 'ignore'
[1.620s] Level 1:colcon.colcon_core.package_identification:_identify(src/spas_control) by extension 'ignore_ament_install'
[1.620s] Level 1:colcon.colcon_core.package_identification:_identify(src/spas_control) by extensions ['colcon_pkg']
[1.620s] Level 1:colcon.colcon_core.package_identification:_identify(src/spas_control) by extension 'colcon_pkg'
[1.620s] Level 1:colcon.colcon_core.package_identification:_identify(src/spas_control) by extensions ['colcon_meta']
[1.620s] Level 1:colcon.colcon_core.package_identification:_identify(src/spas_control) by extension 'colcon_meta'
[1.620s] Level 1:colcon.colcon_core.package_identification:_identify(src/spas_control) by extensions ['ros']
[1.621s] Level 1:colcon.colcon_core.package_identification:_identify(src/spas_control) by extension 'ros'
[1.623s] DEBUG:colcon.colcon_core.package_identification:Package 'src/spas_control' with type 'ros.ament_python' and name 'spas_control'
[1.623s] Level 1:colcon.colcon_core.package_identification:_identify(src/spas_perception) by extensions ['ignore', 'ignore_ament_install']
[1.624s] Level 1:colcon.colcon_core.package_identification:_identify(src/spas_perception) by extension 'ignore'
[1.624s] Level 1:colcon.colcon_core.package_identification:_identify(src/spas_perception) by extension 'ignore_ament_install'
[1.624s] Level 1:colcon.colcon_core.package_identification:_identify(src/spas_perception) by extensions ['colcon_pkg']
[1.624s] Level 1:colcon.colcon_core.package_identification:_identify(src/spas_perception) by extension 'colcon_pkg'
[1.625s] Level 1:colcon.colcon_core.package_identification:_identify(src/spas_perception) by extensions ['colcon_meta']
[1.625s] Level 1:colcon.colcon_core.package_identification:_identify(src/spas_perception) by extension 'colcon_meta'
[1.625s] Level 1:colcon.colcon_core.package_identification:_identify(src/spas_perception) by extensions ['ros']
[1.625s] Level 1:colcon.colcon_core.package_identification:_identify(src/spas_perception) by extension 'ros'
[1.627s] DEBUG:colcon.colcon_core.package_identification:Package 'src/spas_perception' with type 'ros.ament_python' and name 'spas_perception'
[1.628s] Level 1:colcon.colcon_core.package_identification:_identify(src/spas_planning) by extensions ['ignore', 'ignore_ament_install']
[1.628s] Level 1:colcon.colcon_core.package_identification:_identify(src/spas_planning) by extension 'ignore'
[1.628s] Level 1:colcon.colcon_core.package_identification:_identify(src/spas_planning) by extension 'ignore_ament_install'
[1.629s] Level 1:colcon.colcon_core.package_identification:_identify(src/spas_planning) by extensions ['colcon_pkg']
[1.629s] Level 1:colcon.colcon_core.package_identification:_identify(src/spas_planning) by extension 'colcon_pkg'
[1.629s] Level 1:colcon.colcon_core.package_identification:_identify(src/spas_planning) by extensions ['colcon_meta']
[1.629s] Level 1:colcon.colcon_core.package_identification:_identify(src/spas_planning) by extension 'colcon_meta'
[1.629s] Level 1:colcon.colcon_core.package_identification:_identify(src/spas_planning) by extensions ['ros']
[1.629s] Level 1:colcon.colcon_core.package_identification:_identify(src/spas_planning) by extension 'ros'
[1.632s] DEBUG:colcon.colcon_core.package_identification:Package 'src/spas_planning' with type 'ros.ament_python' and name 'spas_planning'
[1.632s] Level 1:colcon.colcon_core.package_discovery:discover_packages(recursive) using defaults
[1.632s] Level 1:colcon.colcon_core.package_discovery:discover_packages(ignore) discover
[1.632s] Level 1:colcon.colcon_core.package_discovery:discover_packages(ignore) using defaults
[1.633s] Level 1:colcon.colcon_core.package_discovery:discover_packages(path) discover
[1.633s] Level 1:colcon.colcon_core.package_discovery:discover_packages(path) using defaults
[1.720s] Level 1:colcon.colcon_core.package_discovery:discover_packages(prefix_path) check parameters
[1.720s] Level 1:colcon.colcon_core.package_discovery:discover_packages(prefix_path) discover
[1.731s] DEBUG:colcon.colcon_installed_package_information.package_discovery:Found 6 installed packages in /home/ubuntu/spas_ws/install
[1.743s] DEBUG:colcon.colcon_installed_package_information.package_discovery:Found 372 installed packages in /opt/ros/humble
[1.755s] Level 1:colcon.colcon_core.package_discovery:discover_packages(prefix_path) using defaults
[1.963s] WARNING:colcon.colcon_core.package_selection:Some selected packages are already built in one or more underlay workspaces:
	'slam_toolbox' is in: /home/ubuntu/spas_ws/install/slam_toolbox, /opt/ros/humble
If a package in a merged underlay workspace is overridden and it installs headers, then all packages in the overlay must sort their include directories by workspace order. Failure to do so may result in build failures or undefined behavior at run time.
If the overridden package is used by another package in any underlay, then the overriding package in the overlay must be API and ABI compatible or undefined behavior at run time may occur.

If you understand the risks and want to override a package anyways, add the following to the command line:
	--allow-overriding slam_toolbox

This may be promoted to an error in a future release of colcon-override-check.
[1.967s] Level 5:colcon.colcon_core.verb:set package 'slam_toolbox' build argument 'cmake_args' from command line to 'None'
[1.968s] Level 5:colcon.colcon_core.verb:set package 'slam_toolbox' build argument 'cmake_target' from command line to 'None'
[1.968s] Level 5:colcon.colcon_core.verb:set package 'slam_toolbox' build argument 'cmake_target_skip_unavailable' from command line to 'False'
[1.968s] Level 5:colcon.colcon_core.verb:set package 'slam_toolbox' build argument 'cmake_clean_cache' from command line to 'False'
[1.968s] Level 5:colcon.colcon_core.verb:set package 'slam_toolbox' build argument 'cmake_clean_first' from command line to 'False'
[1.968s] Level 5:colcon.colcon_core.verb:set package 'slam_toolbox' build argument 'cmake_force_configure' from command line to 'False'
[1.968s] Level 5:colcon.colcon_core.verb:set package 'slam_toolbox' build argument 'ament_cmake_args' from command line to 'None'
[1.968s] Level 5:colcon.colcon_core.verb:set package 'slam_toolbox' build argument 'catkin_cmake_args' from command line to 'None'
[1.968s] Level 5:colcon.colcon_core.verb:set package 'slam_toolbox' build argument 'catkin_skip_building_tests' from command line to 'False'
[1.968s] DEBUG:colcon.colcon_core.verb:Building package 'slam_toolbox' with the following arguments: {'ament_cmake_args': None, 'build_base': '/home/ubuntu/spas_ws/build/slam_toolbox', 'catkin_cmake_args': None, 'catkin_skip_building_tests': False, 'cmake_args': None, 'cmake_clean_cache': False, 'cmake_clean_first': False, 'cmake_force_configure': False, 'cmake_target': None, 'cmake_target_skip_unavailable': False, 'install_base': '/home/ubuntu/spas_ws/install/slam_toolbox', 'merge_install': False, 'path': '/home/ubuntu/spas_ws/src/slam_toolbox', 'symlink_install': True, 'test_result_base': None}
[1.970s] Level 5:colcon.colcon_core.verb:set package 'sllidar_ros2' build argument 'cmake_args' from command line to 'None'
[1.970s] Level 5:colcon.colcon_core.verb:set package 'sllidar_ros2' build argument 'cmake_target' from command line to 'None'
[1.970s] Level 5:colcon.colcon_core.verb:set package 'sllidar_ros2' build argument 'cmake_target_skip_unavailable' from command line to 'False'
[1.971s] Level 5:colcon.colcon_core.verb:set package 'sllidar_ros2' build argument 'cmake_clean_cache' from command line to 'False'
[1.971s] Level 5:colcon.colcon_core.verb:set package 'sllidar_ros2' build argument 'cmake_clean_first' from command line to 'False'
[1.971s] Level 5:colcon.colcon_core.verb:set package 'sllidar_ros2' build argument 'cmake_force_configure' from command line to 'False'
[1.971s] Level 5:colcon.colcon_core.verb:set package 'sllidar_ros2' build argument 'ament_cmake_args' from command line to 'None'
[1.971s] Level 5:colcon.colcon_core.verb:set package 'sllidar_ros2' build argument 'catkin_cmake_args' from command line to 'None'
[1.971s] Level 5:colcon.colcon_core.verb:set package 'sllidar_ros2' build argument 'catkin_skip_building_tests' from command line to 'False'
[1.971s] DEBUG:colcon.colcon_core.verb:Building package 'sllidar_ros2' with the following arguments: {'ament_cmake_args': None, 'build_base': '/home/ubuntu/spas_ws/build/sllidar_ros2', 'catkin_cmake_args': None, 'catkin_skip_building_tests': False, 'cmake_args': None, 'cmake_clean_cache': False, 'cmake_clean_first': False, 'cmake_force_configure': False, 'cmake_target': None, 'cmake_target_skip_unavailable': False, 'install_base': '/home/ubuntu/spas_ws/install/sllidar_ros2', 'merge_install': False, 'path': '/home/ubuntu/spas_ws/src/sllidar_ros2', 'symlink_install': True, 'test_result_base': None}
[1.973s] Level 5:colcon.colcon_core.verb:set package 'spas_control' build argument 'cmake_args' from command line to 'None'
[1.973s] Level 5:colcon.colcon_core.verb:set package 'spas_control' build argument 'cmake_target' from command line to 'None'
[1.973s] Level 5:colcon.colcon_core.verb:set package 'spas_control' build argument 'cmake_target_skip_unavailable' from command line to 'False'
[1.973s] Level 5:colcon.colcon_core.verb:set package 'spas_control' build argument 'cmake_clean_cache' from command line to 'False'
[1.974s] Level 5:colcon.colcon_core.verb:set package 'spas_control' build argument 'cmake_clean_first' from command line to 'False'
[1.974s] Level 5:colcon.colcon_core.verb:set package 'spas_control' build argument 'cmake_force_configure' from command line to 'False'
[1.974s] Level 5:colcon.colcon_core.verb:set package 'spas_control' build argument 'ament_cmake_args' from command line to 'None'
[1.974s] Level 5:colcon.colcon_core.verb:set package 'spas_control' build argument 'catkin_cmake_args' from command line to 'None'
[1.974s] Level 5:colcon.colcon_core.verb:set package 'spas_control' build argument 'catkin_skip_building_tests' from command line to 'False'
[1.974s] DEBUG:colcon.colcon_core.verb:Building package 'spas_control' with the following arguments: {'ament_cmake_args': None, 'build_base': '/home/ubuntu/spas_ws/build/spas_control', 'catkin_cmake_args': None, 'catkin_skip_building_tests': False, 'cmake_args': None, 'cmake_clean_cache': False, 'cmake_clean_first': False, 'cmake_force_configure': False, 'cmake_target': None, 'cmake_target_skip_unavailable': False, 'install_base': '/home/ubuntu/spas_ws/install/spas_control', 'merge_install': False, 'path': '/home/ubuntu/spas_ws/src/spas_control', 'symlink_install': True, 'test_result_base': None}
[1.975s] Level 5:colcon.colcon_core.verb:set package 'spas_perception' build argument 'cmake_args' from command line to 'None'
[1.976s] Level 5:colcon.colcon_core.verb:set package 'spas_perception' build argument 'cmake_target' from command line to 'None'
[1.976s] Level 5:colcon.colcon_core.verb:set package 'spas_perception' build argument 'cmake_target_skip_unavailable' from command line to 'False'
[1.976s] Level 5:colcon.colcon_core.verb:set package 'spas_perception' build argument 'cmake_clean_cache' from command line to 'False'
[1.976s] Level 5:colcon.colcon_core.verb:set package 'spas_perception' build argument 'cmake_clean_first' from command line to 'False'
[1.976s] Level 5:colcon.colcon_core.verb:set package 'spas_perception' build argument 'cmake_force_configure' from command line to 'False'
[1.976s] Level 5:colcon.colcon_core.verb:set package 'spas_perception' build argument 'ament_cmake_args' from command line to 'None'
[1.976s] Level 5:colcon.colcon_core.verb:set package 'spas_perception' build argument 'catkin_cmake_args' from command line to 'None'
[1.976s] Level 5:colcon.colcon_core.verb:set package 'spas_perception' build argument 'catkin_skip_building_tests' from command line to 'False'
[1.976s] DEBUG:colcon.colcon_core.verb:Building package 'spas_perception' with the following arguments: {'ament_cmake_args': None, 'build_base': '/home/ubuntu/spas_ws/build/spas_perception', 'catkin_cmake_args': None, 'catkin_skip_building_tests': False, 'cmake_args': None, 'cmake_clean_cache': False, 'cmake_clean_first': False, 'cmake_force_configure': False, 'cmake_target': None, 'cmake_target_skip_unavailable': False, 'install_base': '/home/ubuntu/spas_ws/install/spas_perception', 'merge_install': False, 'path': '/home/ubuntu/spas_ws/src/spas_perception', 'symlink_install': True, 'test_result_base': None}
[1.978s] Level 5:colcon.colcon_core.verb:set package 'spas_planning' build argument 'cmake_args' from command line to 'None'
[1.978s] Level 5:colcon.colcon_core.verb:set package 'spas_planning' build argument 'cmake_target' from command line to 'None'
[1.978s] Level 5:colcon.colcon_core.verb:set package 'spas_planning' build argument 'cmake_target_skip_unavailable' from command line to 'False'
[1.978s] Level 5:colcon.colcon_core.verb:set package 'spas_planning' build argument 'cmake_clean_cache' from command line to 'False'
[1.978s] Level 5:colcon.colcon_core.verb:set package 'spas_planning' build argument 'cmake_clean_first' from command line to 'False'
[1.978s] Level 5:colcon.colcon_core.verb:set package 'spas_planning' build argument 'cmake_force_configure' from command line to 'False'
[1.978s] Level 5:colcon.colcon_core.verb:set package 'spas_planning' build argument 'ament_cmake_args' from command line to 'None'
[1.979s] Level 5:colcon.colcon_core.verb:set package 'spas_planning' build argument 'catkin_cmake_args' from command line to 'None'
[1.979s] Level 5:colcon.colcon_core.verb:set package 'spas_planning' build argument 'catkin_skip_building_tests' from command line to 'False'
[1.979s] DEBUG:colcon.colcon_core.verb:Building package 'spas_planning' with the following arguments: {'ament_cmake_args': None, 'build_base': '/home/ubuntu/spas_ws/build/spas_planning', 'catkin_cmake_args': None, 'catkin_skip_building_tests': False, 'cmake_args': None, 'cmake_clean_cache': False, 'cmake_clean_first': False, 'cmake_force_configure': False, 'cmake_target': None, 'cmake_target_skip_unavailable': False, 'install_base': '/home/ubuntu/spas_ws/install/spas_planning', 'merge_install': False, 'path': '/home/ubuntu/spas_ws/src/spas_planning', 'symlink_install': True, 'test_result_base': None}
[1.980s] Level 5:colcon.colcon_core.verb:set package 'spas_bringup' build argument 'cmake_args' from command line to 'None'
[1.980s] Level 5:colcon.colcon_core.verb:set package 'spas_bringup' build argument 'cmake_target' from command line to 'None'
[1.980s] Level 5:colcon.colcon_core.verb:set package 'spas_bringup' build argument 'cmake_target_skip_unavailable' from command line to 'False'
[1.981s] Level 5:colcon.colcon_core.verb:set package 'spas_bringup' build argument 'cmake_clean_cache' from command line to 'False'
[1.981s] Level 5:colcon.colcon_core.verb:set package 'spas_bringup' build argument 'cmake_clean_first' from command line to 'False'
[1.981s] Level 5:colcon.colcon_core.verb:set package 'spas_bringup' build argument 'cmake_force_configure' from command line to 'False'
[1.981s] Level 5:colcon.colcon_core.verb:set package 'spas_bringup' build argument 'ament_cmake_args' from command line to 'None'
[1.981s] Level 5:colcon.colcon_core.verb:set package 'spas_bringup' build argument 'catkin_cmake_args' from command line to 'None'
[1.981s] Level 5:colcon.colcon_core.verb:set package 'spas_bringup' build argument 'catkin_skip_building_tests' from command line to 'False'
[1.981s] DEBUG:colcon.colcon_core.verb:Building package 'spas_bringup' with the following arguments: {'ament_cmake_args': None, 'build_base': '/home/ubuntu/spas_ws/build/spas_bringup', 'catkin_cmake_args': None, 'catkin_skip_building_tests': False, 'cmake_args': None, 'cmake_clean_cache': False, 'cmake_clean_first': False, 'cmake_force_configure': False, 'cmake_target': None, 'cmake_target_skip_unavailable': False, 'install_base': '/home/ubuntu/spas_ws/install/spas_bringup', 'merge_install': False, 'path': '/home/ubuntu/spas_ws/src/spas_bringup', 'symlink_install': True, 'test_result_base': None}
[1.982s] INFO:colcon.colcon_core.executor:Executing jobs using 'parallel' executor
[1.985s] DEBUG:colcon.colcon_parallel_executor.executor.parallel:run_until_complete
[1.986s] INFO:colcon.colcon_ros.task.ament_cmake.build:Building ROS package in '/home/ubuntu/spas_ws/src/slam_toolbox' with build type 'ament_cmake'
[1.987s] INFO:colcon.colcon_cmake.task.cmake.build:Building CMake package in '/home/ubuntu/spas_ws/src/slam_toolbox'
[1.997s] INFO:colcon.colcon_core.plugin_system:Skipping extension 'colcon_core.shell.bat': Not used on non-Windows systems
[1.998s] INFO:colcon.colcon_core.shell:Skip shell extension 'powershell' for command environment: Not usable outside of PowerShell
[1.998s] DEBUG:colcon.colcon_core.shell:Skip shell extension 'dsv' for command environment
[2.022s] INFO:colcon.colcon_ros.task.ament_cmake.build:Building ROS package in '/home/ubuntu/spas_ws/src/sllidar_ros2' with build type 'ament_cmake'
[2.023s] INFO:colcon.colcon_cmake.task.cmake.build:Building CMake package in '/home/ubuntu/spas_ws/src/sllidar_ros2'
[2.024s] INFO:colcon.colcon_core.shell:Skip shell extension 'powershell' for command environment: Not usable outside of PowerShell
[2.025s] DEBUG:colcon.colcon_core.shell:Skip shell extension 'dsv' for command environment
[2.050s] INFO:colcon.colcon_ros.task.ament_python.build:Building ROS package in '/home/ubuntu/spas_ws/src/spas_control' with build type 'ament_python'
[2.050s] Level 1:colcon.colcon_core.shell:create_environment_hook('spas_control', 'ament_prefix_path')
[2.052s] INFO:colcon.colcon_core.shell:Creating environment hook '/home/ubuntu/spas_ws/install/spas_control/share/spas_control/hook/ament_prefix_path.ps1'
[2.055s] INFO:colcon.colcon_core.shell:Creating environment descriptor '/home/ubuntu/spas_ws/install/spas_control/share/spas_control/hook/ament_prefix_path.dsv'
[2.058s] INFO:colcon.colcon_core.shell:Creating environment hook '/home/ubuntu/spas_ws/install/spas_control/share/spas_control/hook/ament_prefix_path.sh'
[2.062s] INFO:colcon.colcon_core.shell:Skip shell extension 'powershell' for command environment: Not usable outside of PowerShell
[2.063s] DEBUG:colcon.colcon_core.shell:Skip shell extension 'dsv' for command environment
[2.086s] INFO:colcon.colcon_ros.task.ament_python.build:Building ROS package in '/home/ubuntu/spas_ws/src/spas_perception' with build type 'ament_python'
[2.088s] Level 1:colcon.colcon_core.shell:create_environment_hook('spas_perception', 'ament_prefix_path')
[2.090s] INFO:colcon.colcon_core.shell:Creating environment hook '/home/ubuntu/spas_ws/install/spas_perception/share/spas_perception/hook/ament_prefix_path.ps1'
[2.095s] INFO:colcon.colcon_core.shell:Creating environment descriptor '/home/ubuntu/spas_ws/install/spas_perception/share/spas_perception/hook/ament_prefix_path.dsv'
[2.097s] INFO:colcon.colcon_core.shell:Creating environment hook '/home/ubuntu/spas_ws/install/spas_perception/share/spas_perception/hook/ament_prefix_path.sh'
[2.101s] INFO:colcon.colcon_core.shell:Skip shell extension 'powershell' for command environment: Not usable outside of PowerShell
[2.101s] DEBUG:colcon.colcon_core.shell:Skip shell extension 'dsv' for command environment
[2.148s] DEBUG:colcon.colcon_core.event_handler.log_command:Invoking command in '/home/ubuntu/spas_ws/build/slam_toolbox': CMAKE_PREFIX_PATH=${CMAKE_PREFIX_PATH}:/home/ubuntu/spas_ws/install/spas_planning:/home/ubuntu/spas_ws/install/spas_perception:/home/ubuntu/spas_ws/install/spas_control:/opt/ros/humble /usr/bin/cmake --build /home/ubuntu/spas_ws/build/slam_toolbox -- -j4 -l4
[2.175s] DEBUG:colcon.colcon_core.event_handler.log_command:Invoking command in '/home/ubuntu/spas_ws/build/sllidar_ros2': CMAKE_PREFIX_PATH=${CMAKE_PREFIX_PATH}:/home/ubuntu/spas_ws/install/spas_planning:/home/ubuntu/spas_ws/install/spas_perception:/home/ubuntu/spas_ws/install/spas_control:/opt/ros/humble /usr/bin/cmake --build /home/ubuntu/spas_ws/build/sllidar_ros2 -- -j4 -l4
[4.436s] INFO:colcon.colcon_core.task.python.build:Building Python package in '/home/ubuntu/spas_ws/src/spas_control'
[4.438s] INFO:colcon.colcon_core.shell:Skip shell extension 'powershell' for command environment: Not usable outside of PowerShell
[4.439s] DEBUG:colcon.colcon_core.shell:Skip shell extension 'dsv' for command environment
[6.171s] INFO:colcon.colcon_core.task.python.build:Building Python package in '/home/ubuntu/spas_ws/src/spas_perception'
[6.172s] INFO:colcon.colcon_core.shell:Skip shell extension 'powershell' for command environment: Not usable outside of PowerShell
[6.172s] DEBUG:colcon.colcon_core.shell:Skip shell extension 'dsv' for command environment
[6.206s] DEBUG:colcon.colcon_core.event_handler.log_command:Invoked command in '/home/ubuntu/spas_ws/build/sllidar_ros2' returned '0': CMAKE_PREFIX_PATH=${CMAKE_PREFIX_PATH}:/home/ubuntu/spas_ws/install/spas_planning:/home/ubuntu/spas_ws/install/spas_perception:/home/ubuntu/spas_ws/install/spas_control:/opt/ros/humble /usr/bin/cmake --build /home/ubuntu/spas_ws/build/sllidar_ros2 -- -j4 -l4
[6.251s] DEBUG:colcon.colcon_core.event_handler.log_command:Invoking command in '/home/ubuntu/spas_ws/build/sllidar_ros2': CMAKE_PREFIX_PATH=${CMAKE_PREFIX_PATH}:/home/ubuntu/spas_ws/install/spas_planning:/home/ubuntu/spas_ws/install/spas_perception:/home/ubuntu/spas_ws/install/spas_control:/opt/ros/humble /usr/bin/cmake --install /home/ubuntu/spas_ws/build/sllidar_ros2
[6.257s] DEBUG:colcon.colcon_core.event_handler.log_command:Invoked command in '/home/ubuntu/spas_ws/build/slam_toolbox' returned '0': CMAKE_PREFIX_PATH=${CMAKE_PREFIX_PATH}:/home/ubuntu/spas_ws/install/spas_planning:/home/ubuntu/spas_ws/install/spas_perception:/home/ubuntu/spas_ws/install/spas_control:/opt/ros/humble /usr/bin/cmake --build /home/ubuntu/spas_ws/build/slam_toolbox -- -j4 -l4
[6.270s] DEBUG:colcon.colcon_core.event_handler.log_command:Invoking command in '/home/ubuntu/spas_ws/build/slam_toolbox': CMAKE_PREFIX_PATH=${CMAKE_PREFIX_PATH}:/home/ubuntu/spas_ws/install/spas_planning:/home/ubuntu/spas_ws/install/spas_perception:/home/ubuntu/spas_ws/install/spas_control:/opt/ros/humble /usr/bin/cmake --install /home/ubuntu/spas_ws/build/slam_toolbox
[6.406s] Level 1:colcon.colcon_core.environment:create_environment_scripts_only(sllidar_ros2)
[6.419s] DEBUG:colcon.colcon_core.event_handler.log_command:Invoked command in '/home/ubuntu/spas_ws/build/sllidar_ros2' returned '0': CMAKE_PREFIX_PATH=${CMAKE_PREFIX_PATH}:/home/ubuntu/spas_ws/install/spas_planning:/home/ubuntu/spas_ws/install/spas_perception:/home/ubuntu/spas_ws/install/spas_control:/opt/ros/humble /usr/bin/cmake --install /home/ubuntu/spas_ws/build/sllidar_ros2
[6.447s] Level 1:colcon.colcon_core.environment:checking '/home/ubuntu/spas_ws/install/sllidar_ros2' for CMake module files
[6.460s] Level 1:colcon.colcon_core.environment:checking '/home/ubuntu/spas_ws/install/sllidar_ros2' for CMake config files
[6.468s] Level 1:colcon.colcon_core.shell:create_environment_hook('sllidar_ros2', 'cmake_prefix_path')
[6.469s] INFO:colcon.colcon_core.shell:Creating environment hook '/home/ubuntu/spas_ws/install/sllidar_ros2/share/sllidar_ros2/hook/cmake_prefix_path.ps1'
[6.475s] INFO:colcon.colcon_core.shell:Creating environment descriptor '/home/ubuntu/spas_ws/install/sllidar_ros2/share/sllidar_ros2/hook/cmake_prefix_path.dsv'
[6.481s] INFO:colcon.colcon_core.shell:Creating environment hook '/home/ubuntu/spas_ws/install/sllidar_ros2/share/sllidar_ros2/hook/cmake_prefix_path.sh'
[6.489s] Level 1:colcon.colcon_core.environment:checking '/home/ubuntu/spas_ws/install/sllidar_ros2/lib'
[6.490s] Level 1:colcon.colcon_core.environment:checking '/home/ubuntu/spas_ws/install/sllidar_ros2/bin'
[6.490s] Level 1:colcon.colcon_core.environment:checking '/home/ubuntu/spas_ws/install/sllidar_ros2/lib/pkgconfig/sllidar_ros2.pc'
[6.492s] Level 1:colcon.colcon_core.environment:checking '/home/ubuntu/spas_ws/install/sllidar_ros2/lib/python3.10/site-packages'
[6.494s] Level 1:colcon.colcon_core.environment:checking '/home/ubuntu/spas_ws/install/sllidar_ros2/bin'
[6.497s] INFO:colcon.colcon_core.shell:Creating package script '/home/ubuntu/spas_ws/install/sllidar_ros2/share/sllidar_ros2/package.ps1'
[6.512s] INFO:colcon.colcon_core.shell:Creating package descriptor '/home/ubuntu/spas_ws/install/sllidar_ros2/share/sllidar_ros2/package.dsv'
[6.524s] INFO:colcon.colcon_core.shell:Creating package script '/home/ubuntu/spas_ws/install/sllidar_ros2/share/sllidar_ros2/package.sh'
[6.533s] INFO:colcon.colcon_core.shell:Creating package script '/home/ubuntu/spas_ws/install/sllidar_ros2/share/sllidar_ros2/package.bash'
[6.547s] INFO:colcon.colcon_core.shell:Creating package script '/home/ubuntu/spas_ws/install/sllidar_ros2/share/sllidar_ros2/package.zsh'
[6.553s] Level 1:colcon.colcon_core.environment:create_file_with_runtime_dependencies(/home/ubuntu/spas_ws/install/sllidar_ros2/share/colcon-core/packages/sllidar_ros2)
[6.560s] Level 1:colcon.colcon_core.environment:create_environment_scripts_only(sllidar_ros2)
[6.563s] Level 1:colcon.colcon_core.environment:checking '/home/ubuntu/spas_ws/install/sllidar_ros2' for CMake module files
[6.572s] Level 1:colcon.colcon_core.environment:checking '/home/ubuntu/spas_ws/install/sllidar_ros2' for CMake config files
[6.576s] Level 1:colcon.colcon_core.shell:create_environment_hook('sllidar_ros2', 'cmake_prefix_path')
[6.577s] INFO:colcon.colcon_core.shell:Creating environment hook '/home/ubuntu/spas_ws/install/sllidar_ros2/share/sllidar_ros2/hook/cmake_prefix_path.ps1'
[6.581s] INFO:colcon.colcon_core.shell:Creating environment descriptor '/home/ubuntu/spas_ws/install/sllidar_ros2/share/sllidar_ros2/hook/cmake_prefix_path.dsv'
[6.585s] INFO:colcon.colcon_core.shell:Creating environment hook '/home/ubuntu/spas_ws/install/sllidar_ros2/share/sllidar_ros2/hook/cmake_prefix_path.sh'
[6.593s] Level 1:colcon.colcon_core.environment:checking '/home/ubuntu/spas_ws/install/sllidar_ros2/lib'
[6.594s] Level 1:colcon.colcon_core.environment:checking '/home/ubuntu/spas_ws/install/sllidar_ros2/bin'
[6.595s] Level 1:colcon.colcon_core.environment:checking '/home/ubuntu/spas_ws/install/sllidar_ros2/lib/pkgconfig/sllidar_ros2.pc'
[6.597s] Level 1:colcon.colcon_core.environment:checking '/home/ubuntu/spas_ws/install/sllidar_ros2/lib/python3.10/site-packages'
[6.599s] Level 1:colcon.colcon_core.environment:checking '/home/ubuntu/spas_ws/install/sllidar_ros2/bin'
[6.601s] INFO:colcon.colcon_core.shell:Creating package script '/home/ubuntu/spas_ws/install/sllidar_ros2/share/sllidar_ros2/package.ps1'
[6.607s] INFO:colcon.colcon_core.shell:Creating package descriptor '/home/ubuntu/spas_ws/install/sllidar_ros2/share/sllidar_ros2/package.dsv'
[6.612s] INFO:colcon.colcon_core.shell:Creating package script '/home/ubuntu/spas_ws/install/sllidar_ros2/share/sllidar_ros2/package.sh'
[6.616s] INFO:colcon.colcon_core.shell:Creating package script '/home/ubuntu/spas_ws/install/sllidar_ros2/share/sllidar_ros2/package.bash'
[6.620s] INFO:colcon.colcon_core.shell:Creating package script '/home/ubuntu/spas_ws/install/sllidar_ros2/share/sllidar_ros2/package.zsh'
[6.624s] Level 1:colcon.colcon_core.environment:create_file_with_runtime_dependencies(/home/ubuntu/spas_ws/install/sllidar_ros2/share/colcon-core/packages/sllidar_ros2)
[6.626s] INFO:colcon.colcon_ros.task.ament_python.build:Building ROS package in '/home/ubuntu/spas_ws/src/spas_planning' with build type 'ament_python'
[6.627s] Level 1:colcon.colcon_core.shell:create_environment_hook('spas_planning', 'ament_prefix_path')
[6.629s] INFO:colcon.colcon_core.shell:Creating environment hook '/home/ubuntu/spas_ws/install/spas_planning/share/spas_planning/hook/ament_prefix_path.ps1'
[6.633s] INFO:colcon.colcon_core.shell:Creating environment descriptor '/home/ubuntu/spas_ws/install/spas_planning/share/spas_planning/hook/ament_prefix_path.dsv'
[6.636s] INFO:colcon.colcon_core.shell:Creating environment hook '/home/ubuntu/spas_ws/install/spas_planning/share/spas_planning/hook/ament_prefix_path.sh'
[6.642s] INFO:colcon.colcon_core.shell:Skip shell extension 'powershell' for command environment: Not usable outside of PowerShell
[6.643s] DEBUG:colcon.colcon_core.shell:Skip shell extension 'dsv' for command environment
[8.993s] INFO:colcon.colcon_core.task.python.build:Building Python package in '/home/ubuntu/spas_ws/src/spas_planning'
[8.995s] INFO:colcon.colcon_core.shell:Skip shell extension 'powershell' for command environment: Not usable outside of PowerShell
[8.996s] DEBUG:colcon.colcon_core.shell:Skip shell extension 'dsv' for command environment
[9.039s] Level 1:colcon.colcon_core.environment:create_environment_scripts_only(slam_toolbox)
[9.041s] Level 1:colcon.colcon_core.environment:checking '/home/ubuntu/spas_ws/install/slam_toolbox' for CMake module files
[9.043s] DEBUG:colcon.colcon_core.event_handler.log_command:Invoked command in '/home/ubuntu/spas_ws/build/slam_toolbox' returned '0': CMAKE_PREFIX_PATH=${CMAKE_PREFIX_PATH}:/home/ubuntu/spas_ws/install/spas_planning:/home/ubuntu/spas_ws/install/spas_perception:/home/ubuntu/spas_ws/install/spas_control:/opt/ros/humble /usr/bin/cmake --install /home/ubuntu/spas_ws/build/slam_toolbox
[9.049s] Level 1:colcon.colcon_core.environment:checking '/home/ubuntu/spas_ws/install/slam_toolbox' for CMake config files
[9.057s] Level 1:colcon.colcon_core.shell:create_environment_hook('slam_toolbox', 'cmake_prefix_path')
[9.059s] INFO:colcon.colcon_core.shell:Creating environment hook '/home/ubuntu/spas_ws/install/slam_toolbox/share/slam_toolbox/hook/cmake_prefix_path.ps1'
[9.062s] INFO:colcon.colcon_core.shell:Creating environment descriptor '/home/ubuntu/spas_ws/install/slam_toolbox/share/slam_toolbox/hook/cmake_prefix_path.dsv'
[9.065s] INFO:colcon.colcon_core.shell:Creating environment hook '/home/ubuntu/spas_ws/install/slam_toolbox/share/slam_toolbox/hook/cmake_prefix_path.sh'
[9.071s] Level 1:colcon.colcon_core.environment:checking '/home/ubuntu/spas_ws/install/slam_toolbox/lib'
[9.072s] Level 1:colcon.colcon_core.shell:create_environment_hook('slam_toolbox', 'ld_library_path_lib')
[9.074s] INFO:colcon.colcon_core.shell:Creating environment hook '/home/ubuntu/spas_ws/install/slam_toolbox/share/slam_toolbox/hook/ld_library_path_lib.ps1'
[9.077s] INFO:colcon.colcon_core.shell:Creating environment descriptor '/home/ubuntu/spas_ws/install/slam_toolbox/share/slam_toolbox/hook/ld_library_path_lib.dsv'
[9.080s] INFO:colcon.colcon_core.shell:Creating environment hook '/home/ubuntu/spas_ws/install/slam_toolbox/share/slam_toolbox/hook/ld_library_path_lib.sh'
[9.082s] Level 1:colcon.colcon_core.environment:checking '/home/ubuntu/spas_ws/install/slam_toolbox/bin'
[9.083s] Level 1:colcon.colcon_core.environment:checking '/home/ubuntu/spas_ws/install/slam_toolbox/lib/pkgconfig/slam_toolbox.pc'
[9.083s] Level 1:colcon.colcon_core.environment:checking '/home/ubuntu/spas_ws/install/slam_toolbox/lib/python3.10/site-packages'
[9.085s] Level 1:colcon.colcon_core.environment:checking '/home/ubuntu/spas_ws/install/slam_toolbox/bin'
[9.086s] INFO:colcon.colcon_core.shell:Creating package script '/home/ubuntu/spas_ws/install/slam_toolbox/share/slam_toolbox/package.ps1'
[9.089s] INFO:colcon.colcon_core.shell:Creating package descriptor '/home/ubuntu/spas_ws/install/slam_toolbox/share/slam_toolbox/package.dsv'
[9.091s] INFO:colcon.colcon_core.shell:Creating package script '/home/ubuntu/spas_ws/install/slam_toolbox/share/slam_toolbox/package.sh'
[9.093s] INFO:colcon.colcon_core.shell:Creating package script '/home/ubuntu/spas_ws/install/slam_toolbox/share/slam_toolbox/package.bash'
[9.095s] INFO:colcon.colcon_core.shell:Creating package script '/home/ubuntu/spas_ws/install/slam_toolbox/share/slam_toolbox/package.zsh'
[9.097s] Level 1:colcon.colcon_core.environment:create_file_with_runtime_dependencies(/home/ubuntu/spas_ws/install/slam_toolbox/share/colcon-core/packages/slam_toolbox)
[9.100s] Level 1:colcon.colcon_core.environment:create_environment_scripts_only(slam_toolbox)
[9.101s] Level 1:colcon.colcon_core.environment:checking '/home/ubuntu/spas_ws/install/slam_toolbox' for CMake module files
[9.106s] Level 1:colcon.colcon_core.environment:checking '/home/ubuntu/spas_ws/install/slam_toolbox' for CMake config files
[9.112s] Level 1:colcon.colcon_core.shell:create_environment_hook('slam_toolbox', 'cmake_prefix_path')
[9.113s] INFO:colcon.colcon_core.shell:Creating environment hook '/home/ubuntu/spas_ws/install/slam_toolbox/share/slam_toolbox/hook/cmake_prefix_path.ps1'
[9.115s] INFO:colcon.colcon_core.shell:Creating environment descriptor '/home/ubuntu/spas_ws/install/slam_toolbox/share/slam_toolbox/hook/cmake_prefix_path.dsv'
[9.117s] INFO:colcon.colcon_core.shell:Creating environment hook '/home/ubuntu/spas_ws/install/slam_toolbox/share/slam_toolbox/hook/cmake_prefix_path.sh'
[9.120s] Level 1:colcon.colcon_core.environment:checking '/home/ubuntu/spas_ws/install/slam_toolbox/lib'
[9.121s] Level 1:colcon.colcon_core.shell:create_environment_hook('slam_toolbox', 'ld_library_path_lib')
[9.121s] INFO:colcon.colcon_core.shell:Creating environment hook '/home/ubuntu/spas_ws/install/slam_toolbox/share/slam_toolbox/hook/ld_library_path_lib.ps1'
[9.123s] INFO:colcon.colcon_core.shell:Creating environment descriptor '/home/ubuntu/spas_ws/install/slam_toolbox/share/slam_toolbox/hook/ld_library_path_lib.dsv'
[9.125s] INFO:colcon.colcon_core.shell:Creating environment hook '/home/ubuntu/spas_ws/install/slam_toolbox/share/slam_toolbox/hook/ld_library_path_lib.sh'
[9.127s] Level 1:colcon.colcon_core.environment:checking '/home/ubuntu/spas_ws/install/slam_toolbox/bin'
[9.127s] Level 1:colcon.colcon_core.environment:checking '/home/ubuntu/spas_ws/install/slam_toolbox/lib/pkgconfig/slam_toolbox.pc'
[9.128s] Level 1:colcon.colcon_core.environment:checking '/home/ubuntu/spas_ws/install/slam_toolbox/lib/python3.10/site-packages'
[9.130s] Level 1:colcon.colcon_core.environment:checking '/home/ubuntu/spas_ws/install/slam_toolbox/bin'
[9.131s] INFO:colcon.colcon_core.shell:Creating package script '/home/ubuntu/spas_ws/install/slam_toolbox/share/slam_toolbox/package.ps1'
[9.134s] INFO:colcon.colcon_core.shell:Creating package descriptor '/home/ubuntu/spas_ws/install/slam_toolbox/share/slam_toolbox/package.dsv'
[9.137s] INFO:colcon.colcon_core.shell:Creating package script '/home/ubuntu/spas_ws/install/slam_toolbox/share/slam_toolbox/package.sh'
[9.140s] INFO:colcon.colcon_core.shell:Creating package script '/home/ubuntu/spas_ws/install/slam_toolbox/share/slam_toolbox/package.bash'
[9.143s] INFO:colcon.colcon_core.shell:Creating package script '/home/ubuntu/spas_ws/install/slam_toolbox/share/slam_toolbox/package.zsh'
[9.145s] Level 1:colcon.colcon_core.environment:create_file_with_runtime_dependencies(/home/ubuntu/spas_ws/install/slam_toolbox/share/colcon-core/packages/slam_toolbox)
[9.163s] DEBUG:colcon.colcon_core.event_handler.log_command:Invoking command in '/home/ubuntu/spas_ws/build/spas_perception': PYTHONPATH=/home/ubuntu/spas_ws/build/spas_perception/prefix_override:/usr/lib/python3/dist-packages/colcon_core/task/python/colcon_distutils_commands:/home/ubuntu/spas_ws/install/spas_perception/lib/python3.10/site-packages:${PYTHONPATH} /usr/bin/python3 -W ignore:setup.py install is deprecated -W ignore:easy_install command is deprecated setup.py develop --editable --build-directory /home/ubuntu/spas_ws/build/spas_perception/build --no-deps symlink_data
[9.173s] DEBUG:colcon.colcon_core.event_handler.log_command:Invoking command in '/home/ubuntu/spas_ws/build/spas_control': PYTHONPATH=/home/ubuntu/spas_ws/build/spas_control/prefix_override:/usr/lib/python3/dist-packages/colcon_core/task/python/colcon_distutils_commands:/home/ubuntu/spas_ws/install/spas_control/lib/python3.10/site-packages:${PYTHONPATH} /usr/bin/python3 -W ignore:setup.py install is deprecated -W ignore:easy_install command is deprecated setup.py develop --editable --build-directory /home/ubuntu/spas_ws/build/spas_control/build --no-deps symlink_data
[11.611s] DEBUG:colcon.colcon_core.event_handler.log_command:Invoking command in '/home/ubuntu/spas_ws/build/spas_planning': PYTHONPATH=/home/ubuntu/spas_ws/build/spas_planning/prefix_override:/usr/lib/python3/dist-packages/colcon_core/task/python/colcon_distutils_commands:/home/ubuntu/spas_ws/install/spas_planning/lib/python3.10/site-packages:${PYTHONPATH} /usr/bin/python3 -W ignore:setup.py install is deprecated -W ignore:easy_install command is deprecated setup.py develop --editable --build-directory /home/ubuntu/spas_ws/build/spas_planning/build --no-deps symlink_data
[12.821s] Level 1:colcon.colcon_core.shell:create_environment_hook('spas_control', 'pythonpath_develop')
[12.825s] INFO:colcon.colcon_core.shell:Creating environment hook '/home/ubuntu/spas_ws/build/spas_control/share/spas_control/hook/pythonpath_develop.ps1'
[12.823s] DEBUG:colcon.colcon_core.event_handler.log_command:Invoked command in '/home/ubuntu/spas_ws/build/spas_control' returned '0': PYTHONPATH=/home/ubuntu/spas_ws/build/spas_control/prefix_override:/usr/lib/python3/dist-packages/colcon_core/task/python/colcon_distutils_commands:/home/ubuntu/spas_ws/install/spas_control/lib/python3.10/site-packages:${PYTHONPATH} /usr/bin/python3 -W ignore:setup.py install is deprecated -W ignore:easy_install command is deprecated setup.py develop --editable --build-directory /home/ubuntu/spas_ws/build/spas_control/build --no-deps symlink_data
[12.829s] INFO:colcon.colcon_core.shell:Creating environment descriptor '/home/ubuntu/spas_ws/build/spas_control/share/spas_control/hook/pythonpath_develop.dsv'
[12.833s] INFO:colcon.colcon_core.shell:Creating environment hook '/home/ubuntu/spas_ws/build/spas_control/share/spas_control/hook/pythonpath_develop.sh'
[12.836s] Level 1:colcon.colcon_core.environment:checking '/home/ubuntu/spas_ws/install/spas_control' for CMake module files
[12.838s] Level 1:colcon.colcon_core.environment:checking '/home/ubuntu/spas_ws/install/spas_control' for CMake config files
[12.841s] Level 1:colcon.colcon_core.environment:checking '/home/ubuntu/spas_ws/install/spas_control/lib'
[12.842s] Level 1:colcon.colcon_core.environment:checking '/home/ubuntu/spas_ws/install/spas_control/bin'
[12.842s] Level 1:colcon.colcon_core.environment:checking '/home/ubuntu/spas_ws/install/spas_control/lib/pkgconfig/spas_control.pc'
[12.843s] Level 1:colcon.colcon_core.environment:checking '/home/ubuntu/spas_ws/install/spas_control/lib/python3.10/site-packages'
[12.843s] Level 1:colcon.colcon_core.shell:create_environment_hook('spas_control', 'pythonpath')
[12.844s] INFO:colcon.colcon_core.shell:Creating environment hook '/home/ubuntu/spas_ws/install/spas_control/share/spas_control/hook/pythonpath.ps1'
[12.846s] INFO:colcon.colcon_core.shell:Creating environment descriptor '/home/ubuntu/spas_ws/install/spas_control/share/spas_control/hook/pythonpath.dsv'
[12.848s] INFO:colcon.colcon_core.shell:Creating environment hook '/home/ubuntu/spas_ws/install/spas_control/share/spas_control/hook/pythonpath.sh'
[12.852s] Level 1:colcon.colcon_core.environment:checking '/home/ubuntu/spas_ws/install/spas_control/bin'
[12.852s] Level 1:colcon.colcon_core.environment:create_environment_scripts_only(spas_control)
[12.853s] INFO:colcon.colcon_core.shell:Creating package script '/home/ubuntu/spas_ws/install/spas_control/share/spas_control/package.ps1'
[12.857s] INFO:colcon.colcon_core.shell:Creating package descriptor '/home/ubuntu/spas_ws/install/spas_control/share/spas_control/package.dsv'
[12.859s] INFO:colcon.colcon_core.shell:Creating package script '/home/ubuntu/spas_ws/install/spas_control/share/spas_control/package.sh'
[12.862s] INFO:colcon.colcon_core.shell:Creating package script '/home/ubuntu/spas_ws/install/spas_control/share/spas_control/package.bash'
[12.864s] INFO:colcon.colcon_core.shell:Creating package script '/home/ubuntu/spas_ws/install/spas_control/share/spas_control/package.zsh'
[12.868s] Level 1:colcon.colcon_core.environment:create_file_with_runtime_dependencies(/home/ubuntu/spas_ws/install/spas_control/share/colcon-core/packages/spas_control)
[12.872s] Level 1:colcon.colcon_core.shell:create_environment_hook('spas_perception', 'pythonpath_develop')
[12.873s] INFO:colcon.colcon_core.shell:Creating environment hook '/home/ubuntu/spas_ws/build/spas_perception/share/spas_perception/hook/pythonpath_develop.ps1'
[12.876s] DEBUG:colcon.colcon_core.event_handler.log_command:Invoked command in '/home/ubuntu/spas_ws/build/spas_perception' returned '0': PYTHONPATH=/home/ubuntu/spas_ws/build/spas_perception/prefix_override:/usr/lib/python3/dist-packages/colcon_core/task/python/colcon_distutils_commands:/home/ubuntu/spas_ws/install/spas_perception/lib/python3.10/site-packages:${PYTHONPATH} /usr/bin/python3 -W ignore:setup.py install is deprecated -W ignore:easy_install command is deprecated setup.py develop --editable --build-directory /home/ubuntu/spas_ws/build/spas_perception/build --no-deps symlink_data
[12.878s] INFO:colcon.colcon_core.shell:Creating environment descriptor '/home/ubuntu/spas_ws/build/spas_perception/share/spas_perception/hook/pythonpath_develop.dsv'
[12.880s] INFO:colcon.colcon_core.shell:Creating environment hook '/home/ubuntu/spas_ws/build/spas_perception/share/spas_perception/hook/pythonpath_develop.sh'
[12.883s] Level 1:colcon.colcon_core.environment:checking '/home/ubuntu/spas_ws/install/spas_perception' for CMake module files
[12.885s] Level 1:colcon.colcon_core.environment:checking '/home/ubuntu/spas_ws/install/spas_perception' for CMake config files
[12.888s] Level 1:colcon.colcon_core.environment:checking '/home/ubuntu/spas_ws/install/spas_perception/lib'
[12.889s] Level 1:colcon.colcon_core.environment:checking '/home/ubuntu/spas_ws/install/spas_perception/bin'
[12.889s] Level 1:colcon.colcon_core.environment:checking '/home/ubuntu/spas_ws/install/spas_perception/lib/pkgconfig/spas_perception.pc'
[12.890s] Level 1:colcon.colcon_core.environment:checking '/home/ubuntu/spas_ws/install/spas_perception/lib/python3.10/site-packages'
[12.890s] Level 1:colcon.colcon_core.shell:create_environment_hook('spas_perception', 'pythonpath')
[12.891s] INFO:colcon.colcon_core.shell:Creating environment hook '/home/ubuntu/spas_ws/install/spas_perception/share/spas_perception/hook/pythonpath.ps1'
[12.893s] INFO:colcon.colcon_core.shell:Creating environment descriptor '/home/ubuntu/spas_ws/install/spas_perception/share/spas_perception/hook/pythonpath.dsv'
[12.895s] INFO:colcon.colcon_core.shell:Creating environment hook '/home/ubuntu/spas_ws/install/spas_perception/share/spas_perception/hook/pythonpath.sh'
[12.899s] Level 1:colcon.colcon_core.environment:checking '/home/ubuntu/spas_ws/install/spas_perception/bin'
[12.899s] Level 1:colcon.colcon_core.environment:create_environment_scripts_only(spas_perception)
[12.901s] INFO:colcon.colcon_core.shell:Creating package script '/home/ubuntu/spas_ws/install/spas_perception/share/spas_perception/package.ps1'
[12.904s] INFO:colcon.colcon_core.shell:Creating package descriptor '/home/ubuntu/spas_ws/install/spas_perception/share/spas_perception/package.dsv'
[12.906s] INFO:colcon.colcon_core.shell:Creating package script '/home/ubuntu/spas_ws/install/spas_perception/share/spas_perception/package.sh'
[12.909s] INFO:colcon.colcon_core.shell:Creating package script '/home/ubuntu/spas_ws/install/spas_perception/share/spas_perception/package.bash'
[12.911s] INFO:colcon.colcon_core.shell:Creating package script '/home/ubuntu/spas_ws/install/spas_perception/share/spas_perception/package.zsh'
[12.913s] Level 1:colcon.colcon_core.environment:create_file_with_runtime_dependencies(/home/ubuntu/spas_ws/install/spas_perception/share/colcon-core/packages/spas_perception)
[14.677s] Level 1:colcon.colcon_core.shell:create_environment_hook('spas_planning', 'pythonpath_develop')
[14.678s] INFO:colcon.colcon_core.shell:Creating environment hook '/home/ubuntu/spas_ws/build/spas_planning/share/spas_planning/hook/pythonpath_develop.ps1'
[14.679s] DEBUG:colcon.colcon_core.event_handler.log_command:Invoked command in '/home/ubuntu/spas_ws/build/spas_planning' returned '0': PYTHONPATH=/home/ubuntu/spas_ws/build/spas_planning/prefix_override:/usr/lib/python3/dist-packages/colcon_core/task/python/colcon_distutils_commands:/home/ubuntu/spas_ws/install/spas_planning/lib/python3.10/site-packages:${PYTHONPATH} /usr/bin/python3 -W ignore:setup.py install is deprecated -W ignore:easy_install command is deprecated setup.py develop --editable --build-directory /home/ubuntu/spas_ws/build/spas_planning/build --no-deps symlink_data
[14.681s] INFO:colcon.colcon_core.shell:Creating environment descriptor '/home/ubuntu/spas_ws/build/spas_planning/share/spas_planning/hook/pythonpath_develop.dsv'
[14.683s] INFO:colcon.colcon_core.shell:Creating environment hook '/home/ubuntu/spas_ws/build/spas_planning/share/spas_planning/hook/pythonpath_develop.sh'
[14.686s] Level 1:colcon.colcon_core.environment:checking '/home/ubuntu/spas_ws/install/spas_planning' for CMake module files
[14.688s] Level 1:colcon.colcon_core.environment:checking '/home/ubuntu/spas_ws/install/spas_planning' for CMake config files
[14.691s] Level 1:colcon.colcon_core.environment:checking '/home/ubuntu/spas_ws/install/spas_planning/lib'
[14.692s] Level 1:colcon.colcon_core.environment:checking '/home/ubuntu/spas_ws/install/spas_planning/bin'
[14.692s] Level 1:colcon.colcon_core.environment:checking '/home/ubuntu/spas_ws/install/spas_planning/lib/pkgconfig/spas_planning.pc'
[14.693s] Level 1:colcon.colcon_core.environment:checking '/home/ubuntu/spas_ws/install/spas_planning/lib/python3.10/site-packages'
[14.693s] Level 1:colcon.colcon_core.shell:create_environment_hook('spas_planning', 'pythonpath')
[14.694s] INFO:colcon.colcon_core.shell:Creating environment hook '/home/ubuntu/spas_ws/install/spas_planning/share/spas_planning/hook/pythonpath.ps1'
[14.697s] INFO:colcon.colcon_core.shell:Creating environment descriptor '/home/ubuntu/spas_ws/install/spas_planning/share/spas_planning/hook/pythonpath.dsv'
[14.699s] INFO:colcon.colcon_core.shell:Creating environment hook '/home/ubuntu/spas_ws/install/spas_planning/share/spas_planning/hook/pythonpath.sh'
[14.703s] Level 1:colcon.colcon_core.environment:checking '/home/ubuntu/spas_ws/install/spas_planning/bin'
[14.703s] Level 1:colcon.colcon_core.environment:create_environment_scripts_only(spas_planning)
[14.704s] INFO:colcon.colcon_core.shell:Creating package script '/home/ubuntu/spas_ws/install/spas_planning/share/spas_planning/package.ps1'
[14.707s] INFO:colcon.colcon_core.shell:Creating package descriptor '/home/ubuntu/spas_ws/install/spas_planning/share/spas_planning/package.dsv'
[14.710s] INFO:colcon.colcon_core.shell:Creating package script '/home/ubuntu/spas_ws/install/spas_planning/share/spas_planning/package.sh'
[14.712s] INFO:colcon.colcon_core.shell:Creating package script '/home/ubuntu/spas_ws/install/spas_planning/share/spas_planning/package.bash'
[14.714s] INFO:colcon.colcon_core.shell:Creating package script '/home/ubuntu/spas_ws/install/spas_planning/share/spas_planning/package.zsh'
[14.716s] Level 1:colcon.colcon_core.environment:create_file_with_runtime_dependencies(/home/ubuntu/spas_ws/install/spas_planning/share/colcon-core/packages/spas_planning)
[14.717s] INFO:colcon.colcon_ros.task.ament_cmake.build:Building ROS package in '/home/ubuntu/spas_ws/src/spas_bringup' with build type 'ament_cmake'
[14.718s] INFO:colcon.colcon_cmake.task.cmake.build:Building CMake package in '/home/ubuntu/spas_ws/src/spas_bringup'
[14.719s] INFO:colcon.colcon_core.shell:Skip shell extension 'powershell' for command environment: Not usable outside of PowerShell
[14.719s] DEBUG:colcon.colcon_core.shell:Skip shell extension 'dsv' for command environment
[14.817s] DEBUG:colcon.colcon_core.event_handler.log_command:Invoking command in '/home/ubuntu/spas_ws/build/spas_bringup': CMAKE_PREFIX_PATH=/home/ubuntu/spas_ws/install/sllidar_ros2:/home/ubuntu/spas_ws/install/slam_toolbox:/home/ubuntu/spas_ws/install/spas_bringup:/home/ubuntu/spas_ws/install/spas_planning:/home/ubuntu/spas_ws/install/spas_perception:/home/ubuntu/spas_ws/install/spas_control:/opt/ros/humble /usr/bin/cmake --build /home/ubuntu/spas_ws/build/spas_bringup -- -j4 -l4
[14.970s] DEBUG:colcon.colcon_core.event_handler.log_command:Invoked command in '/home/ubuntu/spas_ws/build/spas_bringup' returned '0': CMAKE_PREFIX_PATH=/home/ubuntu/spas_ws/install/sllidar_ros2:/home/ubuntu/spas_ws/install/slam_toolbox:/home/ubuntu/spas_ws/install/spas_bringup:/home/ubuntu/spas_ws/install/spas_planning:/home/ubuntu/spas_ws/install/spas_perception:/home/ubuntu/spas_ws/install/spas_control:/opt/ros/humble /usr/bin/cmake --build /home/ubuntu/spas_ws/build/spas_bringup -- -j4 -l4
[14.980s] DEBUG:colcon.colcon_core.event_handler.log_command:Invoking command in '/home/ubuntu/spas_ws/build/spas_bringup': CMAKE_PREFIX_PATH=/home/ubuntu/spas_ws/install/sllidar_ros2:/home/ubuntu/spas_ws/install/slam_toolbox:/home/ubuntu/spas_ws/install/spas_bringup:/home/ubuntu/spas_ws/install/spas_planning:/home/ubuntu/spas_ws/install/spas_perception:/home/ubuntu/spas_ws/install/spas_control:/opt/ros/humble /usr/bin/cmake --install /home/ubuntu/spas_ws/build/spas_bringup
[15.063s] Level 1:colcon.colcon_core.environment:create_environment_scripts_only(spas_bringup)
[15.064s] Level 1:colcon.colcon_core.environment:checking '/home/ubuntu/spas_ws/install/spas_bringup' for CMake module files
[15.066s] DEBUG:colcon.colcon_core.event_handler.log_command:Invoked command in '/home/ubuntu/spas_ws/build/spas_bringup' returned '0': CMAKE_PREFIX_PATH=/home/ubuntu/spas_ws/install/sllidar_ros2:/home/ubuntu/spas_ws/install/slam_toolbox:/home/ubuntu/spas_ws/install/spas_bringup:/home/ubuntu/spas_ws/install/spas_planning:/home/ubuntu/spas_ws/install/spas_perception:/home/ubuntu/spas_ws/install/spas_control:/opt/ros/humble /usr/bin/cmake --install /home/ubuntu/spas_ws/build/spas_bringup
[15.069s] Level 1:colcon.colcon_core.environment:checking '/home/ubuntu/spas_ws/install/spas_bringup' for CMake config files
[15.071s] Level 1:colcon.colcon_core.shell:create_environment_hook('spas_bringup', 'cmake_prefix_path')
[15.072s] INFO:colcon.colcon_core.shell:Creating environment hook '/home/ubuntu/spas_ws/install/spas_bringup/share/spas_bringup/hook/cmake_prefix_path.ps1'
[15.074s] INFO:colcon.colcon_core.shell:Creating environment descriptor '/home/ubuntu/spas_ws/install/spas_bringup/share/spas_bringup/hook/cmake_prefix_path.dsv'
[15.076s] INFO:colcon.colcon_core.shell:Creating environment hook '/home/ubuntu/spas_ws/install/spas_bringup/share/spas_bringup/hook/cmake_prefix_path.sh'
[15.079s] Level 1:colcon.colcon_core.environment:checking '/home/ubuntu/spas_ws/install/spas_bringup/bin'
[15.080s] Level 1:colcon.colcon_core.environment:checking '/home/ubuntu/spas_ws/install/spas_bringup/lib/pkgconfig/spas_bringup.pc'
[15.081s] Level 1:colcon.colcon_core.environment:checking '/home/ubuntu/spas_ws/install/spas_bringup/lib/python3.10/site-packages'
[15.082s] Level 1:colcon.colcon_core.environment:checking '/home/ubuntu/spas_ws/install/spas_bringup/bin'
[15.083s] INFO:colcon.colcon_core.shell:Creating package script '/home/ubuntu/spas_ws/install/spas_bringup/share/spas_bringup/package.ps1'
[15.086s] INFO:colcon.colcon_core.shell:Creating package descriptor '/home/ubuntu/spas_ws/install/spas_bringup/share/spas_bringup/package.dsv'
[15.088s] INFO:colcon.colcon_core.shell:Creating package script '/home/ubuntu/spas_ws/install/spas_bringup/share/spas_bringup/package.sh'
[15.090s] INFO:colcon.colcon_core.shell:Creating package script '/home/ubuntu/spas_ws/install/spas_bringup/share/spas_bringup/package.bash'
[15.092s] INFO:colcon.colcon_core.shell:Creating package script '/home/ubuntu/spas_ws/install/spas_bringup/share/spas_bringup/package.zsh'
[15.094s] Level 1:colcon.colcon_core.environment:create_file_with_runtime_dependencies(/home/ubuntu/spas_ws/install/spas_bringup/share/colcon-core/packages/spas_bringup)
[15.097s] Level 1:colcon.colcon_core.environment:create_environment_scripts_only(spas_bringup)
[15.098s] Level 1:colcon.colcon_core.environment:checking '/home/ubuntu/spas_ws/install/spas_bringup' for CMake module files
[15.100s] Level 1:colcon.colcon_core.environment:checking '/home/ubuntu/spas_ws/install/spas_bringup' for CMake config files
[15.101s] Level 1:colcon.colcon_core.shell:create_environment_hook('spas_bringup', 'cmake_prefix_path')
[15.102s] INFO:colcon.colcon_core.shell:Creating environment hook '/home/ubuntu/spas_ws/install/spas_bringup/share/spas_bringup/hook/cmake_prefix_path.ps1'
[15.104s] INFO:colcon.colcon_core.shell:Creating environment descriptor '/home/ubuntu/spas_ws/install/spas_bringup/share/spas_bringup/hook/cmake_prefix_path.dsv'
[15.106s] INFO:colcon.colcon_core.shell:Creating environment hook '/home/ubuntu/spas_ws/install/spas_bringup/share/spas_bringup/hook/cmake_prefix_path.sh'
[15.108s] Level 1:colcon.colcon_core.environment:checking '/home/ubuntu/spas_ws/install/spas_bringup/bin'
[15.109s] Level 1:colcon.colcon_core.environment:checking '/home/ubuntu/spas_ws/install/spas_bringup/lib/pkgconfig/spas_bringup.pc'
[15.110s] Level 1:colcon.colcon_core.environment:checking '/home/ubuntu/spas_ws/install/spas_bringup/lib/python3.10/site-packages'
[15.111s] Level 1:colcon.colcon_core.environment:checking '/home/ubuntu/spas_ws/install/spas_bringup/bin'
[15.113s] INFO:colcon.colcon_core.shell:Creating package script '/home/ubuntu/spas_ws/install/spas_bringup/share/spas_bringup/package.ps1'
[15.116s] INFO:colcon.colcon_core.shell:Creating package descriptor '/home/ubuntu/spas_ws/install/spas_bringup/share/spas_bringup/package.dsv'
[15.118s] INFO:colcon.colcon_core.shell:Creating package script '/home/ubuntu/spas_ws/install/spas_bringup/share/spas_bringup/package.sh'
[15.120s] INFO:colcon.colcon_core.shell:Creating package script '/home/ubuntu/spas_ws/install/spas_bringup/share/spas_bringup/package.bash'
[15.122s] INFO:colcon.colcon_core.shell:Creating package script '/home/ubuntu/spas_ws/install/spas_bringup/share/spas_bringup/package.zsh'
[15.124s] Level 1:colcon.colcon_core.environment:create_file_with_runtime_dependencies(/home/ubuntu/spas_ws/install/spas_bringup/share/colcon-core/packages/spas_bringup)
[15.125s] DEBUG:colcon.colcon_parallel_executor.executor.parallel:closing loop
[15.126s] DEBUG:colcon.colcon_parallel_executor.executor.parallel:loop closed
[15.127s] DEBUG:colcon.colcon_parallel_executor.executor.parallel:run_until_complete finished with '0'
[15.127s] DEBUG:colcon.colcon_core.event_reactor:joining thread
[15.130s] DEBUG:colcon.colcon_core.event_reactor:joined thread
[15.131s] INFO:colcon.colcon_core.shell:Creating prefix script '/home/ubuntu/spas_ws/install/local_setup.ps1'
[15.136s] INFO:colcon.colcon_core.shell:Creating prefix util module '/home/ubuntu/spas_ws/install/_local_setup_util_ps1.py'
[15.143s] INFO:colcon.colcon_core.shell:Creating prefix chain script '/home/ubuntu/spas_ws/install/setup.ps1'
[15.149s] INFO:colcon.colcon_core.shell:Creating prefix script '/home/ubuntu/spas_ws/install/local_setup.sh'
[15.152s] INFO:colcon.colcon_core.shell:Creating prefix util module '/home/ubuntu/spas_ws/install/_local_setup_util_sh.py'
[15.155s] INFO:colcon.colcon_core.shell:Creating prefix chain script '/home/ubuntu/spas_ws/install/setup.sh'
[15.161s] INFO:colcon.colcon_core.shell:Creating prefix script '/home/ubuntu/spas_ws/install/local_setup.bash'
[15.163s] INFO:colcon.colcon_core.shell:Creating prefix chain script '/home/ubuntu/spas_ws/install/setup.bash'
[15.169s] INFO:colcon.colcon_core.shell:Creating prefix script '/home/ubuntu/spas_ws/install/local_setup.zsh'
[15.171s] INFO:colcon.colcon_core.shell:Creating prefix chain script '/home/ubuntu/spas_ws/install/setup.zsh'
