[6.327s] Invoking command in '/home/ubuntu/spas_ws/build/spas_planning': PYTHONPATH=/home/ubuntu/spas_ws/build/spas_planning/prefix_override:/usr/lib/python3/dist-packages/colcon_core/task/python/colcon_distutils_commands:/home/ubuntu/spas_ws/install/spas_planning/lib/python3.10/site-packages:${PYTHONPATH} /usr/bin/python3 -W ignore:setup.py install is deprecated -W ignore:easy_install command is deprecated setup.py develop --editable --build-directory /home/ubuntu/spas_ws/build/spas_planning/build --no-deps symlink_data
[8.226s] running develop
[9.364s] running egg_info
[9.366s] writing spas_planning.egg-info/PKG-INFO
[9.367s] writing dependency_links to spas_planning.egg-info/dependency_links.txt
[9.372s] writing entry points to spas_planning.egg-info/entry_points.txt
[9.377s] writing requirements to spas_planning.egg-info/requires.txt
[9.380s] writing top-level names to spas_planning.egg-info/top_level.txt
[9.388s] reading manifest file 'spas_planning.egg-info/SOURCES.txt'
[9.395s] writing manifest file 'spas_planning.egg-info/SOURCES.txt'
[9.405s] running build_ext
[9.408s] Creating /home/ubuntu/spas_ws/install/spas_planning/lib/python3.10/site-packages/spas-planning.egg-link (link to .)
[9.413s] Installing hybrid_A_star_node script to /home/ubuntu/spas_ws/install/spas_planning/lib/spas_planning
[9.417s] Installing parking_space_detector script to /home/ubuntu/spas_ws/install/spas_planning/lib/spas_planning
[9.421s] Installing safety_node script to /home/ubuntu/spas_ws/install/spas_planning/lib/spas_planning
[9.428s] Installing vehicle_control_node script to /home/ubuntu/spas_ws/install/spas_planning/lib/spas_planning
[9.434s] 
[9.439s] Installed /home/ubuntu/spas_ws/build/spas_planning
[9.444s] running symlink_data
[9.657s] Invoked command in '/home/ubuntu/spas_ws/build/spas_planning' returned '0': PYTHONPATH=/home/ubuntu/spas_ws/build/spas_planning/prefix_override:/usr/lib/python3/dist-packages/colcon_core/task/python/colcon_distutils_commands:/home/ubuntu/spas_ws/install/spas_planning/lib/python3.10/site-packages:${PYTHONPATH} /usr/bin/python3 -W ignore:setup.py install is deprecated -W ignore:easy_install command is deprecated setup.py develop --editable --build-directory /home/ubuntu/spas_ws/build/spas_planning/build --no-deps symlink_data
