[5.197s] Invoking command in '/home/ubuntu/spas_ws/build/spas_planning': PYTHONPATH=/home/ubuntu/spas_ws/build/spas_planning/prefix_override:/usr/lib/python3/dist-packages/colcon_core/task/python/colcon_distutils_commands:/home/ubuntu/spas_ws/install/spas_planning/lib/python3.10/site-packages:${PYTHONPATH} /usr/bin/python3 -W ignore:setup.py install is deprecated -W ignore:easy_install command is deprecated setup.py develop --editable --build-directory /home/ubuntu/spas_ws/build/spas_planning/build --no-deps symlink_data
[7.065s] running develop
[8.022s] running egg_info
[8.023s] writing spas_planning.egg-info/PKG-INFO
[8.024s] writing dependency_links to spas_planning.egg-info/dependency_links.txt
[8.025s] writing entry points to spas_planning.egg-info/entry_points.txt
[8.026s] writing requirements to spas_planning.egg-info/requires.txt
[8.027s] writing top-level names to spas_planning.egg-info/top_level.txt
[8.035s] reading manifest file 'spas_planning.egg-info/SOURCES.txt'
[8.040s] writing manifest file 'spas_planning.egg-info/SOURCES.txt'
[8.046s] running build_ext
[8.047s] Creating /home/ubuntu/spas_ws/install/spas_planning/lib/python3.10/site-packages/spas-planning.egg-link (link to .)
[8.050s] Installing hybrid_A_star_node script to /home/ubuntu/spas_ws/install/spas_planning/lib/spas_planning
[8.051s] Installing parking_space_detector script to /home/ubuntu/spas_ws/install/spas_planning/lib/spas_planning
[8.052s] Installing safety_node script to /home/ubuntu/spas_ws/install/spas_planning/lib/spas_planning
[8.052s] Installing vehicle_control_node script to /home/ubuntu/spas_ws/install/spas_planning/lib/spas_planning
[8.054s] 
[8.054s] Installed /home/ubuntu/spas_ws/build/spas_planning
[8.054s] running symlink_data
[8.211s] Invoked command in '/home/ubuntu/spas_ws/build/spas_planning' returned '0': PYTHONPATH=/home/ubuntu/spas_ws/build/spas_planning/prefix_override:/usr/lib/python3/dist-packages/colcon_core/task/python/colcon_distutils_commands:/home/ubuntu/spas_ws/install/spas_planning/lib/python3.10/site-packages:${PYTHONPATH} /usr/bin/python3 -W ignore:setup.py install is deprecated -W ignore:easy_install command is deprecated setup.py develop --editable --build-directory /home/ubuntu/spas_ws/build/spas_planning/build --no-deps symlink_data
