[7.509s] Invoking command in '/home/ubuntu/spas_ws/build/spas_planning': PYTHONPATH=/home/ubuntu/spas_ws/build/spas_planning/prefix_override:/usr/lib/python3/dist-packages/colcon_core/task/python/colcon_distutils_commands:/home/ubuntu/spas_ws/install/spas_planning/lib/python3.10/site-packages:${PYTHONPATH} /usr/bin/python3 -W ignore:setup.py install is deprecated -W ignore:easy_install command is deprecated setup.py develop --editable --build-directory /home/ubuntu/spas_ws/build/spas_planning/build --no-deps symlink_data
[9.537s] running develop
[10.751s] running egg_info
[10.752s] writing spas_planning.egg-info/PKG-INFO
[10.754s] writing dependency_links to spas_planning.egg-info/dependency_links.txt
[10.756s] writing entry points to spas_planning.egg-info/entry_points.txt
[10.757s] writing requirements to spas_planning.egg-info/requires.txt
[10.758s] writing top-level names to spas_planning.egg-info/top_level.txt
[10.767s] reading manifest file 'spas_planning.egg-info/SOURCES.txt'
[10.771s] writing manifest file 'spas_planning.egg-info/SOURCES.txt'
[10.779s] running build_ext
[10.781s] Creating /home/ubuntu/spas_ws/install/spas_planning/lib/python3.10/site-packages/spas-planning.egg-link (link to .)
[10.783s] Installing hybrid_A_star_node script to /home/ubuntu/spas_ws/install/spas_planning/lib/spas_planning
[10.784s] Installing parking_space_detector script to /home/ubuntu/spas_ws/install/spas_planning/lib/spas_planning
[10.785s] Installing safety_node script to /home/ubuntu/spas_ws/install/spas_planning/lib/spas_planning
[10.786s] Installing vehicle_control_node script to /home/ubuntu/spas_ws/install/spas_planning/lib/spas_planning
[10.787s] 
[10.788s] Installed /home/ubuntu/spas_ws/build/spas_planning
[10.789s] running symlink_data
[11.025s] Invoked command in '/home/ubuntu/spas_ws/build/spas_planning' returned '0': PYTHONPATH=/home/ubuntu/spas_ws/build/spas_planning/prefix_override:/usr/lib/python3/dist-packages/colcon_core/task/python/colcon_distutils_commands:/home/ubuntu/spas_ws/install/spas_planning/lib/python3.10/site-packages:${PYTHONPATH} /usr/bin/python3 -W ignore:setup.py install is deprecated -W ignore:easy_install command is deprecated setup.py develop --editable --build-directory /home/ubuntu/spas_ws/build/spas_planning/build --no-deps symlink_data
