[8.086s] Invoking command in '/home/ubuntu/spas_ws/build/spas_planning': PYTHONPATH=/home/ubuntu/spas_ws/build/spas_planning/prefix_override:/usr/lib/python3/dist-packages/colcon_core/task/python/colcon_distutils_commands:/home/ubuntu/spas_ws/install/spas_planning/lib/python3.10/site-packages:${PYTHONPATH} /usr/bin/python3 -W ignore:setup.py install is deprecated -W ignore:easy_install command is deprecated setup.py develop --editable --build-directory /home/ubuntu/spas_ws/build/spas_planning/build --no-deps symlink_data
[10.225s] running develop
[11.493s] running egg_info
[11.494s] writing spas_planning.egg-info/PKG-INFO
[11.496s] writing dependency_links to spas_planning.egg-info/dependency_links.txt
[11.497s] writing entry points to spas_planning.egg-info/entry_points.txt
[11.499s] writing requirements to spas_planning.egg-info/requires.txt
[11.501s] writing top-level names to spas_planning.egg-info/top_level.txt
[11.508s] reading manifest file 'spas_planning.egg-info/SOURCES.txt'
[11.511s] writing manifest file 'spas_planning.egg-info/SOURCES.txt'
[11.519s] running build_ext
[11.519s] Creating /home/ubuntu/spas_ws/install/spas_planning/lib/python3.10/site-packages/spas-planning.egg-link (link to .)
[11.524s] Installing hybrid_A_star_node script to /home/ubuntu/spas_ws/install/spas_planning/lib/spas_planning
[11.525s] Installing parking_space_detector script to /home/ubuntu/spas_ws/install/spas_planning/lib/spas_planning
[11.526s] Installing safety_node script to /home/ubuntu/spas_ws/install/spas_planning/lib/spas_planning
[11.527s] Installing vehicle_control_node script to /home/ubuntu/spas_ws/install/spas_planning/lib/spas_planning
[11.533s] 
[11.534s] Installed /home/ubuntu/spas_ws/build/spas_planning
[11.537s] running symlink_data
[11.714s] Invoked command in '/home/ubuntu/spas_ws/build/spas_planning' returned '0': PYTHONPATH=/home/ubuntu/spas_ws/build/spas_planning/prefix_override:/usr/lib/python3/dist-packages/colcon_core/task/python/colcon_distutils_commands:/home/ubuntu/spas_ws/install/spas_planning/lib/python3.10/site-packages:${PYTHONPATH} /usr/bin/python3 -W ignore:setup.py install is deprecated -W ignore:easy_install command is deprecated setup.py develop --editable --build-directory /home/ubuntu/spas_ws/build/spas_planning/build --no-deps symlink_data
