[0.848s] DEBUG:colcon:Command line arguments: ['/usr/bin/colcon', 'list']
[0.849s] DEBUG:colcon:Parsed command line arguments: Namespace(log_base=None, log_level=None, verb_name='list', build_base='build', ignore_user_meta=False, metas=['./colcon.meta'], base_paths=['.'], packages_ignore=None, packages_ignore_regex=None, paths=None, packages_up_to=None, packages_up_to_regex=None, packages_above=None, packages_above_and_dependencies=None, packages_above_depth=None, packages_select_by_dep=None, packages_skip_by_dep=None, packages_skip_up_to=None, packages_select_build_failed=False, packages_skip_build_finished=False, packages_select_test_failures=False, packages_skip_test_passed=False, packages_select=None, packages_skip=None, packages_select_regex=None, packages_skip_regex=None, packages_start=None, packages_end=None, allow_overriding=[], topological_order=False, names_only=False, paths_only=False, topological_graph=False, topological_graph_dot=False, topological_graph_density=False, topological_graph_legend=False, topological_graph_dot_cluster=False, topological_graph_dot_include_skipped=False, verb_parser=<colcon_defaults.argument_parser.defaults.DefaultArgumentsDecorator object at 0xffffa338cfd0>, verb_extension=<colcon_package_information.verb.list.ListVerb object at 0xffffa353dba0>, main=<bound method ListVerb.main of <colcon_package_information.verb.list.ListVerb object at 0xffffa353dba0>>)
[3.898s] Level 1:colcon.colcon_core.package_discovery:discover_packages(colcon_meta) check parameters
[3.899s] Level 1:colcon.colcon_core.package_discovery:discover_packages(recursive) check parameters
[3.900s] Level 1:colcon.colcon_core.package_discovery:discover_packages(ignore) check parameters
[3.901s] Level 1:colcon.colcon_core.package_discovery:discover_packages(path) check parameters
[3.920s] Level 1:colcon.colcon_core.package_discovery:discover_packages(colcon_meta) discover
[3.921s] Level 1:colcon.colcon_core.package_discovery:discover_packages(recursive) discover
[3.922s] INFO:colcon.colcon_core.package_discovery:Crawling recursively for packages in '/home/ubuntu/spas_ws'
[3.923s] Level 1:colcon.colcon_core.package_identification:_identify(.) by extensions ['ignore', 'ignore_ament_install']
[3.925s] Level 1:colcon.colcon_core.package_identification:_identify(.) by extension 'ignore'
[3.926s] Level 1:colcon.colcon_core.package_identification:_identify(.) by extension 'ignore_ament_install'
[3.927s] Level 1:colcon.colcon_core.package_identification:_identify(.) by extensions ['colcon_pkg']
[3.928s] Level 1:colcon.colcon_core.package_identification:_identify(.) by extension 'colcon_pkg'
[3.930s] Level 1:colcon.colcon_core.package_identification:_identify(.) by extensions ['colcon_meta']
[3.931s] Level 1:colcon.colcon_core.package_identification:_identify(.) by extension 'colcon_meta'
[3.932s] Level 1:colcon.colcon_core.package_identification:_identify(.) by extensions ['ros']
[3.934s] Level 1:colcon.colcon_core.package_identification:_identify(.) by extension 'ros'
[4.042s] Level 1:colcon.colcon_core.package_identification:_identify(.) by extensions ['cmake', 'python']
[4.042s] Level 1:colcon.colcon_core.package_identification:_identify(.) by extension 'cmake'
[4.043s] Level 1:colcon.colcon_core.package_identification:_identify(.) by extension 'python'
[4.043s] Level 1:colcon.colcon_core.package_identification:_identify(.) by extensions ['python_setup_py']
[4.043s] Level 1:colcon.colcon_core.package_identification:_identify(.) by extension 'python_setup_py'
[4.046s] Level 1:colcon.colcon_core.package_identification:_identify(build) by extensions ['ignore', 'ignore_ament_install']
[4.047s] Level 1:colcon.colcon_core.package_identification:_identify(build) by extension 'ignore'
[4.048s] Level 1:colcon.colcon_core.package_identification:_identify(build) ignored
[4.052s] Level 1:colcon.colcon_core.package_identification:_identify(install) by extensions ['ignore', 'ignore_ament_install']
[4.053s] Level 1:colcon.colcon_core.package_identification:_identify(install) by extension 'ignore'
[4.054s] Level 1:colcon.colcon_core.package_identification:_identify(install) ignored
[4.057s] Level 1:colcon.colcon_core.package_identification:_identify(log) by extensions ['ignore', 'ignore_ament_install']
[4.058s] Level 1:colcon.colcon_core.package_identification:_identify(log) by extension 'ignore'
[4.060s] Level 1:colcon.colcon_core.package_identification:_identify(log) ignored
[4.063s] Level 1:colcon.colcon_core.package_identification:_identify(maps) by extensions ['ignore', 'ignore_ament_install']
[4.064s] Level 1:colcon.colcon_core.package_identification:_identify(maps) by extension 'ignore'
[4.064s] Level 1:colcon.colcon_core.package_identification:_identify(maps) by extension 'ignore_ament_install'
[4.065s] Level 1:colcon.colcon_core.package_identification:_identify(maps) by extensions ['colcon_pkg']
[4.065s] Level 1:colcon.colcon_core.package_identification:_identify(maps) by extension 'colcon_pkg'
[4.066s] Level 1:colcon.colcon_core.package_identification:_identify(maps) by extensions ['colcon_meta']
[4.066s] Level 1:colcon.colcon_core.package_identification:_identify(maps) by extension 'colcon_meta'
[4.067s] Level 1:colcon.colcon_core.package_identification:_identify(maps) by extensions ['ros']
[4.067s] Level 1:colcon.colcon_core.package_identification:_identify(maps) by extension 'ros'
[4.068s] Level 1:colcon.colcon_core.package_identification:_identify(maps) by extensions ['cmake', 'python']
[4.068s] Level 1:colcon.colcon_core.package_identification:_identify(maps) by extension 'cmake'
[4.069s] Level 1:colcon.colcon_core.package_identification:_identify(maps) by extension 'python'
[4.069s] Level 1:colcon.colcon_core.package_identification:_identify(maps) by extensions ['python_setup_py']
[4.070s] Level 1:colcon.colcon_core.package_identification:_identify(maps) by extension 'python_setup_py'
[4.071s] Level 1:colcon.colcon_core.package_identification:_identify(src) by extensions ['ignore', 'ignore_ament_install']
[4.072s] Level 1:colcon.colcon_core.package_identification:_identify(src) by extension 'ignore'
[4.072s] Level 1:colcon.colcon_core.package_identification:_identify(src) by extension 'ignore_ament_install'
[4.073s] Level 1:colcon.colcon_core.package_identification:_identify(src) by extensions ['colcon_pkg']
[4.073s] Level 1:colcon.colcon_core.package_identification:_identify(src) by extension 'colcon_pkg'
[4.074s] Level 1:colcon.colcon_core.package_identification:_identify(src) by extensions ['colcon_meta']
[4.074s] Level 1:colcon.colcon_core.package_identification:_identify(src) by extension 'colcon_meta'
[4.075s] Level 1:colcon.colcon_core.package_identification:_identify(src) by extensions ['ros']
[4.075s] Level 1:colcon.colcon_core.package_identification:_identify(src) by extension 'ros'
[4.076s] Level 1:colcon.colcon_core.package_identification:_identify(src) by extensions ['cmake', 'python']
[4.078s] Level 1:colcon.colcon_core.package_identification:_identify(src) by extension 'cmake'
[4.079s] Level 1:colcon.colcon_core.package_identification:_identify(src) by extension 'python'
[4.080s] Level 1:colcon.colcon_core.package_identification:_identify(src) by extensions ['python_setup_py']
[4.081s] Level 1:colcon.colcon_core.package_identification:_identify(src) by extension 'python_setup_py'
[4.083s] Level 1:colcon.colcon_core.package_identification:_identify(src/slam_toolbox) by extensions ['ignore', 'ignore_ament_install']
[4.084s] Level 1:colcon.colcon_core.package_identification:_identify(src/slam_toolbox) by extension 'ignore'
[4.085s] Level 1:colcon.colcon_core.package_identification:_identify(src/slam_toolbox) by extension 'ignore_ament_install'
[4.089s] Level 1:colcon.colcon_core.package_identification:_identify(src/slam_toolbox) by extensions ['colcon_pkg']
[4.089s] Level 1:colcon.colcon_core.package_identification:_identify(src/slam_toolbox) by extension 'colcon_pkg'
[4.090s] Level 1:colcon.colcon_core.package_identification:_identify(src/slam_toolbox) by extensions ['colcon_meta']
[4.091s] Level 1:colcon.colcon_core.package_identification:_identify(src/slam_toolbox) by extension 'colcon_meta'
[4.091s] Level 1:colcon.colcon_core.package_identification:_identify(src/slam_toolbox) by extensions ['ros']
[4.092s] Level 1:colcon.colcon_core.package_identification:_identify(src/slam_toolbox) by extension 'ros'
[4.151s] DEBUG:colcon.colcon_core.package_identification:Package 'src/slam_toolbox' with type 'ros.ament_cmake' and name 'slam_toolbox'
[4.185s] Level 1:colcon.colcon_core.package_identification:_identify(src/sllidar_ros2) by extensions ['ignore', 'ignore_ament_install']
[4.188s] Level 1:colcon.colcon_core.package_identification:_identify(src/sllidar_ros2) by extension 'ignore'
[4.191s] Level 1:colcon.colcon_core.package_identification:_identify(src/sllidar_ros2) by extension 'ignore_ament_install'
[4.194s] Level 1:colcon.colcon_core.package_identification:_identify(src/sllidar_ros2) by extensions ['colcon_pkg']
[4.196s] Level 1:colcon.colcon_core.package_identification:_identify(src/sllidar_ros2) by extension 'colcon_pkg'
[4.224s] Level 1:colcon.colcon_core.package_identification:_identify(src/sllidar_ros2) by extensions ['colcon_meta']
[4.224s] Level 1:colcon.colcon_core.package_identification:_identify(src/sllidar_ros2) by extension 'colcon_meta'
[4.226s] Level 1:colcon.colcon_core.package_identification:_identify(src/sllidar_ros2) by extensions ['ros']
[4.227s] Level 1:colcon.colcon_core.package_identification:_identify(src/sllidar_ros2) by extension 'ros'
[4.237s] DEBUG:colcon.colcon_core.package_identification:Package 'src/sllidar_ros2' with type 'ros.ament_cmake' and name 'sllidar_ros2'
[4.248s] Level 1:colcon.colcon_core.package_identification:_identify(src/spas_bringup) by extensions ['ignore', 'ignore_ament_install']
[4.249s] Level 1:colcon.colcon_core.package_identification:_identify(src/spas_bringup) by extension 'ignore'
[4.250s] Level 1:colcon.colcon_core.package_identification:_identify(src/spas_bringup) by extension 'ignore_ament_install'
[4.251s] Level 1:colcon.colcon_core.package_identification:_identify(src/spas_bringup) by extensions ['colcon_pkg']
[4.251s] Level 1:colcon.colcon_core.package_identification:_identify(src/spas_bringup) by extension 'colcon_pkg'
[4.253s] Level 1:colcon.colcon_core.package_identification:_identify(src/spas_bringup) by extensions ['colcon_meta']
[4.253s] Level 1:colcon.colcon_core.package_identification:_identify(src/spas_bringup) by extension 'colcon_meta'
[4.253s] Level 1:colcon.colcon_core.package_identification:_identify(src/spas_bringup) by extensions ['ros']
[4.254s] Level 1:colcon.colcon_core.package_identification:_identify(src/spas_bringup) by extension 'ros'
[4.258s] DEBUG:colcon.colcon_core.package_identification:Package 'src/spas_bringup' with type 'ros.ament_cmake' and name 'spas_bringup'
[4.260s] Level 1:colcon.colcon_core.package_identification:_identify(src/spas_control) by extensions ['ignore', 'ignore_ament_install']
[4.261s] Level 1:colcon.colcon_core.package_identification:_identify(src/spas_control) by extension 'ignore'
[4.262s] Level 1:colcon.colcon_core.package_identification:_identify(src/spas_control) by extension 'ignore_ament_install'
[4.262s] Level 1:colcon.colcon_core.package_identification:_identify(src/spas_control) by extensions ['colcon_pkg']
[4.262s] Level 1:colcon.colcon_core.package_identification:_identify(src/spas_control) by extension 'colcon_pkg'
[4.263s] Level 1:colcon.colcon_core.package_identification:_identify(src/spas_control) by extensions ['colcon_meta']
[4.263s] Level 1:colcon.colcon_core.package_identification:_identify(src/spas_control) by extension 'colcon_meta'
[4.263s] Level 1:colcon.colcon_core.package_identification:_identify(src/spas_control) by extensions ['ros']
[4.264s] Level 1:colcon.colcon_core.package_identification:_identify(src/spas_control) by extension 'ros'
[4.267s] DEBUG:colcon.colcon_core.package_identification:Package 'src/spas_control' with type 'ros.ament_python' and name 'spas_control'
[4.268s] Level 1:colcon.colcon_core.package_identification:_identify(src/spas_perception) by extensions ['ignore', 'ignore_ament_install']
[4.269s] Level 1:colcon.colcon_core.package_identification:_identify(src/spas_perception) by extension 'ignore'
[4.270s] Level 1:colcon.colcon_core.package_identification:_identify(src/spas_perception) by extension 'ignore_ament_install'
[4.270s] Level 1:colcon.colcon_core.package_identification:_identify(src/spas_perception) by extensions ['colcon_pkg']
[4.271s] Level 1:colcon.colcon_core.package_identification:_identify(src/spas_perception) by extension 'colcon_pkg'
[4.271s] Level 1:colcon.colcon_core.package_identification:_identify(src/spas_perception) by extensions ['colcon_meta']
[4.271s] Level 1:colcon.colcon_core.package_identification:_identify(src/spas_perception) by extension 'colcon_meta'
[4.272s] Level 1:colcon.colcon_core.package_identification:_identify(src/spas_perception) by extensions ['ros']
[4.272s] Level 1:colcon.colcon_core.package_identification:_identify(src/spas_perception) by extension 'ros'
[4.275s] DEBUG:colcon.colcon_core.package_identification:Package 'src/spas_perception' with type 'ros.ament_python' and name 'spas_perception'
[4.276s] Level 1:colcon.colcon_core.package_identification:_identify(src/spas_planning) by extensions ['ignore', 'ignore_ament_install']
[4.277s] Level 1:colcon.colcon_core.package_identification:_identify(src/spas_planning) by extension 'ignore'
[4.277s] Level 1:colcon.colcon_core.package_identification:_identify(src/spas_planning) by extension 'ignore_ament_install'
[4.278s] Level 1:colcon.colcon_core.package_identification:_identify(src/spas_planning) by extensions ['colcon_pkg']
[4.278s] Level 1:colcon.colcon_core.package_identification:_identify(src/spas_planning) by extension 'colcon_pkg'
[4.279s] Level 1:colcon.colcon_core.package_identification:_identify(src/spas_planning) by extensions ['colcon_meta']
[4.279s] Level 1:colcon.colcon_core.package_identification:_identify(src/spas_planning) by extension 'colcon_meta'
[4.279s] Level 1:colcon.colcon_core.package_identification:_identify(src/spas_planning) by extensions ['ros']
[4.279s] Level 1:colcon.colcon_core.package_identification:_identify(src/spas_planning) by extension 'ros'
[4.282s] DEBUG:colcon.colcon_core.package_identification:Package 'src/spas_planning' with type 'ros.ament_python' and name 'spas_planning'
[4.283s] Level 1:colcon.colcon_core.package_discovery:discover_packages(recursive) using defaults
[4.284s] Level 1:colcon.colcon_core.package_discovery:discover_packages(ignore) discover
[4.285s] Level 1:colcon.colcon_core.package_discovery:discover_packages(ignore) using defaults
[4.285s] Level 1:colcon.colcon_core.package_discovery:discover_packages(path) discover
[4.285s] Level 1:colcon.colcon_core.package_discovery:discover_packages(path) using defaults
