[0.471s] DEBUG:colcon:Command line arguments: ['/usr/bin/colcon', 'build', '--packages-select', 'spas_control', 'spas_planning']
[0.471s] DEBUG:colcon:Parsed command line arguments: Namespace(log_base=None, log_level=None, verb_name='build', build_base='build', install_base='install', merge_install=False, symlink_install=False, test_result_base=None, continue_on_error=False, executor='parallel', parallel_workers=4, event_handlers=None, ignore_user_meta=False, metas=['./colcon.meta'], base_paths=['.'], packages_ignore=None, packages_ignore_regex=None, paths=None, packages_up_to=None, packages_up_to_regex=None, packages_above=None, packages_above_and_dependencies=None, packages_above_depth=None, packages_select_by_dep=None, packages_skip_by_dep=None, packages_skip_up_to=None, packages_select_build_failed=False, packages_skip_build_finished=False, packages_select_test_failures=False, packages_skip_test_passed=False, packages_select=['spas_control', 'spas_planning'], packages_skip=None, packages_select_regex=None, packages_skip_regex=None, packages_start=None, packages_end=None, allow_overriding=[], cmake_args=None, cmake_target=None, cmake_target_skip_unavailable=False, cmake_clean_cache=False, cmake_clean_first=False, cmake_force_configure=False, ament_cmake_args=None, catkin_cmake_args=None, catkin_skip_building_tests=False, verb_parser=<colcon_defaults.argument_parser.defaults.DefaultArgumentsDecorator object at 0xffff7f5ce1a0>, verb_extension=<colcon_core.verb.build.BuildVerb object at 0xffff7f76b550>, main=<bound method BuildVerb.main of <colcon_core.verb.build.BuildVerb object at 0xffff7f76b550>>)
[1.468s] Level 1:colcon.colcon_core.package_discovery:discover_packages(colcon_meta) check parameters
[1.469s] Level 1:colcon.colcon_core.package_discovery:discover_packages(recursive) check parameters
[1.469s] Level 1:colcon.colcon_core.package_discovery:discover_packages(ignore) check parameters
[1.469s] Level 1:colcon.colcon_core.package_discovery:discover_packages(path) check parameters
[1.469s] Level 1:colcon.colcon_core.package_discovery:discover_packages(colcon_meta) discover
[1.469s] Level 1:colcon.colcon_core.package_discovery:discover_packages(recursive) discover
[1.470s] INFO:colcon.colcon_core.package_discovery:Crawling recursively for packages in '/home/ubuntu/spas_ws'
[1.470s] Level 1:colcon.colcon_core.package_identification:_identify(.) by extensions ['ignore', 'ignore_ament_install']
[1.470s] Level 1:colcon.colcon_core.package_identification:_identify(.) by extension 'ignore'
[1.471s] Level 1:colcon.colcon_core.package_identification:_identify(.) by extension 'ignore_ament_install'
[1.471s] Level 1:colcon.colcon_core.package_identification:_identify(.) by extensions ['colcon_pkg']
[1.471s] Level 1:colcon.colcon_core.package_identification:_identify(.) by extension 'colcon_pkg'
[1.471s] Level 1:colcon.colcon_core.package_identification:_identify(.) by extensions ['colcon_meta']
[1.471s] Level 1:colcon.colcon_core.package_identification:_identify(.) by extension 'colcon_meta'
[1.471s] Level 1:colcon.colcon_core.package_identification:_identify(.) by extensions ['ros']
[1.472s] Level 1:colcon.colcon_core.package_identification:_identify(.) by extension 'ros'
[1.552s] Level 1:colcon.colcon_core.package_identification:_identify(.) by extensions ['cmake', 'python']
[1.552s] Level 1:colcon.colcon_core.package_identification:_identify(.) by extension 'cmake'
[1.552s] Level 1:colcon.colcon_core.package_identification:_identify(.) by extension 'python'
[1.553s] Level 1:colcon.colcon_core.package_identification:_identify(.) by extensions ['python_setup_py']
[1.553s] Level 1:colcon.colcon_core.package_identification:_identify(.) by extension 'python_setup_py'
[1.553s] Level 1:colcon.colcon_core.package_identification:_identify(build) by extensions ['ignore', 'ignore_ament_install']
[1.554s] Level 1:colcon.colcon_core.package_identification:_identify(build) by extension 'ignore'
[1.554s] Level 1:colcon.colcon_core.package_identification:_identify(build) ignored
[1.554s] Level 1:colcon.colcon_core.package_identification:_identify(install) by extensions ['ignore', 'ignore_ament_install']
[1.555s] Level 1:colcon.colcon_core.package_identification:_identify(install) by extension 'ignore'
[1.555s] Level 1:colcon.colcon_core.package_identification:_identify(install) ignored
[1.556s] Level 1:colcon.colcon_core.package_identification:_identify(log) by extensions ['ignore', 'ignore_ament_install']
[1.556s] Level 1:colcon.colcon_core.package_identification:_identify(log) by extension 'ignore'
[1.556s] Level 1:colcon.colcon_core.package_identification:_identify(log) ignored
[1.558s] Level 1:colcon.colcon_core.package_identification:_identify(maps) by extensions ['ignore', 'ignore_ament_install']
[1.558s] Level 1:colcon.colcon_core.package_identification:_identify(maps) by extension 'ignore'
[1.558s] Level 1:colcon.colcon_core.package_identification:_identify(maps) by extension 'ignore_ament_install'
[1.558s] Level 1:colcon.colcon_core.package_identification:_identify(maps) by extensions ['colcon_pkg']
[1.558s] Level 1:colcon.colcon_core.package_identification:_identify(maps) by extension 'colcon_pkg'
[1.559s] Level 1:colcon.colcon_core.package_identification:_identify(maps) by extensions ['colcon_meta']
[1.559s] Level 1:colcon.colcon_core.package_identification:_identify(maps) by extension 'colcon_meta'
[1.559s] Level 1:colcon.colcon_core.package_identification:_identify(maps) by extensions ['ros']
[1.559s] Level 1:colcon.colcon_core.package_identification:_identify(maps) by extension 'ros'
[1.559s] Level 1:colcon.colcon_core.package_identification:_identify(maps) by extensions ['cmake', 'python']
[1.560s] Level 1:colcon.colcon_core.package_identification:_identify(maps) by extension 'cmake'
[1.560s] Level 1:colcon.colcon_core.package_identification:_identify(maps) by extension 'python'
[1.560s] Level 1:colcon.colcon_core.package_identification:_identify(maps) by extensions ['python_setup_py']
[1.560s] Level 1:colcon.colcon_core.package_identification:_identify(maps) by extension 'python_setup_py'
[1.560s] Level 1:colcon.colcon_core.package_identification:_identify(src) by extensions ['ignore', 'ignore_ament_install']
[1.561s] Level 1:colcon.colcon_core.package_identification:_identify(src) by extension 'ignore'
[1.561s] Level 1:colcon.colcon_core.package_identification:_identify(src) by extension 'ignore_ament_install'
[1.561s] Level 1:colcon.colcon_core.package_identification:_identify(src) by extensions ['colcon_pkg']
[1.561s] Level 1:colcon.colcon_core.package_identification:_identify(src) by extension 'colcon_pkg'
[1.561s] Level 1:colcon.colcon_core.package_identification:_identify(src) by extensions ['colcon_meta']
[1.562s] Level 1:colcon.colcon_core.package_identification:_identify(src) by extension 'colcon_meta'
[1.562s] Level 1:colcon.colcon_core.package_identification:_identify(src) by extensions ['ros']
[1.562s] Level 1:colcon.colcon_core.package_identification:_identify(src) by extension 'ros'
[1.562s] Level 1:colcon.colcon_core.package_identification:_identify(src) by extensions ['cmake', 'python']
[1.562s] Level 1:colcon.colcon_core.package_identification:_identify(src) by extension 'cmake'
[1.562s] Level 1:colcon.colcon_core.package_identification:_identify(src) by extension 'python'
[1.563s] Level 1:colcon.colcon_core.package_identification:_identify(src) by extensions ['python_setup_py']
[1.563s] Level 1:colcon.colcon_core.package_identification:_identify(src) by extension 'python_setup_py'
[1.563s] Level 1:colcon.colcon_core.package_identification:_identify(src/slam_toolbox) by extensions ['ignore', 'ignore_ament_install']
[1.564s] Level 1:colcon.colcon_core.package_identification:_identify(src/slam_toolbox) by extension 'ignore'
[1.564s] Level 1:colcon.colcon_core.package_identification:_identify(src/slam_toolbox) by extension 'ignore_ament_install'
[1.564s] Level 1:colcon.colcon_core.package_identification:_identify(src/slam_toolbox) by extensions ['colcon_pkg']
[1.564s] Level 1:colcon.colcon_core.package_identification:_identify(src/slam_toolbox) by extension 'colcon_pkg'
[1.564s] Level 1:colcon.colcon_core.package_identification:_identify(src/slam_toolbox) by extensions ['colcon_meta']
[1.564s] Level 1:colcon.colcon_core.package_identification:_identify(src/slam_toolbox) by extension 'colcon_meta'
[1.565s] Level 1:colcon.colcon_core.package_identification:_identify(src/slam_toolbox) by extensions ['ros']
[1.565s] Level 1:colcon.colcon_core.package_identification:_identify(src/slam_toolbox) by extension 'ros'
[1.578s] DEBUG:colcon.colcon_core.package_identification:Package 'src/slam_toolbox' with type 'ros.ament_cmake' and name 'slam_toolbox'
[1.579s] Level 1:colcon.colcon_core.package_identification:_identify(src/sllidar_ros2) by extensions ['ignore', 'ignore_ament_install']
[1.579s] Level 1:colcon.colcon_core.package_identification:_identify(src/sllidar_ros2) by extension 'ignore'
[1.579s] Level 1:colcon.colcon_core.package_identification:_identify(src/sllidar_ros2) by extension 'ignore_ament_install'
[1.579s] Level 1:colcon.colcon_core.package_identification:_identify(src/sllidar_ros2) by extensions ['colcon_pkg']
[1.579s] Level 1:colcon.colcon_core.package_identification:_identify(src/sllidar_ros2) by extension 'colcon_pkg'
[1.580s] Level 1:colcon.colcon_core.package_identification:_identify(src/sllidar_ros2) by extensions ['colcon_meta']
[1.580s] Level 1:colcon.colcon_core.package_identification:_identify(src/sllidar_ros2) by extension 'colcon_meta'
[1.580s] Level 1:colcon.colcon_core.package_identification:_identify(src/sllidar_ros2) by extensions ['ros']
[1.580s] Level 1:colcon.colcon_core.package_identification:_identify(src/sllidar_ros2) by extension 'ros'
[1.583s] DEBUG:colcon.colcon_core.package_identification:Package 'src/sllidar_ros2' with type 'ros.ament_cmake' and name 'sllidar_ros2'
[1.583s] Level 1:colcon.colcon_core.package_identification:_identify(src/spas_bringup) by extensions ['ignore', 'ignore_ament_install']
[1.584s] Level 1:colcon.colcon_core.package_identification:_identify(src/spas_bringup) by extension 'ignore'
[1.584s] Level 1:colcon.colcon_core.package_identification:_identify(src/spas_bringup) by extension 'ignore_ament_install'
[1.584s] Level 1:colcon.colcon_core.package_identification:_identify(src/spas_bringup) by extensions ['colcon_pkg']
[1.584s] Level 1:colcon.colcon_core.package_identification:_identify(src/spas_bringup) by extension 'colcon_pkg'
[1.584s] Level 1:colcon.colcon_core.package_identification:_identify(src/spas_bringup) by extensions ['colcon_meta']
[1.584s] Level 1:colcon.colcon_core.package_identification:_identify(src/spas_bringup) by extension 'colcon_meta'
[1.585s] Level 1:colcon.colcon_core.package_identification:_identify(src/spas_bringup) by extensions ['ros']
[1.585s] Level 1:colcon.colcon_core.package_identification:_identify(src/spas_bringup) by extension 'ros'
[1.587s] DEBUG:colcon.colcon_core.package_identification:Package 'src/spas_bringup' with type 'ros.ament_cmake' and name 'spas_bringup'
[1.588s] Level 1:colcon.colcon_core.package_identification:_identify(src/spas_control) by extensions ['ignore', 'ignore_ament_install']
[1.588s] Level 1:colcon.colcon_core.package_identification:_identify(src/spas_control) by extension 'ignore'
[1.588s] Level 1:colcon.colcon_core.package_identification:_identify(src/spas_control) by extension 'ignore_ament_install'
[1.589s] Level 1:colcon.colcon_core.package_identification:_identify(src/spas_control) by extensions ['colcon_pkg']
[1.589s] Level 1:colcon.colcon_core.package_identification:_identify(src/spas_control) by extension 'colcon_pkg'
[1.589s] Level 1:colcon.colcon_core.package_identification:_identify(src/spas_control) by extensions ['colcon_meta']
[1.589s] Level 1:colcon.colcon_core.package_identification:_identify(src/spas_control) by extension 'colcon_meta'
[1.589s] Level 1:colcon.colcon_core.package_identification:_identify(src/spas_control) by extensions ['ros']
[1.589s] Level 1:colcon.colcon_core.package_identification:_identify(src/spas_control) by extension 'ros'
[1.592s] DEBUG:colcon.colcon_core.package_identification:Package 'src/spas_control' with type 'ros.ament_python' and name 'spas_control'
[1.592s] Level 1:colcon.colcon_core.package_identification:_identify(src/spas_perception) by extensions ['ignore', 'ignore_ament_install']
[1.593s] Level 1:colcon.colcon_core.package_identification:_identify(src/spas_perception) by extension 'ignore'
[1.593s] Level 1:colcon.colcon_core.package_identification:_identify(src/spas_perception) by extension 'ignore_ament_install'
[1.593s] Level 1:colcon.colcon_core.package_identification:_identify(src/spas_perception) by extensions ['colcon_pkg']
[1.593s] Level 1:colcon.colcon_core.package_identification:_identify(src/spas_perception) by extension 'colcon_pkg'
[1.593s] Level 1:colcon.colcon_core.package_identification:_identify(src/spas_perception) by extensions ['colcon_meta']
[1.593s] Level 1:colcon.colcon_core.package_identification:_identify(src/spas_perception) by extension 'colcon_meta'
[1.594s] Level 1:colcon.colcon_core.package_identification:_identify(src/spas_perception) by extensions ['ros']
[1.594s] Level 1:colcon.colcon_core.package_identification:_identify(src/spas_perception) by extension 'ros'
[1.596s] DEBUG:colcon.colcon_core.package_identification:Package 'src/spas_perception' with type 'ros.ament_python' and name 'spas_perception'
[1.596s] Level 1:colcon.colcon_core.package_identification:_identify(src/spas_planning) by extensions ['ignore', 'ignore_ament_install']
[1.597s] Level 1:colcon.colcon_core.package_identification:_identify(src/spas_planning) by extension 'ignore'
[1.597s] Level 1:colcon.colcon_core.package_identification:_identify(src/spas_planning) by extension 'ignore_ament_install'
[1.597s] Level 1:colcon.colcon_core.package_identification:_identify(src/spas_planning) by extensions ['colcon_pkg']
[1.597s] Level 1:colcon.colcon_core.package_identification:_identify(src/spas_planning) by extension 'colcon_pkg'
[1.597s] Level 1:colcon.colcon_core.package_identification:_identify(src/spas_planning) by extensions ['colcon_meta']
[1.598s] Level 1:colcon.colcon_core.package_identification:_identify(src/spas_planning) by extension 'colcon_meta'
[1.598s] Level 1:colcon.colcon_core.package_identification:_identify(src/spas_planning) by extensions ['ros']
[1.598s] Level 1:colcon.colcon_core.package_identification:_identify(src/spas_planning) by extension 'ros'
[1.600s] DEBUG:colcon.colcon_core.package_identification:Package 'src/spas_planning' with type 'ros.ament_python' and name 'spas_planning'
[1.601s] Level 1:colcon.colcon_core.package_discovery:discover_packages(recursive) using defaults
[1.601s] Level 1:colcon.colcon_core.package_discovery:discover_packages(ignore) discover
[1.601s] Level 1:colcon.colcon_core.package_discovery:discover_packages(ignore) using defaults
[1.601s] Level 1:colcon.colcon_core.package_discovery:discover_packages(path) discover
[1.601s] Level 1:colcon.colcon_core.package_discovery:discover_packages(path) using defaults
[1.686s] INFO:colcon.colcon_core.package_selection:Skipping not selected package 'slam_toolbox' in 'src/slam_toolbox'
[1.687s] INFO:colcon.colcon_core.package_selection:Skipping not selected package 'sllidar_ros2' in 'src/sllidar_ros2'
[1.687s] INFO:colcon.colcon_core.package_selection:Skipping not selected package 'spas_perception' in 'src/spas_perception'
[1.687s] INFO:colcon.colcon_core.package_selection:Skipping not selected package 'spas_bringup' in 'src/spas_bringup'
[1.689s] Level 1:colcon.colcon_core.package_discovery:discover_packages(prefix_path) check parameters
[1.689s] Level 1:colcon.colcon_core.package_discovery:discover_packages(prefix_path) discover
[1.699s] DEBUG:colcon.colcon_installed_package_information.package_discovery:Found 6 installed packages in /home/ubuntu/spas_ws/install
[1.710s] DEBUG:colcon.colcon_installed_package_information.package_discovery:Found 372 installed packages in /opt/ros/humble
[1.722s] Level 1:colcon.colcon_core.package_discovery:discover_packages(prefix_path) using defaults
[1.927s] WARNING:colcon.colcon_core.package_selection:Some selected packages are already built in one or more underlay workspaces:
	'spas_control' is in: /home/ubuntu/spas_ws/install/spas_control
	'spas_planning' is in: /home/ubuntu/spas_ws/install/spas_planning
If a package in a merged underlay workspace is overridden and it installs headers, then all packages in the overlay must sort their include directories by workspace order. Failure to do so may result in build failures or undefined behavior at run time.
If the overridden package is used by another package in any underlay, then the overriding package in the overlay must be API and ABI compatible or undefined behavior at run time may occur.

If you understand the risks and want to override a package anyways, add the following to the command line:
	--allow-overriding spas_control spas_planning

This may be promoted to an error in a future release of colcon-override-check.
[1.931s] Level 5:colcon.colcon_core.verb:set package 'spas_control' build argument 'cmake_args' from command line to 'None'
[1.931s] Level 5:colcon.colcon_core.verb:set package 'spas_control' build argument 'cmake_target' from command line to 'None'
[1.931s] Level 5:colcon.colcon_core.verb:set package 'spas_control' build argument 'cmake_target_skip_unavailable' from command line to 'False'
[1.932s] Level 5:colcon.colcon_core.verb:set package 'spas_control' build argument 'cmake_clean_cache' from command line to 'False'
[1.932s] Level 5:colcon.colcon_core.verb:set package 'spas_control' build argument 'cmake_clean_first' from command line to 'False'
[1.932s] Level 5:colcon.colcon_core.verb:set package 'spas_control' build argument 'cmake_force_configure' from command line to 'False'
[1.932s] Level 5:colcon.colcon_core.verb:set package 'spas_control' build argument 'ament_cmake_args' from command line to 'None'
[1.932s] Level 5:colcon.colcon_core.verb:set package 'spas_control' build argument 'catkin_cmake_args' from command line to 'None'
[1.932s] Level 5:colcon.colcon_core.verb:set package 'spas_control' build argument 'catkin_skip_building_tests' from command line to 'False'
[1.932s] DEBUG:colcon.colcon_core.verb:Building package 'spas_control' with the following arguments: {'ament_cmake_args': None, 'build_base': '/home/ubuntu/spas_ws/build/spas_control', 'catkin_cmake_args': None, 'catkin_skip_building_tests': False, 'cmake_args': None, 'cmake_clean_cache': False, 'cmake_clean_first': False, 'cmake_force_configure': False, 'cmake_target': None, 'cmake_target_skip_unavailable': False, 'install_base': '/home/ubuntu/spas_ws/install/spas_control', 'merge_install': False, 'path': '/home/ubuntu/spas_ws/src/spas_control', 'symlink_install': False, 'test_result_base': None}
[1.934s] Level 5:colcon.colcon_core.verb:set package 'spas_planning' build argument 'cmake_args' from command line to 'None'
[1.934s] Level 5:colcon.colcon_core.verb:set package 'spas_planning' build argument 'cmake_target' from command line to 'None'
[1.934s] Level 5:colcon.colcon_core.verb:set package 'spas_planning' build argument 'cmake_target_skip_unavailable' from command line to 'False'
[1.934s] Level 5:colcon.colcon_core.verb:set package 'spas_planning' build argument 'cmake_clean_cache' from command line to 'False'
[1.934s] Level 5:colcon.colcon_core.verb:set package 'spas_planning' build argument 'cmake_clean_first' from command line to 'False'
[1.934s] Level 5:colcon.colcon_core.verb:set package 'spas_planning' build argument 'cmake_force_configure' from command line to 'False'
[1.934s] Level 5:colcon.colcon_core.verb:set package 'spas_planning' build argument 'ament_cmake_args' from command line to 'None'
[1.934s] Level 5:colcon.colcon_core.verb:set package 'spas_planning' build argument 'catkin_cmake_args' from command line to 'None'
[1.934s] Level 5:colcon.colcon_core.verb:set package 'spas_planning' build argument 'catkin_skip_building_tests' from command line to 'False'
[1.935s] DEBUG:colcon.colcon_core.verb:Building package 'spas_planning' with the following arguments: {'ament_cmake_args': None, 'build_base': '/home/ubuntu/spas_ws/build/spas_planning', 'catkin_cmake_args': None, 'catkin_skip_building_tests': False, 'cmake_args': None, 'cmake_clean_cache': False, 'cmake_clean_first': False, 'cmake_force_configure': False, 'cmake_target': None, 'cmake_target_skip_unavailable': False, 'install_base': '/home/ubuntu/spas_ws/install/spas_planning', 'merge_install': False, 'path': '/home/ubuntu/spas_ws/src/spas_planning', 'symlink_install': False, 'test_result_base': None}
[1.935s] INFO:colcon.colcon_core.executor:Executing jobs using 'parallel' executor
[1.938s] DEBUG:colcon.colcon_parallel_executor.executor.parallel:run_until_complete
[1.939s] INFO:colcon.colcon_ros.task.ament_python.build:Building ROS package in '/home/ubuntu/spas_ws/src/spas_control' with build type 'ament_python'
[1.940s] Level 1:colcon.colcon_core.shell:create_environment_hook('spas_control', 'ament_prefix_path')
[1.949s] INFO:colcon.colcon_core.plugin_system:Skipping extension 'colcon_core.shell.bat': Not used on non-Windows systems
[1.950s] INFO:colcon.colcon_core.shell:Creating environment hook '/home/ubuntu/spas_ws/install/spas_control/share/spas_control/hook/ament_prefix_path.ps1'
[1.953s] INFO:colcon.colcon_core.shell:Creating environment descriptor '/home/ubuntu/spas_ws/install/spas_control/share/spas_control/hook/ament_prefix_path.dsv'
[1.955s] INFO:colcon.colcon_core.shell:Creating environment hook '/home/ubuntu/spas_ws/install/spas_control/share/spas_control/hook/ament_prefix_path.sh'
[1.959s] INFO:colcon.colcon_core.shell:Skip shell extension 'powershell' for command environment: Not usable outside of PowerShell
[1.959s] DEBUG:colcon.colcon_core.shell:Skip shell extension 'dsv' for command environment
[1.982s] INFO:colcon.colcon_ros.task.ament_python.build:Building ROS package in '/home/ubuntu/spas_ws/src/spas_planning' with build type 'ament_python'
[1.983s] Level 1:colcon.colcon_core.shell:create_environment_hook('spas_planning', 'ament_prefix_path')
[1.984s] INFO:colcon.colcon_core.shell:Creating environment hook '/home/ubuntu/spas_ws/install/spas_planning/share/spas_planning/hook/ament_prefix_path.ps1'
[1.986s] INFO:colcon.colcon_core.shell:Creating environment descriptor '/home/ubuntu/spas_ws/install/spas_planning/share/spas_planning/hook/ament_prefix_path.dsv'
[1.988s] INFO:colcon.colcon_core.shell:Creating environment hook '/home/ubuntu/spas_ws/install/spas_planning/share/spas_planning/hook/ament_prefix_path.sh'
[1.992s] INFO:colcon.colcon_core.shell:Skip shell extension 'powershell' for command environment: Not usable outside of PowerShell
[1.992s] DEBUG:colcon.colcon_core.shell:Skip shell extension 'dsv' for command environment
[3.418s] INFO:colcon.colcon_core.task.python.build:Building Python package in '/home/ubuntu/spas_ws/src/spas_control'
[3.420s] INFO:colcon.colcon_core.shell:Skip shell extension 'powershell' for command environment: Not usable outside of PowerShell
[3.420s] DEBUG:colcon.colcon_core.shell:Skip shell extension 'dsv' for command environment
[4.845s] INFO:colcon.colcon_core.task.python.build:Building Python package in '/home/ubuntu/spas_ws/src/spas_planning'
[4.846s] INFO:colcon.colcon_core.shell:Skip shell extension 'powershell' for command environment: Not usable outside of PowerShell
[4.846s] DEBUG:colcon.colcon_core.shell:Skip shell extension 'dsv' for command environment
[7.030s] DEBUG:colcon.colcon_core.event_handler.log_command:Invoking command in '/home/ubuntu/spas_ws/build/spas_control': PYTHONPATH=/home/ubuntu/spas_ws/build/spas_control/prefix_override:/usr/lib/python3/dist-packages/colcon_core/task/python/colcon_distutils_commands:/home/ubuntu/spas_ws/install/spas_control/lib/python3.10/site-packages:${PYTHONPATH} /usr/bin/python3 -W ignore:setup.py install is deprecated -W ignore:easy_install command is deprecated setup.py develop --uninstall --editable --build-directory /home/ubuntu/spas_ws/build/spas_control/build
[7.056s] DEBUG:colcon.colcon_core.event_handler.log_command:Invoking command in '/home/ubuntu/spas_ws/src/spas_planning': PYTHONPATH=/home/ubuntu/spas_ws/build/spas_planning/prefix_override:/usr/lib/python3/dist-packages/colcon_core/task/python/colcon_distutils_commands:/home/ubuntu/spas_ws/install/spas_planning/lib/python3.10/site-packages:${PYTHONPATH} /usr/bin/python3 -W ignore:setup.py install is deprecated -W ignore:easy_install command is deprecated setup.py egg_info --egg-base ../../build/spas_planning build --build-base /home/ubuntu/spas_ws/build/spas_planning/build install --record /home/ubuntu/spas_ws/build/spas_planning/install.log --single-version-externally-managed install_data
[8.849s] DEBUG:colcon.colcon_core.event_handler.log_command:Invoked command in '/home/ubuntu/spas_ws/src/spas_planning' returned '0': PYTHONPATH=/home/ubuntu/spas_ws/build/spas_planning/prefix_override:/usr/lib/python3/dist-packages/colcon_core/task/python/colcon_distutils_commands:/home/ubuntu/spas_ws/install/spas_planning/lib/python3.10/site-packages:${PYTHONPATH} /usr/bin/python3 -W ignore:setup.py install is deprecated -W ignore:easy_install command is deprecated setup.py egg_info --egg-base ../../build/spas_planning build --build-base /home/ubuntu/spas_ws/build/spas_planning/build install --record /home/ubuntu/spas_ws/build/spas_planning/install.log --single-version-externally-managed install_data
[8.860s] Level 1:colcon.colcon_core.environment:checking '/home/ubuntu/spas_ws/install/spas_planning' for CMake module files
[8.863s] Level 1:colcon.colcon_core.environment:checking '/home/ubuntu/spas_ws/install/spas_planning' for CMake config files
[8.867s] Level 1:colcon.colcon_core.environment:checking '/home/ubuntu/spas_ws/install/spas_planning/lib'
[8.868s] Level 1:colcon.colcon_core.environment:checking '/home/ubuntu/spas_ws/install/spas_planning/bin'
[8.868s] Level 1:colcon.colcon_core.environment:checking '/home/ubuntu/spas_ws/install/spas_planning/lib/pkgconfig/spas_planning.pc'
[8.869s] Level 1:colcon.colcon_core.environment:checking '/home/ubuntu/spas_ws/install/spas_planning/lib/python3.10/site-packages'
[8.869s] Level 1:colcon.colcon_core.shell:create_environment_hook('spas_planning', 'pythonpath')
[8.870s] INFO:colcon.colcon_core.shell:Creating environment hook '/home/ubuntu/spas_ws/install/spas_planning/share/spas_planning/hook/pythonpath.ps1'
[8.872s] INFO:colcon.colcon_core.shell:Creating environment descriptor '/home/ubuntu/spas_ws/install/spas_planning/share/spas_planning/hook/pythonpath.dsv'
[8.874s] INFO:colcon.colcon_core.shell:Creating environment hook '/home/ubuntu/spas_ws/install/spas_planning/share/spas_planning/hook/pythonpath.sh'
[8.878s] Level 1:colcon.colcon_core.environment:checking '/home/ubuntu/spas_ws/install/spas_planning/bin'
[8.878s] Level 1:colcon.colcon_core.environment:create_environment_scripts_only(spas_planning)
[8.880s] INFO:colcon.colcon_core.shell:Creating package script '/home/ubuntu/spas_ws/install/spas_planning/share/spas_planning/package.ps1'
[8.885s] INFO:colcon.colcon_core.shell:Creating package descriptor '/home/ubuntu/spas_ws/install/spas_planning/share/spas_planning/package.dsv'
[8.889s] INFO:colcon.colcon_core.shell:Creating package script '/home/ubuntu/spas_ws/install/spas_planning/share/spas_planning/package.sh'
[8.892s] INFO:colcon.colcon_core.shell:Creating package script '/home/ubuntu/spas_ws/install/spas_planning/share/spas_planning/package.bash'
[8.896s] INFO:colcon.colcon_core.shell:Creating package script '/home/ubuntu/spas_ws/install/spas_planning/share/spas_planning/package.zsh'
[8.900s] Level 1:colcon.colcon_core.environment:create_file_with_runtime_dependencies(/home/ubuntu/spas_ws/install/spas_planning/share/colcon-core/packages/spas_planning)
[9.821s] DEBUG:colcon.colcon_core.event_handler.log_command:Invoked command in '/home/ubuntu/spas_ws/build/spas_control' returned '0': PYTHONPATH=/home/ubuntu/spas_ws/build/spas_control/prefix_override:/usr/lib/python3/dist-packages/colcon_core/task/python/colcon_distutils_commands:/home/ubuntu/spas_ws/install/spas_control/lib/python3.10/site-packages:${PYTHONPATH} /usr/bin/python3 -W ignore:setup.py install is deprecated -W ignore:easy_install command is deprecated setup.py develop --uninstall --editable --build-directory /home/ubuntu/spas_ws/build/spas_control/build
[9.833s] DEBUG:colcon.colcon_core.event_handler.log_command:Invoking command in '/home/ubuntu/spas_ws/src/spas_control': PYTHONPATH=/home/ubuntu/spas_ws/build/spas_control/prefix_override:/usr/lib/python3/dist-packages/colcon_core/task/python/colcon_distutils_commands:/home/ubuntu/spas_ws/install/spas_control/lib/python3.10/site-packages:${PYTHONPATH} /usr/bin/python3 -W ignore:setup.py install is deprecated -W ignore:easy_install command is deprecated setup.py egg_info --egg-base ../../build/spas_control build --build-base /home/ubuntu/spas_ws/build/spas_control/build install --record /home/ubuntu/spas_ws/build/spas_control/install.log --single-version-externally-managed install_data --force
[11.424s] Level 1:colcon.colcon_core.environment:checking '/home/ubuntu/spas_ws/install/spas_control' for CMake module files
[11.426s] DEBUG:colcon.colcon_core.event_handler.log_command:Invoked command in '/home/ubuntu/spas_ws/src/spas_control' returned '0': PYTHONPATH=/home/ubuntu/spas_ws/build/spas_control/prefix_override:/usr/lib/python3/dist-packages/colcon_core/task/python/colcon_distutils_commands:/home/ubuntu/spas_ws/install/spas_control/lib/python3.10/site-packages:${PYTHONPATH} /usr/bin/python3 -W ignore:setup.py install is deprecated -W ignore:easy_install command is deprecated setup.py egg_info --egg-base ../../build/spas_control build --build-base /home/ubuntu/spas_ws/build/spas_control/build install --record /home/ubuntu/spas_ws/build/spas_control/install.log --single-version-externally-managed install_data --force
[11.428s] Level 1:colcon.colcon_core.environment:checking '/home/ubuntu/spas_ws/install/spas_control' for CMake config files
[11.432s] Level 1:colcon.colcon_core.environment:checking '/home/ubuntu/spas_ws/install/spas_control/lib'
[11.432s] Level 1:colcon.colcon_core.environment:checking '/home/ubuntu/spas_ws/install/spas_control/bin'
[11.432s] Level 1:colcon.colcon_core.environment:checking '/home/ubuntu/spas_ws/install/spas_control/lib/pkgconfig/spas_control.pc'
[11.433s] Level 1:colcon.colcon_core.environment:checking '/home/ubuntu/spas_ws/install/spas_control/lib/python3.10/site-packages'
[11.434s] Level 1:colcon.colcon_core.shell:create_environment_hook('spas_control', 'pythonpath')
[11.435s] INFO:colcon.colcon_core.shell:Creating environment hook '/home/ubuntu/spas_ws/install/spas_control/share/spas_control/hook/pythonpath.ps1'
[11.437s] INFO:colcon.colcon_core.shell:Creating environment descriptor '/home/ubuntu/spas_ws/install/spas_control/share/spas_control/hook/pythonpath.dsv'
[11.439s] INFO:colcon.colcon_core.shell:Creating environment hook '/home/ubuntu/spas_ws/install/spas_control/share/spas_control/hook/pythonpath.sh'
[11.442s] Level 1:colcon.colcon_core.environment:checking '/home/ubuntu/spas_ws/install/spas_control/bin'
[11.442s] Level 1:colcon.colcon_core.environment:create_environment_scripts_only(spas_control)
[11.444s] INFO:colcon.colcon_core.shell:Creating package script '/home/ubuntu/spas_ws/install/spas_control/share/spas_control/package.ps1'
[11.447s] INFO:colcon.colcon_core.shell:Creating package descriptor '/home/ubuntu/spas_ws/install/spas_control/share/spas_control/package.dsv'
[11.449s] INFO:colcon.colcon_core.shell:Creating package script '/home/ubuntu/spas_ws/install/spas_control/share/spas_control/package.sh'
[11.452s] INFO:colcon.colcon_core.shell:Creating package script '/home/ubuntu/spas_ws/install/spas_control/share/spas_control/package.bash'
[11.454s] INFO:colcon.colcon_core.shell:Creating package script '/home/ubuntu/spas_ws/install/spas_control/share/spas_control/package.zsh'
[11.456s] Level 1:colcon.colcon_core.environment:create_file_with_runtime_dependencies(/home/ubuntu/spas_ws/install/spas_control/share/colcon-core/packages/spas_control)
[11.457s] DEBUG:colcon.colcon_parallel_executor.executor.parallel:closing loop
[11.458s] DEBUG:colcon.colcon_parallel_executor.executor.parallel:loop closed
[11.459s] DEBUG:colcon.colcon_parallel_executor.executor.parallel:run_until_complete finished with '0'
[11.459s] DEBUG:colcon.colcon_core.event_reactor:joining thread
[11.461s] DEBUG:colcon.colcon_core.event_reactor:joined thread
[11.462s] INFO:colcon.colcon_core.shell:Creating prefix script '/home/ubuntu/spas_ws/install/local_setup.ps1'
[11.465s] INFO:colcon.colcon_core.shell:Creating prefix util module '/home/ubuntu/spas_ws/install/_local_setup_util_ps1.py'
[11.471s] INFO:colcon.colcon_core.shell:Creating prefix chain script '/home/ubuntu/spas_ws/install/setup.ps1'
[11.478s] INFO:colcon.colcon_core.shell:Creating prefix script '/home/ubuntu/spas_ws/install/local_setup.sh'
[11.481s] INFO:colcon.colcon_core.shell:Creating prefix util module '/home/ubuntu/spas_ws/install/_local_setup_util_sh.py'
[11.483s] INFO:colcon.colcon_core.shell:Creating prefix chain script '/home/ubuntu/spas_ws/install/setup.sh'
[11.489s] INFO:colcon.colcon_core.shell:Creating prefix script '/home/ubuntu/spas_ws/install/local_setup.bash'
[11.492s] INFO:colcon.colcon_core.shell:Creating prefix chain script '/home/ubuntu/spas_ws/install/setup.bash'
[11.497s] INFO:colcon.colcon_core.shell:Creating prefix script '/home/ubuntu/spas_ws/install/local_setup.zsh'
[11.500s] INFO:colcon.colcon_core.shell:Creating prefix chain script '/home/ubuntu/spas_ws/install/setup.zsh'
