running develop
running egg_info
creating spas_planning.egg-info
writing spas_planning.egg-info/PKG-INFO
writing dependency_links to spas_planning.egg-info/dependency_links.txt
writing entry points to spas_planning.egg-info/entry_points.txt
writing requirements to spas_planning.egg-info/requires.txt
writing top-level names to spas_planning.egg-info/top_level.txt
writing manifest file 'spas_planning.egg-info/SOURCES.txt'
reading manifest file 'spas_planning.egg-info/SOURCES.txt'
writing manifest file 'spas_planning.egg-info/SOURCES.txt'
running build_ext
Creating /home/ubuntu/spas_ws/install/spas_planning/lib/python3.10/site-packages/spas-planning.egg-link (link to .)

Installed /home/ubuntu/spas_ws/build/spas_planning
running symlink_data
creating /home/ubuntu/spas_ws/install/spas_planning/share/ament_index
creating /home/ubuntu/spas_ws/install/spas_planning/share/ament_index/resource_index
creating /home/ubuntu/spas_ws/install/spas_planning/share/ament_index/resource_index/packages
symbolically linking /home/ubuntu/spas_ws/build/spas_planning/resource/spas_planning -> /home/ubuntu/spas_ws/install/spas_planning/share/ament_index/resource_index/packages
symbolically linking /home/ubuntu/spas_ws/build/spas_planning/package.xml -> /home/ubuntu/spas_ws/install/spas_planning/share/spas_planning
