[9.949s] Invoking command in '/home/ubuntu/spas_ws/build/spas_planning': PYTHONPATH=/home/ubuntu/spas_ws/build/spas_planning/prefix_override:/usr/lib/python3/dist-packages/colcon_core/task/python/colcon_distutils_commands:/home/ubuntu/spas_ws/install/spas_planning/lib/python3.10/site-packages:${PYTHONPATH} /usr/bin/python3 -W ignore:setup.py install is deprecated -W ignore:easy_install command is deprecated setup.py develop --editable --build-directory /home/ubuntu/spas_ws/build/spas_planning/build --no-deps symlink_data
[16.539s] running develop
[22.007s] running egg_info
[22.008s] creating spas_planning.egg-info
[22.011s] writing spas_planning.egg-info/PKG-INFO
[22.019s] writing dependency_links to spas_planning.egg-info/dependency_links.txt
[22.023s] writing entry points to spas_planning.egg-info/entry_points.txt
[22.034s] writing requirements to spas_planning.egg-info/requires.txt
[22.038s] writing top-level names to spas_planning.egg-info/top_level.txt
[22.049s] writing manifest file 'spas_planning.egg-info/SOURCES.txt'
[22.068s] reading manifest file 'spas_planning.egg-info/SOURCES.txt'
[22.072s] writing manifest file 'spas_planning.egg-info/SOURCES.txt'
[22.090s] running build_ext
[22.092s] Creating /home/ubuntu/spas_ws/install/spas_planning/lib/python3.10/site-packages/spas-planning.egg-link (link to .)
[22.111s] 
[22.112s] Installed /home/ubuntu/spas_ws/build/spas_planning
[22.113s] running symlink_data
[22.121s] creating /home/ubuntu/spas_ws/install/spas_planning/share/ament_index
[22.122s] creating /home/ubuntu/spas_ws/install/spas_planning/share/ament_index/resource_index
[22.123s] creating /home/ubuntu/spas_ws/install/spas_planning/share/ament_index/resource_index/packages
[22.125s] symbolically linking /home/ubuntu/spas_ws/build/spas_planning/resource/spas_planning -> /home/ubuntu/spas_ws/install/spas_planning/share/ament_index/resource_index/packages
[22.127s] symbolically linking /home/ubuntu/spas_ws/build/spas_planning/package.xml -> /home/ubuntu/spas_ws/install/spas_planning/share/spas_planning
[22.548s] Invoked command in '/home/ubuntu/spas_ws/build/spas_planning' returned '0': PYTHONPATH=/home/ubuntu/spas_ws/build/spas_planning/prefix_override:/usr/lib/python3/dist-packages/colcon_core/task/python/colcon_distutils_commands:/home/ubuntu/spas_ws/install/spas_planning/lib/python3.10/site-packages:${PYTHONPATH} /usr/bin/python3 -W ignore:setup.py install is deprecated -W ignore:easy_install command is deprecated setup.py develop --editable --build-directory /home/ubuntu/spas_ws/build/spas_planning/build --no-deps symlink_data
