[5.072s] Invoking command in '/home/ubuntu/spas_ws/src/spas_planning': PYTHONPATH=/home/ubuntu/spas_ws/build/spas_planning/prefix_override:/usr/lib/python3/dist-packages/colcon_core/task/python/colcon_distutils_commands:/home/ubuntu/spas_ws/install/spas_planning/lib/python3.10/site-packages:${PYTHONPATH} /usr/bin/python3 -W ignore:setup.py install is deprecated -W ignore:easy_install command is deprecated setup.py egg_info --egg-base ../../build/spas_planning build --build-base /home/ubuntu/spas_ws/build/spas_planning/build install --record /home/ubuntu/spas_ws/build/spas_planning/install.log --single-version-externally-managed install_data
[6.569s] running egg_info
[6.571s] writing ../../build/spas_planning/spas_planning.egg-info/PKG-INFO
[6.573s] writing dependency_links to ../../build/spas_planning/spas_planning.egg-info/dependency_links.txt
[6.574s] writing entry points to ../../build/spas_planning/spas_planning.egg-info/entry_points.txt
[6.575s] writing requirements to ../../build/spas_planning/spas_planning.egg-info/requires.txt
[6.576s] writing top-level names to ../../build/spas_planning/spas_planning.egg-info/top_level.txt
[6.586s] reading manifest file '../../build/spas_planning/spas_planning.egg-info/SOURCES.txt'
[6.591s] writing manifest file '../../build/spas_planning/spas_planning.egg-info/SOURCES.txt'
[6.592s] running build
[6.592s] running build_py
[6.595s] running install
[6.596s] running install_lib
[6.606s] running install_data
[6.606s] running install_egg_info
[6.616s] removing '/home/ubuntu/spas_ws/install/spas_planning/lib/python3.10/site-packages/spas_planning-0.0.0-py3.10.egg-info' (and everything under it)
[6.625s] Copying ../../build/spas_planning/spas_planning.egg-info to /home/ubuntu/spas_ws/install/spas_planning/lib/python3.10/site-packages/spas_planning-0.0.0-py3.10.egg-info
[6.632s] running install_scripts
[6.717s] Installing hybrid_A_star_node script to /home/ubuntu/spas_ws/install/spas_planning/lib/spas_planning
[6.718s] Installing parking_operator script to /home/ubuntu/spas_ws/install/spas_planning/lib/spas_planning
[6.719s] Installing parking_space_detector script to /home/ubuntu/spas_ws/install/spas_planning/lib/spas_planning
[6.720s] Installing safety_node script to /home/ubuntu/spas_ws/install/spas_planning/lib/spas_planning
[6.721s] Installing vehicle_control_node script to /home/ubuntu/spas_ws/install/spas_planning/lib/spas_planning
[6.723s] writing list of installed files to '/home/ubuntu/spas_ws/build/spas_planning/install.log'
[6.866s] Invoked command in '/home/ubuntu/spas_ws/src/spas_planning' returned '0': PYTHONPATH=/home/ubuntu/spas_ws/build/spas_planning/prefix_override:/usr/lib/python3/dist-packages/colcon_core/task/python/colcon_distutils_commands:/home/ubuntu/spas_ws/install/spas_planning/lib/python3.10/site-packages:${PYTHONPATH} /usr/bin/python3 -W ignore:setup.py install is deprecated -W ignore:easy_install command is deprecated setup.py egg_info --egg-base ../../build/spas_planning build --build-base /home/ubuntu/spas_ws/build/spas_planning/build install --record /home/ubuntu/spas_ws/build/spas_planning/install.log --single-version-externally-managed install_data
