/home/ubuntu/spas_ws/install/spas_planning/lib/python3.10/site-packages/spas_planning/__init__.py
/home/ubuntu/spas_ws/install/spas_planning/lib/python3.10/site-packages/spas_planning/parking_operator.py
/home/ubuntu/spas_ws/install/spas_planning/lib/python3.10/site-packages/spas_planning/parking_space_detector.py
/home/ubuntu/spas_ws/install/spas_planning/lib/python3.10/site-packages/spas_planning/vehicle_control_node.py
/home/ubuntu/spas_ws/install/spas_planning/lib/python3.10/site-packages/spas_planning/safety_node.py
/home/ubuntu/spas_ws/install/spas_planning/lib/python3.10/site-packages/spas_planning/hybrid_A_star_node.py
/home/ubuntu/spas_ws/install/spas_planning/lib/python3.10/site-packages/spas_planning/__pycache__/__init__.cpython-310.pyc
/home/ubuntu/spas_ws/install/spas_planning/lib/python3.10/site-packages/spas_planning/__pycache__/parking_operator.cpython-310.pyc
/home/ubuntu/spas_ws/install/spas_planning/lib/python3.10/site-packages/spas_planning/__pycache__/parking_space_detector.cpython-310.pyc
/home/ubuntu/spas_ws/install/spas_planning/lib/python3.10/site-packages/spas_planning/__pycache__/vehicle_control_node.cpython-310.pyc
/home/ubuntu/spas_ws/install/spas_planning/lib/python3.10/site-packages/spas_planning/__pycache__/safety_node.cpython-310.pyc
/home/ubuntu/spas_ws/install/spas_planning/lib/python3.10/site-packages/spas_planning/__pycache__/hybrid_A_star_node.cpython-310.pyc
/home/ubuntu/spas_ws/install/spas_planning/share/ament_index/resource_index/packages/spas_planning
/home/ubuntu/spas_ws/install/spas_planning/share/spas_planning/package.xml
/home/ubuntu/spas_ws/install/spas_planning/lib/python3.10/site-packages/spas_planning-0.0.0-py3.10.egg-info/PKG-INFO
/home/ubuntu/spas_ws/install/spas_planning/lib/python3.10/site-packages/spas_planning-0.0.0-py3.10.egg-info/top_level.txt
/home/ubuntu/spas_ws/install/spas_planning/lib/python3.10/site-packages/spas_planning-0.0.0-py3.10.egg-info/SOURCES.txt
/home/ubuntu/spas_ws/install/spas_planning/lib/python3.10/site-packages/spas_planning-0.0.0-py3.10.egg-info/entry_points.txt
/home/ubuntu/spas_ws/install/spas_planning/lib/python3.10/site-packages/spas_planning-0.0.0-py3.10.egg-info/requires.txt
/home/ubuntu/spas_ws/install/spas_planning/lib/python3.10/site-packages/spas_planning-0.0.0-py3.10.egg-info/dependency_links.txt
/home/ubuntu/spas_ws/install/spas_planning/lib/python3.10/site-packages/spas_planning-0.0.0-py3.10.egg-info/zip-safe
/home/ubuntu/spas_ws/install/spas_planning/lib/spas_planning/hybrid_A_star_node
/home/ubuntu/spas_ws/install/spas_planning/lib/spas_planning/parking_operator
/home/ubuntu/spas_ws/install/spas_planning/lib/spas_planning/parking_space_detector
/home/ubuntu/spas_ws/install/spas_planning/lib/spas_planning/safety_node
/home/ubuntu/spas_ws/install/spas_planning/lib/spas_planning/vehicle_control_node
