[25.757s] Invoking command in '/home/ubuntu/spas_ws/build/spas_planning': PYTHONPATH=/home/ubuntu/spas_ws/build/spas_planning/prefix_override:/usr/lib/python3/dist-packages/colcon_core/task/python/colcon_distutils_commands:/home/ubuntu/spas_ws/install/spas_planning/lib/python3.10/site-packages:${PYTHONPATH} /usr/bin/python3 -W ignore:setup.py install is deprecated -W ignore:easy_install command is deprecated setup.py develop --editable --build-directory /home/ubuntu/spas_ws/build/spas_planning/build --no-deps symlink_data
[29.251s] running develop
[32.894s] running egg_info
[32.896s] writing spas_planning.egg-info/PKG-INFO
[32.897s] writing dependency_links to spas_planning.egg-info/dependency_links.txt
[32.898s] writing entry points to spas_planning.egg-info/entry_points.txt
[32.899s] writing requirements to spas_planning.egg-info/requires.txt
[32.901s] writing top-level names to spas_planning.egg-info/top_level.txt
[32.914s] reading manifest file 'spas_planning.egg-info/SOURCES.txt'
[32.924s] writing manifest file 'spas_planning.egg-info/SOURCES.txt'
[32.940s] running build_ext
[32.948s] Creating /home/ubuntu/spas_ws/install/spas_planning/lib/python3.10/site-packages/spas-planning.egg-link (link to .)
[32.960s] Installing hybrid_A_star_node script to /home/ubuntu/spas_ws/install/spas_planning/lib/spas_planning
[32.961s] Installing parking_space_detector script to /home/ubuntu/spas_ws/install/spas_planning/lib/spas_planning
[32.967s] Installing safety_node script to /home/ubuntu/spas_ws/install/spas_planning/lib/spas_planning
[32.969s] Installing vehicle_control_node script to /home/ubuntu/spas_ws/install/spas_planning/lib/spas_planning
[32.975s] 
[32.977s] Installed /home/ubuntu/spas_ws/build/spas_planning
[32.978s] running symlink_data
[33.213s] Invoked command in '/home/ubuntu/spas_ws/build/spas_planning' returned '0': PYTHONPATH=/home/ubuntu/spas_ws/build/spas_planning/prefix_override:/usr/lib/python3/dist-packages/colcon_core/task/python/colcon_distutils_commands:/home/ubuntu/spas_ws/install/spas_planning/lib/python3.10/site-packages:${PYTHONPATH} /usr/bin/python3 -W ignore:setup.py install is deprecated -W ignore:easy_install command is deprecated setup.py develop --editable --build-directory /home/ubuntu/spas_ws/build/spas_planning/build --no-deps symlink_data
