[16.040s] Invoking command in '/home/ubuntu/spas_ws/build/spas_planning': PYTHONPATH=/home/ubuntu/spas_ws/build/spas_planning/prefix_override:/usr/lib/python3/dist-packages/colcon_core/task/python/colcon_distutils_commands:/home/ubuntu/spas_ws/install/spas_planning/lib/python3.10/site-packages:${PYTHONPATH} /usr/bin/python3 -W ignore:setup.py install is deprecated -W ignore:easy_install command is deprecated setup.py develop --editable --build-directory /home/ubuntu/spas_ws/build/spas_planning/build --no-deps symlink_data
[21.670s] running develop
[26.011s] running egg_info
[26.012s] writing spas_planning.egg-info/PKG-INFO
[26.013s] writing dependency_links to spas_planning.egg-info/dependency_links.txt
[26.015s] writing entry points to spas_planning.egg-info/entry_points.txt
[26.016s] writing requirements to spas_planning.egg-info/requires.txt
[26.018s] writing top-level names to spas_planning.egg-info/top_level.txt
[26.032s] reading manifest file 'spas_planning.egg-info/SOURCES.txt'
[26.040s] writing manifest file 'spas_planning.egg-info/SOURCES.txt'
[26.101s] running build_ext
[26.140s] Creating /home/ubuntu/spas_ws/install/spas_planning/lib/python3.10/site-packages/spas-planning.egg-link (link to .)
[26.149s] Installing hybrid_A_star_node script to /home/ubuntu/spas_ws/install/spas_planning/lib/spas_planning
[26.218s] Installing parking_space_detector script to /home/ubuntu/spas_ws/install/spas_planning/lib/spas_planning
[26.267s] Installing safety_node script to /home/ubuntu/spas_ws/install/spas_planning/lib/spas_planning
[26.284s] Installing vehicle_control_node script to /home/ubuntu/spas_ws/install/spas_planning/lib/spas_planning
[26.300s] 
[26.311s] Installed /home/ubuntu/spas_ws/build/spas_planning
[26.318s] running symlink_data
[29.412s] Invoked command in '/home/ubuntu/spas_ws/build/spas_planning' returned '0': PYTHONPATH=/home/ubuntu/spas_ws/build/spas_planning/prefix_override:/usr/lib/python3/dist-packages/colcon_core/task/python/colcon_distutils_commands:/home/ubuntu/spas_ws/install/spas_planning/lib/python3.10/site-packages:${PYTHONPATH} /usr/bin/python3 -W ignore:setup.py install is deprecated -W ignore:easy_install command is deprecated setup.py develop --editable --build-directory /home/ubuntu/spas_ws/build/spas_planning/build --no-deps symlink_data
