../Hiwonder/Peripherals/display_st7735.c:18:20:write_command	16	static
../Hiwonder/Peripherals/display_st7735.c:25:20:write_data	24	static
../Hiwonder/Peripherals/display_st7735.c:32:13:write_a_byte	16	static
../Hiwonder/Peripherals/display_st7735.c:39:13:st7735_hard_reset	16	static
../Hiwonder/Peripherals/display_st7735.c:48:6:st7735_soft_reset	16	static
../Hiwonder/Peripherals/display_st7735.c:54:6:st7735_sleep_mode	16	static
../Hiwonder/Peripherals/display_st7735.c:62:6:st7735_inversion_mode	16	static
../Hiwonder/Peripherals/display_st7735.c:71:6:st7735_set_color_mode	16	static
../Hiwonder/Peripherals/display_st7735.c:77:6:st7735_rotation	24	static
../Hiwonder/Peripherals/display_st7735.c:107:6:st7735_set_columns	32	static
../Hiwonder/Peripherals/display_st7735.c:115:6:st7735_set_rows	32	static
../Hiwonder/Peripherals/display_st7735.c:124:6:st7735_set_window	24	static
../Hiwonder/Peripherals/display_st7735.c:132:13:export_st7735_draw_pixel	40	static
../Hiwonder/Peripherals/display_st7735.c:141:13:export_st7735_draw_bitmap	32	static
../Hiwonder/Peripherals/display_st7735.c:150:6:st7735_fill_rect	80	dynamic
../Hiwonder/Peripherals/display_st7735.c:182:6:st7735_fill	32	static
../Hiwonder/Peripherals/display_st7735.c:194:6:st7735_fill_16	32	static
../Hiwonder/Peripherals/display_st7735.c:209:13:export_st7735_reset	24	static
../Hiwonder/Peripherals/display_st7735.c:299:13:export_st7735_display_on	16	static
../Hiwonder/Peripherals/display_st7735.c:304:13:export_st7735_display_off	16	static
../Hiwonder/Peripherals/display_st7735.c:309:13:export_st7735_set_backlight	16	static
../Hiwonder/Peripherals/display_st7735.c:314:6:st7735_object_init	16	static
