[7.387s] Invoking command in '/home/ubuntu/spas_ws/build/spas_planning': PYTHONPATH=/home/ubuntu/spas_ws/build/spas_planning/prefix_override:/usr/lib/python3/dist-packages/colcon_core/task/python/colcon_distutils_commands:/home/ubuntu/spas_ws/install/spas_planning/lib/python3.10/site-packages:${PYTHONPATH} /usr/bin/python3 -W ignore:setup.py install is deprecated -W ignore:easy_install command is deprecated setup.py develop --editable --build-directory /home/ubuntu/spas_ws/build/spas_planning/build --no-deps symlink_data
[9.400s] running develop
[10.618s] running egg_info
[10.621s] writing spas_planning.egg-info/PKG-INFO
[10.623s] writing dependency_links to spas_planning.egg-info/dependency_links.txt
[10.625s] writing entry points to spas_planning.egg-info/entry_points.txt
[10.626s] writing requirements to spas_planning.egg-info/requires.txt
[10.629s] writing top-level names to spas_planning.egg-info/top_level.txt
[10.640s] reading manifest file 'spas_planning.egg-info/SOURCES.txt'
[10.646s] writing manifest file 'spas_planning.egg-info/SOURCES.txt'
[10.659s] running build_ext
[10.661s] Creating /home/ubuntu/spas_ws/install/spas_planning/lib/python3.10/site-packages/spas-planning.egg-link (link to .)
[10.672s] Installing hybrid_A_star_node script to /home/ubuntu/spas_ws/install/spas_planning/lib/spas_planning
[10.673s] Installing parking_space_detector script to /home/ubuntu/spas_ws/install/spas_planning/lib/spas_planning
[10.675s] Installing safety_node script to /home/ubuntu/spas_ws/install/spas_planning/lib/spas_planning
[10.688s] Installing vehicle_control_node script to /home/ubuntu/spas_ws/install/spas_planning/lib/spas_planning
[10.689s] 
[10.690s] Installed /home/ubuntu/spas_ws/build/spas_planning
[10.691s] running symlink_data
[10.842s] Invoked command in '/home/ubuntu/spas_ws/build/spas_planning' returned '0': PYTHONPATH=/home/ubuntu/spas_ws/build/spas_planning/prefix_override:/usr/lib/python3/dist-packages/colcon_core/task/python/colcon_distutils_commands:/home/ubuntu/spas_ws/install/spas_planning/lib/python3.10/site-packages:${PYTHONPATH} /usr/bin/python3 -W ignore:setup.py install is deprecated -W ignore:easy_install command is deprecated setup.py develop --editable --build-directory /home/ubuntu/spas_ws/build/spas_planning/build --no-deps symlink_data
