[7.475s] Invoking command in '/home/ubuntu/spas_ws/build/spas_planning': PYTHONPATH=/home/ubuntu/spas_ws/build/spas_planning/prefix_override:/usr/lib/python3/dist-packages/colcon_core/task/python/colcon_distutils_commands:/home/ubuntu/spas_ws/install/spas_planning/lib/python3.10/site-packages:${PYTHONPATH} /usr/bin/python3 -W ignore:setup.py install is deprecated -W ignore:easy_install command is deprecated setup.py develop --editable --build-directory /home/ubuntu/spas_ws/build/spas_planning/build --no-deps symlink_data
[9.406s] running develop
[10.584s] running egg_info
[10.585s] writing spas_planning.egg-info/PKG-INFO
[10.586s] writing dependency_links to spas_planning.egg-info/dependency_links.txt
[10.588s] writing entry points to spas_planning.egg-info/entry_points.txt
[10.589s] writing requirements to spas_planning.egg-info/requires.txt
[10.590s] writing top-level names to spas_planning.egg-info/top_level.txt
[10.599s] reading manifest file 'spas_planning.egg-info/SOURCES.txt'
[10.603s] writing manifest file 'spas_planning.egg-info/SOURCES.txt'
[10.610s] running build_ext
[10.613s] Creating /home/ubuntu/spas_ws/install/spas_planning/lib/python3.10/site-packages/spas-planning.egg-link (link to .)
[10.618s] Installing hybrid_A_star_node script to /home/ubuntu/spas_ws/install/spas_planning/lib/spas_planning
[10.619s] Installing parking_space_detector script to /home/ubuntu/spas_ws/install/spas_planning/lib/spas_planning
[10.620s] Installing safety_node script to /home/ubuntu/spas_ws/install/spas_planning/lib/spas_planning
[10.621s] Installing vehicle_control_node script to /home/ubuntu/spas_ws/install/spas_planning/lib/spas_planning
[10.623s] 
[10.625s] Installed /home/ubuntu/spas_ws/build/spas_planning
[10.625s] running symlink_data
[10.871s] Invoked command in '/home/ubuntu/spas_ws/build/spas_planning' returned '0': PYTHONPATH=/home/ubuntu/spas_ws/build/spas_planning/prefix_override:/usr/lib/python3/dist-packages/colcon_core/task/python/colcon_distutils_commands:/home/ubuntu/spas_ws/install/spas_planning/lib/python3.10/site-packages:${PYTHONPATH} /usr/bin/python3 -W ignore:setup.py install is deprecated -W ignore:easy_install command is deprecated setup.py develop --editable --build-directory /home/ubuntu/spas_ws/build/spas_planning/build --no-deps symlink_data
