[13.742s] Invoking command in '/home/ubuntu/spas_ws/build/spas_planning': PYTHONPATH=/home/ubuntu/spas_ws/build/spas_planning/prefix_override:/usr/lib/python3/dist-packages/colcon_core/task/python/colcon_distutils_commands:/home/ubuntu/spas_ws/install/spas_planning/lib/python3.10/site-packages:${PYTHONPATH} /usr/bin/python3 -W ignore:setup.py install is deprecated -W ignore:easy_install command is deprecated setup.py develop --editable --build-directory /home/ubuntu/spas_ws/build/spas_planning/build --no-deps symlink_data
[17.022s] running develop
[20.224s] running egg_info
[20.226s] writing spas_planning.egg-info/PKG-INFO
[20.227s] writing dependency_links to spas_planning.egg-info/dependency_links.txt
[20.229s] writing entry points to spas_planning.egg-info/entry_points.txt
[20.230s] writing requirements to spas_planning.egg-info/requires.txt
[20.231s] writing top-level names to spas_planning.egg-info/top_level.txt
[20.243s] reading manifest file 'spas_planning.egg-info/SOURCES.txt'
[20.247s] writing manifest file 'spas_planning.egg-info/SOURCES.txt'
[20.257s] running build_ext
[20.258s] Creating /home/ubuntu/spas_ws/install/spas_planning/lib/python3.10/site-packages/spas-planning.egg-link (link to .)
[20.264s] Installing hybrid_A_star_node script to /home/ubuntu/spas_ws/install/spas_planning/lib/spas_planning
[20.265s] Installing parking_space_detector script to /home/ubuntu/spas_ws/install/spas_planning/lib/spas_planning
[20.266s] Installing safety_node script to /home/ubuntu/spas_ws/install/spas_planning/lib/spas_planning
[20.268s] Installing vehicle_control_node script to /home/ubuntu/spas_ws/install/spas_planning/lib/spas_planning
[20.269s] 
[20.279s] Installed /home/ubuntu/spas_ws/build/spas_planning
[20.283s] running symlink_data
[20.641s] Invoked command in '/home/ubuntu/spas_ws/build/spas_planning' returned '0': PYTHONPATH=/home/ubuntu/spas_ws/build/spas_planning/prefix_override:/usr/lib/python3/dist-packages/colcon_core/task/python/colcon_distutils_commands:/home/ubuntu/spas_ws/install/spas_planning/lib/python3.10/site-packages:${PYTHONPATH} /usr/bin/python3 -W ignore:setup.py install is deprecated -W ignore:easy_install command is deprecated setup.py develop --editable --build-directory /home/ubuntu/spas_ws/build/spas_planning/build --no-deps symlink_data
