[8.697s] Invoking command in '/home/ubuntu/spas_ws/build/spas_planning': PYTHONPATH=/home/ubuntu/spas_ws/build/spas_planning/prefix_override:/usr/lib/python3/dist-packages/colcon_core/task/python/colcon_distutils_commands:/home/ubuntu/spas_ws/install/spas_planning/lib/python3.10/site-packages:${PYTHONPATH} /usr/bin/python3 -W ignore:setup.py install is deprecated -W ignore:easy_install command is deprecated setup.py develop --editable --build-directory /home/ubuntu/spas_ws/build/spas_planning/build --no-deps symlink_data
[10.826s] running develop
[12.027s] running egg_info
[12.030s] writing spas_planning.egg-info/PKG-INFO
[12.031s] writing dependency_links to spas_planning.egg-info/dependency_links.txt
[12.033s] writing entry points to spas_planning.egg-info/entry_points.txt
[12.034s] writing requirements to spas_planning.egg-info/requires.txt
[12.035s] writing top-level names to spas_planning.egg-info/top_level.txt
[12.043s] reading manifest file 'spas_planning.egg-info/SOURCES.txt'
[12.049s] writing manifest file 'spas_planning.egg-info/SOURCES.txt'
[12.057s] running build_ext
[12.063s] Creating /home/ubuntu/spas_ws/install/spas_planning/lib/python3.10/site-packages/spas-planning.egg-link (link to .)
[12.063s] Installing hybrid_A_star_node script to /home/ubuntu/spas_ws/install/spas_planning/lib/spas_planning
[12.064s] Installing parking_space_detector script to /home/ubuntu/spas_ws/install/spas_planning/lib/spas_planning
[12.065s] Installing safety_node script to /home/ubuntu/spas_ws/install/spas_planning/lib/spas_planning
[12.068s] Installing vehicle_control_node script to /home/ubuntu/spas_ws/install/spas_planning/lib/spas_planning
[12.069s] 
[12.071s] Installed /home/ubuntu/spas_ws/build/spas_planning
[12.072s] running symlink_data
[12.246s] Invoked command in '/home/ubuntu/spas_ws/build/spas_planning' returned '0': PYTHONPATH=/home/ubuntu/spas_ws/build/spas_planning/prefix_override:/usr/lib/python3/dist-packages/colcon_core/task/python/colcon_distutils_commands:/home/ubuntu/spas_ws/install/spas_planning/lib/python3.10/site-packages:${PYTHONPATH} /usr/bin/python3 -W ignore:setup.py install is deprecated -W ignore:easy_install command is deprecated setup.py develop --editable --build-directory /home/ubuntu/spas_ws/build/spas_planning/build --no-deps symlink_data
