[20.718s] Invoking command in '/home/ubuntu/spas_ws/build/spas_planning': PYTHONPATH=/home/ubuntu/spas_ws/build/spas_planning/prefix_override:/usr/lib/python3/dist-packages/colcon_core/task/python/colcon_distutils_commands:/home/ubuntu/spas_ws/install/spas_planning/lib/python3.10/site-packages:${PYTHONPATH} /usr/bin/python3 -W ignore:setup.py install is deprecated -W ignore:easy_install command is deprecated setup.py develop --editable --build-directory /home/ubuntu/spas_ws/build/spas_planning/build --no-deps symlink_data
[24.164s] running develop
[28.291s] running egg_info
[28.294s] writing spas_planning.egg-info/PKG-INFO
[28.296s] writing dependency_links to spas_planning.egg-info/dependency_links.txt
[28.312s] writing entry points to spas_planning.egg-info/entry_points.txt
[28.313s] writing requirements to spas_planning.egg-info/requires.txt
[28.313s] writing top-level names to spas_planning.egg-info/top_level.txt
[28.314s] reading manifest file 'spas_planning.egg-info/SOURCES.txt'
[28.317s] writing manifest file 'spas_planning.egg-info/SOURCES.txt'
[28.326s] running build_ext
[28.327s] Creating /home/ubuntu/spas_ws/install/spas_planning/lib/python3.10/site-packages/spas-planning.egg-link (link to .)
[28.332s] Installing hybrid_A_star_node script to /home/ubuntu/spas_ws/install/spas_planning/lib/spas_planning
[28.335s] Installing parking_space_detector script to /home/ubuntu/spas_ws/install/spas_planning/lib/spas_planning
[28.338s] Installing safety_node script to /home/ubuntu/spas_ws/install/spas_planning/lib/spas_planning
[28.339s] Installing vehicle_control_node script to /home/ubuntu/spas_ws/install/spas_planning/lib/spas_planning
[28.340s] 
[28.341s] Installed /home/ubuntu/spas_ws/build/spas_planning
[28.343s] running symlink_data
[28.610s] Invoked command in '/home/ubuntu/spas_ws/build/spas_planning' returned '0': PYTHONPATH=/home/ubuntu/spas_ws/build/spas_planning/prefix_override:/usr/lib/python3/dist-packages/colcon_core/task/python/colcon_distutils_commands:/home/ubuntu/spas_ws/install/spas_planning/lib/python3.10/site-packages:${PYTHONPATH} /usr/bin/python3 -W ignore:setup.py install is deprecated -W ignore:easy_install command is deprecated setup.py develop --editable --build-directory /home/ubuntu/spas_ws/build/spas_planning/build --no-deps symlink_data
