[8.342s] Invoking command in '/home/ubuntu/spas_ws/build/spas_planning': PYTHONPATH=/home/ubuntu/spas_ws/build/spas_planning/prefix_override:/usr/lib/python3/dist-packages/colcon_core/task/python/colcon_distutils_commands:/home/ubuntu/spas_ws/install/spas_planning/lib/python3.10/site-packages:${PYTHONPATH} /usr/bin/python3 -W ignore:setup.py install is deprecated -W ignore:easy_install command is deprecated setup.py develop --editable --build-directory /home/ubuntu/spas_ws/build/spas_planning/build --no-deps symlink_data
[10.397s] running develop
[11.667s] running egg_info
[11.668s] writing spas_planning.egg-info/PKG-INFO
[11.669s] writing dependency_links to spas_planning.egg-info/dependency_links.txt
[11.670s] writing entry points to spas_planning.egg-info/entry_points.txt
[11.671s] writing requirements to spas_planning.egg-info/requires.txt
[11.672s] writing top-level names to spas_planning.egg-info/top_level.txt
[11.680s] reading manifest file 'spas_planning.egg-info/SOURCES.txt'
[11.684s] writing manifest file 'spas_planning.egg-info/SOURCES.txt'
[11.691s] running build_ext
[11.691s] Creating /home/ubuntu/spas_ws/install/spas_planning/lib/python3.10/site-packages/spas-planning.egg-link (link to .)
[11.695s] Installing hybrid_A_star_node script to /home/ubuntu/spas_ws/install/spas_planning/lib/spas_planning
[11.696s] Installing parking_space_detector script to /home/ubuntu/spas_ws/install/spas_planning/lib/spas_planning
[11.697s] Installing safety_node script to /home/ubuntu/spas_ws/install/spas_planning/lib/spas_planning
[11.698s] Installing vehicle_control_node script to /home/ubuntu/spas_ws/install/spas_planning/lib/spas_planning
[11.699s] 
[11.700s] Installed /home/ubuntu/spas_ws/build/spas_planning
[11.701s] running symlink_data
[11.864s] Invoked command in '/home/ubuntu/spas_ws/build/spas_planning' returned '0': PYTHONPATH=/home/ubuntu/spas_ws/build/spas_planning/prefix_override:/usr/lib/python3/dist-packages/colcon_core/task/python/colcon_distutils_commands:/home/ubuntu/spas_ws/install/spas_planning/lib/python3.10/site-packages:${PYTHONPATH} /usr/bin/python3 -W ignore:setup.py install is deprecated -W ignore:easy_install command is deprecated setup.py develop --editable --build-directory /home/ubuntu/spas_ws/build/spas_planning/build --no-deps symlink_data
