[13.234s] Invoking command in '/home/ubuntu/spas_ws/build/spas_planning': PYTHONPATH=/home/ubuntu/spas_ws/build/spas_planning/prefix_override:/usr/lib/python3/dist-packages/colcon_core/task/python/colcon_distutils_commands:/home/ubuntu/spas_ws/install/spas_planning/lib/python3.10/site-packages:${PYTHONPATH} /usr/bin/python3 -W ignore:setup.py install is deprecated -W ignore:easy_install command is deprecated setup.py develop --editable --build-directory /home/ubuntu/spas_ws/build/spas_planning/build --no-deps symlink_data
[18.057s] running develop
[20.613s] running egg_info
[20.617s] writing spas_planning.egg-info/PKG-INFO
[20.618s] writing dependency_links to spas_planning.egg-info/dependency_links.txt
[20.622s] writing entry points to spas_planning.egg-info/entry_points.txt
[20.623s] writing requirements to spas_planning.egg-info/requires.txt
[20.626s] writing top-level names to spas_planning.egg-info/top_level.txt
[20.636s] reading manifest file 'spas_planning.egg-info/SOURCES.txt'
[20.643s] writing manifest file 'spas_planning.egg-info/SOURCES.txt'
[20.656s] running build_ext
[20.662s] Creating /home/ubuntu/spas_ws/install/spas_planning/lib/python3.10/site-packages/spas-planning.egg-link (link to .)
[20.669s] Installing hybrid_A_star_node script to /home/ubuntu/spas_ws/install/spas_planning/lib/spas_planning
[20.677s] Installing parking_space_detector script to /home/ubuntu/spas_ws/install/spas_planning/lib/spas_planning
[20.682s] Installing safety_node script to /home/ubuntu/spas_ws/install/spas_planning/lib/spas_planning
[20.684s] Installing vehicle_control_node script to /home/ubuntu/spas_ws/install/spas_planning/lib/spas_planning
[20.686s] 
[20.688s] Installed /home/ubuntu/spas_ws/build/spas_planning
[20.690s] running symlink_data
[20.935s] Invoked command in '/home/ubuntu/spas_ws/build/spas_planning' returned '0': PYTHONPATH=/home/ubuntu/spas_ws/build/spas_planning/prefix_override:/usr/lib/python3/dist-packages/colcon_core/task/python/colcon_distutils_commands:/home/ubuntu/spas_ws/install/spas_planning/lib/python3.10/site-packages:${PYTHONPATH} /usr/bin/python3 -W ignore:setup.py install is deprecated -W ignore:easy_install command is deprecated setup.py develop --editable --build-directory /home/ubuntu/spas_ws/build/spas_planning/build --no-deps symlink_data
