[6.681s] Invoking command in '/home/ubuntu/spas_ws/src/spas_planning': PYTHONPATH=/home/ubuntu/spas_ws/build/spas_planning/prefix_override:/usr/lib/python3/dist-packages/colcon_core/task/python/colcon_distutils_commands:/home/ubuntu/spas_ws/install/spas_planning/lib/python3.10/site-packages:${PYTHONPATH} /usr/bin/python3 -W ignore:setup.py install is deprecated -W ignore:easy_install command is deprecated setup.py egg_info --egg-base ../../build/spas_planning build --build-base /home/ubuntu/spas_ws/build/spas_planning/build install --record /home/ubuntu/spas_ws/build/spas_planning/install.log --single-version-externally-managed install_data
[9.083s] running egg_info
[9.095s] writing ../../build/spas_planning/spas_planning.egg-info/PKG-INFO
[9.101s] writing dependency_links to ../../build/spas_planning/spas_planning.egg-info/dependency_links.txt
[9.105s] writing entry points to ../../build/spas_planning/spas_planning.egg-info/entry_points.txt
[9.110s] writing requirements to ../../build/spas_planning/spas_planning.egg-info/requires.txt
[9.110s] writing top-level names to ../../build/spas_planning/spas_planning.egg-info/top_level.txt
[9.137s] reading manifest file '../../build/spas_planning/spas_planning.egg-info/SOURCES.txt'
[9.146s] writing manifest file '../../build/spas_planning/spas_planning.egg-info/SOURCES.txt'
[9.149s] running build
[9.151s] running build_py
[9.158s] copying spas_planning/parking_space_detector.py -> /home/ubuntu/spas_ws/build/spas_planning/build/lib/spas_planning
[9.166s] copying spas_planning/hybrid_A_star_node.py -> /home/ubuntu/spas_ws/build/spas_planning/build/lib/spas_planning
[9.174s] running install
[9.177s] running install_lib
[9.184s] copying /home/ubuntu/spas_ws/build/spas_planning/build/lib/spas_planning/parking_space_detector.py -> /home/ubuntu/spas_ws/install/spas_planning/lib/python3.10/site-packages/spas_planning
[9.192s] copying /home/ubuntu/spas_ws/build/spas_planning/build/lib/spas_planning/hybrid_A_star_node.py -> /home/ubuntu/spas_ws/install/spas_planning/lib/python3.10/site-packages/spas_planning
[9.196s] byte-compiling /home/ubuntu/spas_ws/install/spas_planning/lib/python3.10/site-packages/spas_planning/parking_space_detector.py to parking_space_detector.cpython-310.pyc
[9.216s] byte-compiling /home/ubuntu/spas_ws/install/spas_planning/lib/python3.10/site-packages/spas_planning/hybrid_A_star_node.py to hybrid_A_star_node.cpython-310.pyc
[9.268s] running install_data
[9.271s] running install_egg_info
[9.279s] removing '/home/ubuntu/spas_ws/install/spas_planning/lib/python3.10/site-packages/spas_planning-0.0.0-py3.10.egg-info' (and everything under it)
[9.284s] Copying ../../build/spas_planning/spas_planning.egg-info to /home/ubuntu/spas_ws/install/spas_planning/lib/python3.10/site-packages/spas_planning-0.0.0-py3.10.egg-info
[9.363s] running install_scripts
[9.491s] Installing hybrid_A_star_node script to /home/ubuntu/spas_ws/install/spas_planning/lib/spas_planning
[9.494s] Installing parking_operator script to /home/ubuntu/spas_ws/install/spas_planning/lib/spas_planning
[9.497s] Installing parking_space_detector script to /home/ubuntu/spas_ws/install/spas_planning/lib/spas_planning
[9.501s] Installing safety_node script to /home/ubuntu/spas_ws/install/spas_planning/lib/spas_planning
[9.504s] Installing vehicle_control_node script to /home/ubuntu/spas_ws/install/spas_planning/lib/spas_planning
[9.508s] writing list of installed files to '/home/ubuntu/spas_ws/build/spas_planning/install.log'
[9.690s] Invoked command in '/home/ubuntu/spas_ws/src/spas_planning' returned '0': PYTHONPATH=/home/ubuntu/spas_ws/build/spas_planning/prefix_override:/usr/lib/python3/dist-packages/colcon_core/task/python/colcon_distutils_commands:/home/ubuntu/spas_ws/install/spas_planning/lib/python3.10/site-packages:${PYTHONPATH} /usr/bin/python3 -W ignore:setup.py install is deprecated -W ignore:easy_install command is deprecated setup.py egg_info --egg-base ../../build/spas_planning build --build-base /home/ubuntu/spas_ws/build/spas_planning/build install --record /home/ubuntu/spas_ws/build/spas_planning/install.log --single-version-externally-managed install_data
