[15.173s] Invoking command in '/home/ubuntu/spas_ws/build/spas_planning': PYTHONPATH=/home/ubuntu/spas_ws/build/spas_planning/prefix_override:/usr/lib/python3/dist-packages/colcon_core/task/python/colcon_distutils_commands:/home/ubuntu/spas_ws/install/spas_planning/lib/python3.10/site-packages:${PYTHONPATH} /usr/bin/python3 -W ignore:setup.py install is deprecated -W ignore:easy_install command is deprecated setup.py develop --editable --build-directory /home/ubuntu/spas_ws/build/spas_planning/build --no-deps symlink_data
[18.424s] running develop
[22.739s] running egg_info
[22.747s] writing spas_planning.egg-info/PKG-INFO
[22.749s] writing dependency_links to spas_planning.egg-info/dependency_links.txt
[22.750s] writing entry points to spas_planning.egg-info/entry_points.txt
[22.753s] writing requirements to spas_planning.egg-info/requires.txt
[22.754s] writing top-level names to spas_planning.egg-info/top_level.txt
[22.767s] reading manifest file 'spas_planning.egg-info/SOURCES.txt'
[22.794s] writing manifest file 'spas_planning.egg-info/SOURCES.txt'
[22.813s] running build_ext
[22.844s] Creating /home/ubuntu/spas_ws/install/spas_planning/lib/python3.10/site-packages/spas-planning.egg-link (link to .)
[22.864s] Installing hybrid_A_star_node script to /home/ubuntu/spas_ws/install/spas_planning/lib/spas_planning
[22.885s] Installing parking_space_detector script to /home/ubuntu/spas_ws/install/spas_planning/lib/spas_planning
[22.895s] Installing safety_node script to /home/ubuntu/spas_ws/install/spas_planning/lib/spas_planning
[22.903s] Installing vehicle_control_node script to /home/ubuntu/spas_ws/install/spas_planning/lib/spas_planning
[22.916s] 
[22.918s] Installed /home/ubuntu/spas_ws/build/spas_planning
[22.919s] running symlink_data
[23.057s] Invoked command in '/home/ubuntu/spas_ws/build/spas_planning' returned '0': PYTHONPATH=/home/ubuntu/spas_ws/build/spas_planning/prefix_override:/usr/lib/python3/dist-packages/colcon_core/task/python/colcon_distutils_commands:/home/ubuntu/spas_ws/install/spas_planning/lib/python3.10/site-packages:${PYTHONPATH} /usr/bin/python3 -W ignore:setup.py install is deprecated -W ignore:easy_install command is deprecated setup.py develop --editable --build-directory /home/ubuntu/spas_ws/build/spas_planning/build --no-deps symlink_data
