[7.494s] Invoking command in '/home/ubuntu/spas_ws/build/spas_planning': PYTHONPATH=/home/ubuntu/spas_ws/build/spas_planning/prefix_override:/usr/lib/python3/dist-packages/colcon_core/task/python/colcon_distutils_commands:/home/ubuntu/spas_ws/install/spas_planning/lib/python3.10/site-packages:${PYTHONPATH} /usr/bin/python3 -W ignore:setup.py install is deprecated -W ignore:easy_install command is deprecated setup.py develop --editable --build-directory /home/ubuntu/spas_ws/build/spas_planning/build --no-deps symlink_data
[9.428s] running develop
[10.699s] running egg_info
[10.700s] writing spas_planning.egg-info/PKG-INFO
[10.701s] writing dependency_links to spas_planning.egg-info/dependency_links.txt
[10.702s] writing entry points to spas_planning.egg-info/entry_points.txt
[10.703s] writing requirements to spas_planning.egg-info/requires.txt
[10.704s] writing top-level names to spas_planning.egg-info/top_level.txt
[10.715s] reading manifest file 'spas_planning.egg-info/SOURCES.txt'
[10.718s] writing manifest file 'spas_planning.egg-info/SOURCES.txt'
[10.726s] running build_ext
[10.726s] Creating /home/ubuntu/spas_ws/install/spas_planning/lib/python3.10/site-packages/spas-planning.egg-link (link to .)
[10.731s] Installing hybrid_A_star_node script to /home/ubuntu/spas_ws/install/spas_planning/lib/spas_planning
[10.732s] Installing parking_space_detector script to /home/ubuntu/spas_ws/install/spas_planning/lib/spas_planning
[10.733s] Installing safety_node script to /home/ubuntu/spas_ws/install/spas_planning/lib/spas_planning
[10.734s] Installing vehicle_control_node script to /home/ubuntu/spas_ws/install/spas_planning/lib/spas_planning
[10.735s] 
[10.736s] Installed /home/ubuntu/spas_ws/build/spas_planning
[10.736s] running symlink_data
[10.897s] Invoked command in '/home/ubuntu/spas_ws/build/spas_planning' returned '0': PYTHONPATH=/home/ubuntu/spas_ws/build/spas_planning/prefix_override:/usr/lib/python3/dist-packages/colcon_core/task/python/colcon_distutils_commands:/home/ubuntu/spas_ws/install/spas_planning/lib/python3.10/site-packages:${PYTHONPATH} /usr/bin/python3 -W ignore:setup.py install is deprecated -W ignore:easy_install command is deprecated setup.py develop --editable --build-directory /home/ubuntu/spas_ws/build/spas_planning/build --no-deps symlink_data
