[1.047s] DEBUG:colcon:Command line arguments: ['/usr/bin/colcon', 'build', '--packages-select', 'spas_control', '--symlink-install']
[1.047s] DEBUG:colcon:Parsed command line arguments: Namespace(log_base=None, log_level=None, verb_name='build', build_base='build', install_base='install', merge_install=False, symlink_install=True, test_result_base=None, continue_on_error=False, executor='parallel', parallel_workers=4, event_handlers=None, ignore_user_meta=False, metas=['./colcon.meta'], base_paths=['.'], packages_ignore=None, packages_ignore_regex=None, paths=None, packages_up_to=None, packages_up_to_regex=None, packages_above=None, packages_above_and_dependencies=None, packages_above_depth=None, packages_select_by_dep=None, packages_skip_by_dep=None, packages_skip_up_to=None, packages_select_build_failed=False, packages_skip_build_finished=False, packages_select_test_failures=False, packages_skip_test_passed=False, packages_select=['spas_control'], packages_skip=None, packages_select_regex=None, packages_skip_regex=None, packages_start=None, packages_end=None, allow_overriding=[], cmake_args=None, cmake_target=None, cmake_target_skip_unavailable=False, cmake_clean_cache=False, cmake_clean_first=False, cmake_force_configure=False, ament_cmake_args=None, catkin_cmake_args=None, catkin_skip_building_tests=False, verb_parser=<colcon_defaults.argument_parser.defaults.DefaultArgumentsDecorator object at 0xffffa47adff0>, verb_extension=<colcon_core.verb.build.BuildVerb object at 0xffffa49534c0>, main=<bound method BuildVerb.main of <colcon_core.verb.build.BuildVerb object at 0xffffa49534c0>>)
[2.484s] Level 1:colcon.colcon_core.package_discovery:discover_packages(colcon_meta) check parameters
[2.485s] Level 1:colcon.colcon_core.package_discovery:discover_packages(recursive) check parameters
[2.485s] Level 1:colcon.colcon_core.package_discovery:discover_packages(ignore) check parameters
[2.485s] Level 1:colcon.colcon_core.package_discovery:discover_packages(path) check parameters
[2.486s] Level 1:colcon.colcon_core.package_discovery:discover_packages(colcon_meta) discover
[2.486s] Level 1:colcon.colcon_core.package_discovery:discover_packages(recursive) discover
[2.486s] INFO:colcon.colcon_core.package_discovery:Crawling recursively for packages in '/home/ubuntu/spas_ws'
[2.487s] Level 1:colcon.colcon_core.package_identification:_identify(.) by extensions ['ignore', 'ignore_ament_install']
[2.487s] Level 1:colcon.colcon_core.package_identification:_identify(.) by extension 'ignore'
[2.488s] Level 1:colcon.colcon_core.package_identification:_identify(.) by extension 'ignore_ament_install'
[2.488s] Level 1:colcon.colcon_core.package_identification:_identify(.) by extensions ['colcon_pkg']
[2.488s] Level 1:colcon.colcon_core.package_identification:_identify(.) by extension 'colcon_pkg'
[2.488s] Level 1:colcon.colcon_core.package_identification:_identify(.) by extensions ['colcon_meta']
[2.488s] Level 1:colcon.colcon_core.package_identification:_identify(.) by extension 'colcon_meta'
[2.489s] Level 1:colcon.colcon_core.package_identification:_identify(.) by extensions ['ros']
[2.489s] Level 1:colcon.colcon_core.package_identification:_identify(.) by extension 'ros'
[2.602s] Level 1:colcon.colcon_core.package_identification:_identify(.) by extensions ['cmake', 'python']
[2.602s] Level 1:colcon.colcon_core.package_identification:_identify(.) by extension 'cmake'
[2.603s] Level 1:colcon.colcon_core.package_identification:_identify(.) by extension 'python'
[2.603s] Level 1:colcon.colcon_core.package_identification:_identify(.) by extensions ['python_setup_py']
[2.603s] Level 1:colcon.colcon_core.package_identification:_identify(.) by extension 'python_setup_py'
[2.604s] Level 1:colcon.colcon_core.package_identification:_identify(build) by extensions ['ignore', 'ignore_ament_install']
[2.605s] Level 1:colcon.colcon_core.package_identification:_identify(build) by extension 'ignore'
[2.605s] Level 1:colcon.colcon_core.package_identification:_identify(build) ignored
[2.606s] Level 1:colcon.colcon_core.package_identification:_identify(install) by extensions ['ignore', 'ignore_ament_install']
[2.606s] Level 1:colcon.colcon_core.package_identification:_identify(install) by extension 'ignore'
[2.607s] Level 1:colcon.colcon_core.package_identification:_identify(install) ignored
[2.607s] Level 1:colcon.colcon_core.package_identification:_identify(log) by extensions ['ignore', 'ignore_ament_install']
[2.608s] Level 1:colcon.colcon_core.package_identification:_identify(log) by extension 'ignore'
[2.608s] Level 1:colcon.colcon_core.package_identification:_identify(log) ignored
[2.608s] Level 1:colcon.colcon_core.package_identification:_identify(src) by extensions ['ignore', 'ignore_ament_install']
[2.609s] Level 1:colcon.colcon_core.package_identification:_identify(src) by extension 'ignore'
[2.609s] Level 1:colcon.colcon_core.package_identification:_identify(src) by extension 'ignore_ament_install'
[2.609s] Level 1:colcon.colcon_core.package_identification:_identify(src) by extensions ['colcon_pkg']
[2.609s] Level 1:colcon.colcon_core.package_identification:_identify(src) by extension 'colcon_pkg'
[2.610s] Level 1:colcon.colcon_core.package_identification:_identify(src) by extensions ['colcon_meta']
[2.610s] Level 1:colcon.colcon_core.package_identification:_identify(src) by extension 'colcon_meta'
[2.610s] Level 1:colcon.colcon_core.package_identification:_identify(src) by extensions ['ros']
[2.610s] Level 1:colcon.colcon_core.package_identification:_identify(src) by extension 'ros'
[2.611s] Level 1:colcon.colcon_core.package_identification:_identify(src) by extensions ['cmake', 'python']
[2.611s] Level 1:colcon.colcon_core.package_identification:_identify(src) by extension 'cmake'
[2.611s] Level 1:colcon.colcon_core.package_identification:_identify(src) by extension 'python'
[2.611s] Level 1:colcon.colcon_core.package_identification:_identify(src) by extensions ['python_setup_py']
[2.611s] Level 1:colcon.colcon_core.package_identification:_identify(src) by extension 'python_setup_py'
[2.612s] Level 1:colcon.colcon_core.package_identification:_identify(src/slam_toolbox) by extensions ['ignore', 'ignore_ament_install']
[2.613s] Level 1:colcon.colcon_core.package_identification:_identify(src/slam_toolbox) by extension 'ignore'
[2.613s] Level 1:colcon.colcon_core.package_identification:_identify(src/slam_toolbox) by extension 'ignore_ament_install'
[2.613s] Level 1:colcon.colcon_core.package_identification:_identify(src/slam_toolbox) by extensions ['colcon_pkg']
[2.613s] Level 1:colcon.colcon_core.package_identification:_identify(src/slam_toolbox) by extension 'colcon_pkg'
[2.614s] Level 1:colcon.colcon_core.package_identification:_identify(src/slam_toolbox) by extensions ['colcon_meta']
[2.614s] Level 1:colcon.colcon_core.package_identification:_identify(src/slam_toolbox) by extension 'colcon_meta'
[2.614s] Level 1:colcon.colcon_core.package_identification:_identify(src/slam_toolbox) by extensions ['ros']
[2.614s] Level 1:colcon.colcon_core.package_identification:_identify(src/slam_toolbox) by extension 'ros'
[2.632s] DEBUG:colcon.colcon_core.package_identification:Package 'src/slam_toolbox' with type 'ros.ament_cmake' and name 'slam_toolbox'
[2.633s] Level 1:colcon.colcon_core.package_identification:_identify(src/sllidar_ros2) by extensions ['ignore', 'ignore_ament_install']
[2.634s] Level 1:colcon.colcon_core.package_identification:_identify(src/sllidar_ros2) by extension 'ignore'
[2.634s] Level 1:colcon.colcon_core.package_identification:_identify(src/sllidar_ros2) by extension 'ignore_ament_install'
[2.634s] Level 1:colcon.colcon_core.package_identification:_identify(src/sllidar_ros2) by extensions ['colcon_pkg']
[2.635s] Level 1:colcon.colcon_core.package_identification:_identify(src/sllidar_ros2) by extension 'colcon_pkg'
[2.635s] Level 1:colcon.colcon_core.package_identification:_identify(src/sllidar_ros2) by extensions ['colcon_meta']
[2.635s] Level 1:colcon.colcon_core.package_identification:_identify(src/sllidar_ros2) by extension 'colcon_meta'
[2.635s] Level 1:colcon.colcon_core.package_identification:_identify(src/sllidar_ros2) by extensions ['ros']
[2.636s] Level 1:colcon.colcon_core.package_identification:_identify(src/sllidar_ros2) by extension 'ros'
[2.640s] DEBUG:colcon.colcon_core.package_identification:Package 'src/sllidar_ros2' with type 'ros.ament_cmake' and name 'sllidar_ros2'
[2.640s] Level 1:colcon.colcon_core.package_identification:_identify(src/spas_bringup) by extensions ['ignore', 'ignore_ament_install']
[2.641s] Level 1:colcon.colcon_core.package_identification:_identify(src/spas_bringup) by extension 'ignore'
[2.641s] Level 1:colcon.colcon_core.package_identification:_identify(src/spas_bringup) by extension 'ignore_ament_install'
[2.641s] Level 1:colcon.colcon_core.package_identification:_identify(src/spas_bringup) by extensions ['colcon_pkg']
[2.642s] Level 1:colcon.colcon_core.package_identification:_identify(src/spas_bringup) by extension 'colcon_pkg'
[2.642s] Level 1:colcon.colcon_core.package_identification:_identify(src/spas_bringup) by extensions ['colcon_meta']
[2.642s] Level 1:colcon.colcon_core.package_identification:_identify(src/spas_bringup) by extension 'colcon_meta'
[2.642s] Level 1:colcon.colcon_core.package_identification:_identify(src/spas_bringup) by extensions ['ros']
[2.643s] Level 1:colcon.colcon_core.package_identification:_identify(src/spas_bringup) by extension 'ros'
[2.646s] DEBUG:colcon.colcon_core.package_identification:Package 'src/spas_bringup' with type 'ros.ament_cmake' and name 'spas_bringup'
[2.647s] Level 1:colcon.colcon_core.package_identification:_identify(src/spas_control) by extensions ['ignore', 'ignore_ament_install']
[2.647s] Level 1:colcon.colcon_core.package_identification:_identify(src/spas_control) by extension 'ignore'
[2.648s] Level 1:colcon.colcon_core.package_identification:_identify(src/spas_control) by extension 'ignore_ament_install'
[2.648s] Level 1:colcon.colcon_core.package_identification:_identify(src/spas_control) by extensions ['colcon_pkg']
[2.648s] Level 1:colcon.colcon_core.package_identification:_identify(src/spas_control) by extension 'colcon_pkg'
[2.649s] Level 1:colcon.colcon_core.package_identification:_identify(src/spas_control) by extensions ['colcon_meta']
[2.649s] Level 1:colcon.colcon_core.package_identification:_identify(src/spas_control) by extension 'colcon_meta'
[2.649s] Level 1:colcon.colcon_core.package_identification:_identify(src/spas_control) by extensions ['ros']
[2.649s] Level 1:colcon.colcon_core.package_identification:_identify(src/spas_control) by extension 'ros'
[2.653s] DEBUG:colcon.colcon_core.package_identification:Package 'src/spas_control' with type 'ros.ament_python' and name 'spas_control'
[2.654s] Level 1:colcon.colcon_core.package_identification:_identify(src/spas_perception) by extensions ['ignore', 'ignore_ament_install']
[2.654s] Level 1:colcon.colcon_core.package_identification:_identify(src/spas_perception) by extension 'ignore'
[2.654s] Level 1:colcon.colcon_core.package_identification:_identify(src/spas_perception) by extension 'ignore_ament_install'
[2.655s] Level 1:colcon.colcon_core.package_identification:_identify(src/spas_perception) by extensions ['colcon_pkg']
[2.655s] Level 1:colcon.colcon_core.package_identification:_identify(src/spas_perception) by extension 'colcon_pkg'
[2.655s] Level 1:colcon.colcon_core.package_identification:_identify(src/spas_perception) by extensions ['colcon_meta']
[2.655s] Level 1:colcon.colcon_core.package_identification:_identify(src/spas_perception) by extension 'colcon_meta'
[2.656s] Level 1:colcon.colcon_core.package_identification:_identify(src/spas_perception) by extensions ['ros']
[2.656s] Level 1:colcon.colcon_core.package_identification:_identify(src/spas_perception) by extension 'ros'
[2.659s] DEBUG:colcon.colcon_core.package_identification:Package 'src/spas_perception' with type 'ros.ament_python' and name 'spas_perception'
[2.660s] Level 1:colcon.colcon_core.package_identification:_identify(src/spas_planning) by extensions ['ignore', 'ignore_ament_install']
[2.660s] Level 1:colcon.colcon_core.package_identification:_identify(src/spas_planning) by extension 'ignore'
[2.661s] Level 1:colcon.colcon_core.package_identification:_identify(src/spas_planning) by extension 'ignore_ament_install'
[2.661s] Level 1:colcon.colcon_core.package_identification:_identify(src/spas_planning) by extensions ['colcon_pkg']
[2.661s] Level 1:colcon.colcon_core.package_identification:_identify(src/spas_planning) by extension 'colcon_pkg'
[2.661s] Level 1:colcon.colcon_core.package_identification:_identify(src/spas_planning) by extensions ['colcon_meta']
[2.662s] Level 1:colcon.colcon_core.package_identification:_identify(src/spas_planning) by extension 'colcon_meta'
[2.662s] Level 1:colcon.colcon_core.package_identification:_identify(src/spas_planning) by extensions ['ros']
[2.662s] Level 1:colcon.colcon_core.package_identification:_identify(src/spas_planning) by extension 'ros'
[2.666s] DEBUG:colcon.colcon_core.package_identification:Package 'src/spas_planning' with type 'ros.ament_python' and name 'spas_planning'
[2.666s] Level 1:colcon.colcon_core.package_discovery:discover_packages(recursive) using defaults
[2.666s] Level 1:colcon.colcon_core.package_discovery:discover_packages(ignore) discover
[2.667s] Level 1:colcon.colcon_core.package_discovery:discover_packages(ignore) using defaults
[2.667s] Level 1:colcon.colcon_core.package_discovery:discover_packages(path) discover
[2.667s] Level 1:colcon.colcon_core.package_discovery:discover_packages(path) using defaults
[2.799s] INFO:colcon.colcon_core.package_selection:Skipping not selected package 'slam_toolbox' in 'src/slam_toolbox'
[2.799s] INFO:colcon.colcon_core.package_selection:Skipping not selected package 'sllidar_ros2' in 'src/sllidar_ros2'
[2.800s] INFO:colcon.colcon_core.package_selection:Skipping not selected package 'spas_bringup' in 'src/spas_bringup'
[2.800s] INFO:colcon.colcon_core.package_selection:Skipping not selected package 'spas_perception' in 'src/spas_perception'
[2.800s] INFO:colcon.colcon_core.package_selection:Skipping not selected package 'spas_planning' in 'src/spas_planning'
[2.803s] Level 1:colcon.colcon_core.package_discovery:discover_packages(prefix_path) check parameters
[2.803s] Level 1:colcon.colcon_core.package_discovery:discover_packages(prefix_path) discover
[2.819s] DEBUG:colcon.colcon_installed_package_information.package_discovery:Found 6 installed packages in /home/ubuntu/spas_ws/install
[2.833s] DEBUG:colcon.colcon_installed_package_information.package_discovery:Found 371 installed packages in /opt/ros/humble
[2.845s] Level 1:colcon.colcon_core.package_discovery:discover_packages(prefix_path) using defaults
[3.074s] Level 5:colcon.colcon_core.verb:set package 'spas_control' build argument 'cmake_args' from command line to 'None'
[3.075s] Level 5:colcon.colcon_core.verb:set package 'spas_control' build argument 'cmake_target' from command line to 'None'
[3.075s] Level 5:colcon.colcon_core.verb:set package 'spas_control' build argument 'cmake_target_skip_unavailable' from command line to 'False'
[3.075s] Level 5:colcon.colcon_core.verb:set package 'spas_control' build argument 'cmake_clean_cache' from command line to 'False'
[3.076s] Level 5:colcon.colcon_core.verb:set package 'spas_control' build argument 'cmake_clean_first' from command line to 'False'
[3.076s] Level 5:colcon.colcon_core.verb:set package 'spas_control' build argument 'cmake_force_configure' from command line to 'False'
[3.076s] Level 5:colcon.colcon_core.verb:set package 'spas_control' build argument 'ament_cmake_args' from command line to 'None'
[3.076s] Level 5:colcon.colcon_core.verb:set package 'spas_control' build argument 'catkin_cmake_args' from command line to 'None'
[3.076s] Level 5:colcon.colcon_core.verb:set package 'spas_control' build argument 'catkin_skip_building_tests' from command line to 'False'
[3.077s] DEBUG:colcon.colcon_core.verb:Building package 'spas_control' with the following arguments: {'ament_cmake_args': None, 'build_base': '/home/ubuntu/spas_ws/build/spas_control', 'catkin_cmake_args': None, 'catkin_skip_building_tests': False, 'cmake_args': None, 'cmake_clean_cache': False, 'cmake_clean_first': False, 'cmake_force_configure': False, 'cmake_target': None, 'cmake_target_skip_unavailable': False, 'install_base': '/home/ubuntu/spas_ws/install/spas_control', 'merge_install': False, 'path': '/home/ubuntu/spas_ws/src/spas_control', 'symlink_install': True, 'test_result_base': None}
[3.078s] INFO:colcon.colcon_core.executor:Executing jobs using 'parallel' executor
[3.082s] DEBUG:colcon.colcon_parallel_executor.executor.parallel:run_until_complete
[3.083s] INFO:colcon.colcon_ros.task.ament_python.build:Building ROS package in '/home/ubuntu/spas_ws/src/spas_control' with build type 'ament_python'
[3.084s] Level 1:colcon.colcon_core.shell:create_environment_hook('spas_control', 'ament_prefix_path')
[3.103s] INFO:colcon.colcon_core.plugin_system:Skipping extension 'colcon_core.shell.bat': Not used on non-Windows systems
[3.105s] INFO:colcon.colcon_core.shell:Creating environment hook '/home/ubuntu/spas_ws/install/spas_control/share/spas_control/hook/ament_prefix_path.ps1'
[3.108s] INFO:colcon.colcon_core.shell:Creating environment descriptor '/home/ubuntu/spas_ws/install/spas_control/share/spas_control/hook/ament_prefix_path.dsv'
[3.111s] INFO:colcon.colcon_core.shell:Creating environment hook '/home/ubuntu/spas_ws/install/spas_control/share/spas_control/hook/ament_prefix_path.sh'
[3.115s] INFO:colcon.colcon_core.shell:Skip shell extension 'powershell' for command environment: Not usable outside of PowerShell
[3.116s] DEBUG:colcon.colcon_core.shell:Skip shell extension 'dsv' for command environment
[4.632s] INFO:colcon.colcon_core.task.python.build:Building Python package in '/home/ubuntu/spas_ws/src/spas_control'
[4.633s] INFO:colcon.colcon_core.shell:Skip shell extension 'powershell' for command environment: Not usable outside of PowerShell
[4.633s] DEBUG:colcon.colcon_core.shell:Skip shell extension 'dsv' for command environment
[7.057s] DEBUG:colcon.colcon_core.event_handler.log_command:Invoking command in '/home/ubuntu/spas_ws/build/spas_control': PYTHONPATH=/home/ubuntu/spas_ws/build/spas_control/prefix_override:/usr/lib/python3/dist-packages/colcon_core/task/python/colcon_distutils_commands:/home/ubuntu/spas_ws/install/spas_control/lib/python3.10/site-packages:${PYTHONPATH} /usr/bin/python3 -W ignore:setup.py install is deprecated -W ignore:easy_install command is deprecated setup.py develop --editable --build-directory /home/ubuntu/spas_ws/build/spas_control/build --no-deps symlink_data
[9.688s] Level 1:colcon.colcon_core.shell:create_environment_hook('spas_control', 'pythonpath_develop')
[9.689s] INFO:colcon.colcon_core.shell:Creating environment hook '/home/ubuntu/spas_ws/build/spas_control/share/spas_control/hook/pythonpath_develop.ps1'
[9.692s] DEBUG:colcon.colcon_core.event_handler.log_command:Invoked command in '/home/ubuntu/spas_ws/build/spas_control' returned '0': PYTHONPATH=/home/ubuntu/spas_ws/build/spas_control/prefix_override:/usr/lib/python3/dist-packages/colcon_core/task/python/colcon_distutils_commands:/home/ubuntu/spas_ws/install/spas_control/lib/python3.10/site-packages:${PYTHONPATH} /usr/bin/python3 -W ignore:setup.py install is deprecated -W ignore:easy_install command is deprecated setup.py develop --editable --build-directory /home/ubuntu/spas_ws/build/spas_control/build --no-deps symlink_data
[9.694s] INFO:colcon.colcon_core.shell:Creating environment descriptor '/home/ubuntu/spas_ws/build/spas_control/share/spas_control/hook/pythonpath_develop.dsv'
[9.696s] INFO:colcon.colcon_core.shell:Creating environment hook '/home/ubuntu/spas_ws/build/spas_control/share/spas_control/hook/pythonpath_develop.sh'
[9.721s] Level 1:colcon.colcon_core.environment:checking '/home/ubuntu/spas_ws/install/spas_control' for CMake module files
[9.724s] Level 1:colcon.colcon_core.environment:checking '/home/ubuntu/spas_ws/install/spas_control' for CMake config files
[9.727s] Level 1:colcon.colcon_core.environment:checking '/home/ubuntu/spas_ws/install/spas_control/lib'
[9.728s] Level 1:colcon.colcon_core.environment:checking '/home/ubuntu/spas_ws/install/spas_control/bin'
[9.729s] Level 1:colcon.colcon_core.environment:checking '/home/ubuntu/spas_ws/install/spas_control/lib/pkgconfig/spas_control.pc'
[9.730s] Level 1:colcon.colcon_core.environment:checking '/home/ubuntu/spas_ws/install/spas_control/lib/python3.10/site-packages'
[9.730s] Level 1:colcon.colcon_core.shell:create_environment_hook('spas_control', 'pythonpath')
[9.731s] INFO:colcon.colcon_core.shell:Creating environment hook '/home/ubuntu/spas_ws/install/spas_control/share/spas_control/hook/pythonpath.ps1'
[9.734s] INFO:colcon.colcon_core.shell:Creating environment descriptor '/home/ubuntu/spas_ws/install/spas_control/share/spas_control/hook/pythonpath.dsv'
[9.736s] INFO:colcon.colcon_core.shell:Creating environment hook '/home/ubuntu/spas_ws/install/spas_control/share/spas_control/hook/pythonpath.sh'
[9.740s] Level 1:colcon.colcon_core.environment:checking '/home/ubuntu/spas_ws/install/spas_control/bin'
[9.741s] Level 1:colcon.colcon_core.environment:create_environment_scripts_only(spas_control)
[9.742s] INFO:colcon.colcon_core.shell:Creating package script '/home/ubuntu/spas_ws/install/spas_control/share/spas_control/package.ps1'
[9.748s] INFO:colcon.colcon_core.shell:Creating package descriptor '/home/ubuntu/spas_ws/install/spas_control/share/spas_control/package.dsv'
[9.751s] INFO:colcon.colcon_core.shell:Creating package script '/home/ubuntu/spas_ws/install/spas_control/share/spas_control/package.sh'
[9.754s] INFO:colcon.colcon_core.shell:Creating package script '/home/ubuntu/spas_ws/install/spas_control/share/spas_control/package.bash'
[9.758s] INFO:colcon.colcon_core.shell:Creating package script '/home/ubuntu/spas_ws/install/spas_control/share/spas_control/package.zsh'
[9.762s] Level 1:colcon.colcon_core.environment:create_file_with_runtime_dependencies(/home/ubuntu/spas_ws/install/spas_control/share/colcon-core/packages/spas_control)
[9.763s] DEBUG:colcon.colcon_parallel_executor.executor.parallel:closing loop
[9.764s] DEBUG:colcon.colcon_parallel_executor.executor.parallel:loop closed
[9.765s] DEBUG:colcon.colcon_parallel_executor.executor.parallel:run_until_complete finished with '0'
[9.765s] DEBUG:colcon.colcon_core.event_reactor:joining thread
[9.767s] DEBUG:colcon.colcon_core.event_reactor:joined thread
[9.768s] INFO:colcon.colcon_core.shell:Creating prefix script '/home/ubuntu/spas_ws/install/local_setup.ps1'
[9.772s] INFO:colcon.colcon_core.shell:Creating prefix util module '/home/ubuntu/spas_ws/install/_local_setup_util_ps1.py'
[9.779s] INFO:colcon.colcon_core.shell:Creating prefix chain script '/home/ubuntu/spas_ws/install/setup.ps1'
[9.785s] INFO:colcon.colcon_core.shell:Creating prefix script '/home/ubuntu/spas_ws/install/local_setup.sh'
[9.788s] INFO:colcon.colcon_core.shell:Creating prefix util module '/home/ubuntu/spas_ws/install/_local_setup_util_sh.py'
[9.791s] INFO:colcon.colcon_core.shell:Creating prefix chain script '/home/ubuntu/spas_ws/install/setup.sh'
[9.797s] INFO:colcon.colcon_core.shell:Creating prefix script '/home/ubuntu/spas_ws/install/local_setup.bash'
[9.800s] INFO:colcon.colcon_core.shell:Creating prefix chain script '/home/ubuntu/spas_ws/install/setup.bash'
[9.806s] INFO:colcon.colcon_core.shell:Creating prefix script '/home/ubuntu/spas_ws/install/local_setup.zsh'
[9.808s] INFO:colcon.colcon_core.shell:Creating prefix chain script '/home/ubuntu/spas_ws/install/setup.zsh'
