[8.063s] Invoking command in '/home/ubuntu/spas_ws/build/spas_planning': PYTHONPATH=/home/ubuntu/spas_ws/build/spas_planning/prefix_override:/usr/lib/python3/dist-packages/colcon_core/task/python/colcon_distutils_commands:/home/ubuntu/spas_ws/install/spas_planning/lib/python3.10/site-packages:${PYTHONPATH} /usr/bin/python3 -W ignore:setup.py install is deprecated -W ignore:easy_install command is deprecated setup.py develop --editable --build-directory /home/ubuntu/spas_ws/build/spas_planning/build --no-deps symlink_data
[9.715s] running develop
[10.883s] running egg_info
[10.885s] writing spas_planning.egg-info/PKG-INFO
[10.885s] writing dependency_links to spas_planning.egg-info/dependency_links.txt
[10.886s] writing entry points to spas_planning.egg-info/entry_points.txt
[10.888s] writing requirements to spas_planning.egg-info/requires.txt
[10.889s] writing top-level names to spas_planning.egg-info/top_level.txt
[10.898s] reading manifest file 'spas_planning.egg-info/SOURCES.txt'
[10.902s] writing manifest file 'spas_planning.egg-info/SOURCES.txt'
[10.913s] running build_ext
[10.917s] Creating /home/ubuntu/spas_ws/install/spas_planning/lib/python3.10/site-packages/spas-planning.egg-link (link to .)
[10.919s] Installing hybrid_A_star_node script to /home/ubuntu/spas_ws/install/spas_planning/lib/spas_planning
[10.921s] Installing parking_space_detector script to /home/ubuntu/spas_ws/install/spas_planning/lib/spas_planning
[10.928s] Installing safety_node script to /home/ubuntu/spas_ws/install/spas_planning/lib/spas_planning
[10.935s] Installing vehicle_control_node script to /home/ubuntu/spas_ws/install/spas_planning/lib/spas_planning
[10.940s] 
[10.944s] Installed /home/ubuntu/spas_ws/build/spas_planning
[10.949s] running symlink_data
[11.181s] Invoked command in '/home/ubuntu/spas_ws/build/spas_planning' returned '0': PYTHONPATH=/home/ubuntu/spas_ws/build/spas_planning/prefix_override:/usr/lib/python3/dist-packages/colcon_core/task/python/colcon_distutils_commands:/home/ubuntu/spas_ws/install/spas_planning/lib/python3.10/site-packages:${PYTHONPATH} /usr/bin/python3 -W ignore:setup.py install is deprecated -W ignore:easy_install command is deprecated setup.py develop --editable --build-directory /home/ubuntu/spas_ws/build/spas_planning/build --no-deps symlink_data
