[18.445s] Invoking command in '/home/ubuntu/spas_ws/build/spas_planning': PYTHONPATH=/home/ubuntu/spas_ws/build/spas_planning/prefix_override:/usr/lib/python3/dist-packages/colcon_core/task/python/colcon_distutils_commands:/home/ubuntu/spas_ws/install/spas_planning/lib/python3.10/site-packages:${PYTHONPATH} /usr/bin/python3 -W ignore:setup.py install is deprecated -W ignore:easy_install command is deprecated setup.py develop --editable --build-directory /home/ubuntu/spas_ws/build/spas_planning/build --no-deps symlink_data
[25.037s] running develop
[29.852s] running egg_info
[29.860s] writing spas_planning.egg-info/PKG-INFO
[29.868s] writing dependency_links to spas_planning.egg-info/dependency_links.txt
[29.877s] writing entry points to spas_planning.egg-info/entry_points.txt
[29.885s] writing requirements to spas_planning.egg-info/requires.txt
[29.895s] writing top-level names to spas_planning.egg-info/top_level.txt
[29.917s] reading manifest file 'spas_planning.egg-info/SOURCES.txt'
[29.957s] writing manifest file 'spas_planning.egg-info/SOURCES.txt'
[30.010s] running build_ext
[30.032s] Creating /home/ubuntu/spas_ws/install/spas_planning/lib/python3.10/site-packages/spas-planning.egg-link (link to .)
[30.073s] Installing hybrid_A_star_node script to /home/ubuntu/spas_ws/install/spas_planning/lib/spas_planning
[30.086s] Installing parking_space_detector script to /home/ubuntu/spas_ws/install/spas_planning/lib/spas_planning
[30.092s] Installing safety_node script to /home/ubuntu/spas_ws/install/spas_planning/lib/spas_planning
[30.111s] Installing vehicle_control_node script to /home/ubuntu/spas_ws/install/spas_planning/lib/spas_planning
[30.115s] 
[30.116s] Installed /home/ubuntu/spas_ws/build/spas_planning
[30.120s] running symlink_data
[30.487s] Invoked command in '/home/ubuntu/spas_ws/build/spas_planning' returned '0': PYTHONPATH=/home/ubuntu/spas_ws/build/spas_planning/prefix_override:/usr/lib/python3/dist-packages/colcon_core/task/python/colcon_distutils_commands:/home/ubuntu/spas_ws/install/spas_planning/lib/python3.10/site-packages:${PYTHONPATH} /usr/bin/python3 -W ignore:setup.py install is deprecated -W ignore:easy_install command is deprecated setup.py develop --editable --build-directory /home/ubuntu/spas_ws/build/spas_planning/build --no-deps symlink_data
