[18.930s] Invoking command in '/home/ubuntu/spas_ws/build/spas_planning': PYTHONPATH=/home/ubuntu/spas_ws/build/spas_planning/prefix_override:/usr/lib/python3/dist-packages/colcon_core/task/python/colcon_distutils_commands:/home/ubuntu/spas_ws/install/spas_planning/lib/python3.10/site-packages:${PYTHONPATH} /usr/bin/python3 -W ignore:setup.py install is deprecated -W ignore:easy_install command is deprecated setup.py develop --editable --build-directory /home/ubuntu/spas_ws/build/spas_planning/build --no-deps symlink_data
[23.043s] running develop
[27.200s] running egg_info
[27.206s] writing spas_planning.egg-info/PKG-INFO
[27.215s] writing dependency_links to spas_planning.egg-info/dependency_links.txt
[27.221s] writing entry points to spas_planning.egg-info/entry_points.txt
[27.228s] writing requirements to spas_planning.egg-info/requires.txt
[27.243s] writing top-level names to spas_planning.egg-info/top_level.txt
[27.262s] reading manifest file 'spas_planning.egg-info/SOURCES.txt'
[27.290s] writing manifest file 'spas_planning.egg-info/SOURCES.txt'
[27.296s] running build_ext
[27.304s] Creating /home/ubuntu/spas_ws/install/spas_planning/lib/python3.10/site-packages/spas-planning.egg-link (link to .)
[27.330s] Installing hybrid_A_star_node script to /home/ubuntu/spas_ws/install/spas_planning/lib/spas_planning
[27.368s] Installing parking_space_detector script to /home/ubuntu/spas_ws/install/spas_planning/lib/spas_planning
[27.370s] Installing safety_node script to /home/ubuntu/spas_ws/install/spas_planning/lib/spas_planning
[27.371s] Installing vehicle_control_node script to /home/ubuntu/spas_ws/install/spas_planning/lib/spas_planning
[27.390s] 
[27.391s] Installed /home/ubuntu/spas_ws/build/spas_planning
[27.392s] running symlink_data
[27.733s] Invoked command in '/home/ubuntu/spas_ws/build/spas_planning' returned '0': PYTHONPATH=/home/ubuntu/spas_ws/build/spas_planning/prefix_override:/usr/lib/python3/dist-packages/colcon_core/task/python/colcon_distutils_commands:/home/ubuntu/spas_ws/install/spas_planning/lib/python3.10/site-packages:${PYTHONPATH} /usr/bin/python3 -W ignore:setup.py install is deprecated -W ignore:easy_install command is deprecated setup.py develop --editable --build-directory /home/ubuntu/spas_ws/build/spas_planning/build --no-deps symlink_data
