[13.986s] Invoking command in '/home/ubuntu/spas_ws/build/spas_planning': PYTHONPATH=/home/ubuntu/spas_ws/build/spas_planning/prefix_override:/usr/lib/python3/dist-packages/colcon_core/task/python/colcon_distutils_commands:/home/ubuntu/spas_ws/install/spas_planning/lib/python3.10/site-packages:${PYTHONPATH} /usr/bin/python3 -W ignore:setup.py install is deprecated -W ignore:easy_install command is deprecated setup.py develop --editable --build-directory /home/ubuntu/spas_ws/build/spas_planning/build --no-deps symlink_data
[19.646s] running develop
[22.777s] running egg_info
[22.788s] writing spas_planning.egg-info/PKG-INFO
[22.792s] writing dependency_links to spas_planning.egg-info/dependency_links.txt
[22.796s] writing entry points to spas_planning.egg-info/entry_points.txt
[22.803s] writing requirements to spas_planning.egg-info/requires.txt
[22.804s] writing top-level names to spas_planning.egg-info/top_level.txt
[22.804s] reading manifest file 'spas_planning.egg-info/SOURCES.txt'
[22.805s] writing manifest file 'spas_planning.egg-info/SOURCES.txt'
[22.820s] running build_ext
[22.824s] Creating /home/ubuntu/spas_ws/install/spas_planning/lib/python3.10/site-packages/spas-planning.egg-link (link to .)
[22.849s] Installing hybrid_A_star_node script to /home/ubuntu/spas_ws/install/spas_planning/lib/spas_planning
[22.855s] Installing parking_space_detector script to /home/ubuntu/spas_ws/install/spas_planning/lib/spas_planning
[22.855s] Installing safety_node script to /home/ubuntu/spas_ws/install/spas_planning/lib/spas_planning
[22.857s] Installing vehicle_control_node script to /home/ubuntu/spas_ws/install/spas_planning/lib/spas_planning
[22.858s] 
[22.860s] Installed /home/ubuntu/spas_ws/build/spas_planning
[22.861s] running symlink_data
[23.161s] Invoked command in '/home/ubuntu/spas_ws/build/spas_planning' returned '0': PYTHONPATH=/home/ubuntu/spas_ws/build/spas_planning/prefix_override:/usr/lib/python3/dist-packages/colcon_core/task/python/colcon_distutils_commands:/home/ubuntu/spas_ws/install/spas_planning/lib/python3.10/site-packages:${PYTHONPATH} /usr/bin/python3 -W ignore:setup.py install is deprecated -W ignore:easy_install command is deprecated setup.py develop --editable --build-directory /home/ubuntu/spas_ws/build/spas_planning/build --no-deps symlink_data
